Archive member included to satisfy reference by file (symbol)

C:\devkitPro/libnx/lib\libnx.a(applet.o)
                              main.o (appletMainLoop)
C:\devkitPro/libnx/lib\libnx.a(hosversion.o)
                              C:\devkitPro/libnx/lib\libnx.a(applet.o) (hosversionGet)
C:\devkitPro/libnx/lib\libnx.a(env.o)
                              C:\devkitPro/libnx/lib\libnx.a(applet.o) (envIsNso)
C:\devkitPro/libnx/lib\libnx.a(pad.o)
                              main.o (padConfigureInput)
C:\devkitPro/libnx/lib\libnx.a(diag.o)
                              C:\devkitPro/libnx/lib\libnx.a(applet.o) (diagAbortWithResult)
C:\devkitPro/libnx/lib\libnx.a(console.o)
                              main.o (consoleInit)
C:\devkitPro/libnx/lib\libnx.a(console_sw.o)
                              C:\devkitPro/libnx/lib\libnx.a(console.o) (getDefaultConsoleRenderer)
C:\devkitPro/libnx/lib\libnx.a(svc.o)
                              C:\devkitPro/libnx/lib\libnx.a(applet.o) (svcExitProcess)
C:\devkitPro/libnx/lib\libnx.a(switch_crt0.o)
                              (_start)
C:\devkitPro/libnx/lib\libnx.a(default_font.bin.o)
                              C:\devkitPro/libnx/lib\libnx.a(console.o) (default_font_bin)
C:\devkitPro/libnx/lib\libnx.a(wait.o)
                              C:\devkitPro/libnx/lib\libnx.a(applet.o) (waitObjects)
C:\devkitPro/libnx/lib\libnx.a(tmem.o)
                              C:\devkitPro/libnx/lib\libnx.a(applet.o) (tmemCreate)
C:\devkitPro/libnx/lib\libnx.a(mutex.o)
                              C:\devkitPro/libnx/lib\libnx.a(applet.o) (mutexLock)
C:\devkitPro/libnx/lib\libnx.a(virtmem.o)
                              C:\devkitPro/libnx/lib\libnx.a(tmem.o) (virtmemLock)
C:\devkitPro/libnx/lib\libnx.a(event.o)
                              C:\devkitPro/libnx/lib\libnx.a(applet.o) (eventLoadRemote)
C:\devkitPro/libnx/lib\libnx.a(random.o)
                              C:\devkitPro/libnx/lib\libnx.a(virtmem.o) (randomGet64)
C:\devkitPro/libnx/lib\libnx.a(apm.o)
                              C:\devkitPro/libnx/lib\libnx.a(applet.o) (apmInitialize)
C:\devkitPro/libnx/lib\libnx.a(sm.o)
                              C:\devkitPro/libnx/lib\libnx.a(env.o) (smAddOverrideHandle)
C:\devkitPro/libnx/lib\libnx.a(hid.o)
                              C:\devkitPro/libnx/lib\libnx.a(pad.o) (hidGetNpadStyleSet)
C:\devkitPro/libnx/lib\libnx.a(framebuffer.o)
                              C:\devkitPro/libnx/lib\libnx.a(console_sw.o) (framebufferMakeLinear)
C:\devkitPro/libnx/lib\libnx.a(default_window.o)
                              C:\devkitPro/libnx/lib\libnx.a(console_sw.o) (nwindowGetDefault)
C:\devkitPro/libnx/lib\libnx.a(native_window.o)
                              C:\devkitPro/libnx/lib\libnx.a(framebuffer.o) (nwindowIsValid)
C:\devkitPro/libnx/lib\libnx.a(dynamic.o)
                              C:\devkitPro/libnx/lib\libnx.a(switch_crt0.o) (__nx_dynamic)
C:\devkitPro/libnx/lib\libnx.a(init.o)
                              C:\devkitPro/libnx/lib\libnx.a(switch_crt0.o) (__libnx_init)
C:\devkitPro/libnx/lib\libnx.a(alloc.o)
                              C:\devkitPro/libnx/lib\libnx.a(virtmem.o) (__libnx_alloc)
C:\devkitPro/libnx/lib\libnx.a(newlib.o)
                              C:\devkitPro/libnx/lib\libnx.a(init.o) (__libnx_init_time)
C:\devkitPro/libnx/lib\libnx.a(argv.o)
                              C:\devkitPro/libnx/lib\libnx.a(init.o) (argvSetup)
C:\devkitPro/libnx/lib\libnx.a(fs_dev.o)
                              C:\devkitPro/libnx/lib\libnx.a(init.o) (fsdevMountSdmc)
C:\devkitPro/libnx/lib\libnx.a(decode_utf8.o)
                              C:\devkitPro/libnx/lib\libnx.a(fs_dev.o) (decode_utf8)
C:\devkitPro/libnx/lib\libnx.a(cache.o)
                              C:\devkitPro/libnx/lib\libnx.a(framebuffer.o) (armDCacheFlush)
C:\devkitPro/libnx/lib\libnx.a(exception.o)
                              C:\devkitPro/libnx/lib\libnx.a(switch_crt0.o) (__libnx_exception_entry)
C:\devkitPro/libnx/lib\libnx.a(readtp.o)
                              C:\devkitPro/libnx/lib\libnx.a(fs_dev.o) (__aarch64_read_tp)
C:\devkitPro/libnx/lib\libnx.a(shmem.o)
                              C:\devkitPro/libnx/lib\libnx.a(hid.o) (shmemLoadRemote)
C:\devkitPro/libnx/lib\libnx.a(condvar.o)
                              C:\devkitPro/libnx/lib\libnx.a(newlib.o) (condvarWaitTimeout)
C:\devkitPro/libnx/lib\libnx.a(thread.o)
                              C:\devkitPro/libnx/lib\libnx.a(init.o) (__libnx_init_thread)
C:\devkitPro/libnx/lib\libnx.a(vi.o)
                              C:\devkitPro/libnx/lib\libnx.a(default_window.o) (viInitialize)
C:\devkitPro/libnx/lib\libnx.a(set.o)
                              C:\devkitPro/libnx/lib\libnx.a(init.o) (setsysInitialize)
C:\devkitPro/libnx/lib\libnx.a(fs.o)
                              C:\devkitPro/libnx/lib\libnx.a(init.o) (fsInitialize)
C:\devkitPro/libnx/lib\libnx.a(nv.o)
                              C:\devkitPro/libnx/lib\libnx.a(framebuffer.o) (nvInitialize)
[...]
Memory Configuration

Name             Origin             Length             Attributes
*default*        0x0000000000000000 0xffffffffffffffff

Linker script and memory map

                0x0000000000000000                PROVIDE (__start__ = 0x0)
                0x0000000000000000                . = __start__
                [!provide]                        PROVIDE (__code_start = .)

.text           0x0000000000000000    0x26e90
 *(.crt0)
 .crt0          0x0000000000000000      0x124 C:\devkitPro/libnx/lib\libnx.a(switch_crt0.o)
                0x0000000000000000                _start
                0x00000000000000e0                __nx_exit
                0x00000000000000f0                __nx_mod0
 *(.text.unlikely .text.*_unlikely .text.unlikely.*)
 *(.text.exit .text.exit.*)
 *fill*         0x0000000000000124        0xc 
 .text.exit     0x0000000000000130       0x34 C:/devkitPro/devkitA64/bin/../lib/gcc/aarch64-none-elf/13.2.0/../../../../aarch64-none-elf/lib/pic\libg.a(libc_a-exit.o)
                0x0000000000000130                exit
 *(.text.startup .text.startup.*)
 *fill*         0x0000000000000164        0xc 
 .text.startup.main
                0x0000000000000170       0x98 main.o
                0x0000000000000170                main
 *(.text.hot .text.hot.*)
 *(.text .stub .text.* .gnu.linkonce.t.*)
 *fill*         0x0000000000000208        0x8 
 .text.__do_global_dtors_aux
                0x0000000000000210       0x44 C:/devkitPro/devkitA64/bin/../lib/gcc/aarch64-none-elf/13.2.0/pic/crtbegin.o
 *fill*         0x0000000000000254        0xc 
 .text.frame_dummy
                0x0000000000000260       0x24 C:/devkitPro/devkitA64/bin/../lib/gcc/aarch64-none-elf/13.2.0/pic/crtbegin.o
 *fill*         0x0000000000000284        0xc 
 .text._appletInfiniteSleepLoop
                0x0000000000000290       0x24 C:\devkitPro/libnx/lib\libnx.a(applet.o)
 *fill*         0x00000000000002b4        0xc 
 .text._appletCmdGetSession
                0x00000000000002c0      0x108 C:\devkitPro/libnx/lib\libnx.a(applet.o)
 *fill*         0x00000000000003c8        0x8 
 .text._appletCmdInU8NoOut
                0x00000000000003d0       0xcc C:\devkitPro/libnx/lib\libnx.a(applet.o)
 *fill*         0x000000000000049c        0x4 
 .text._appletGetLaunchReason
                0x00000000000004a0      0x104 C:\devkitPro/libnx/lib\libnx.a(applet.o)
 *fill*         0x00000000000005a4        0xc 
 .text._appletSetFocusHandlingMode
                0x00000000000005b0       0xe4 C:\devkitPro/libnx/lib\libnx.a(applet.o)
 *fill*         0x0000000000000694        0xc 
 .text._appletCmdInU32NoOut
                0x00000000000006a0       0xcc C:\devkitPro/libnx/lib\libnx.a(applet.o)
 *fill*         0x000000000000076c        0x4 
 .text._appletGetSessionProxy.constprop.0
                0x0000000000000770      0x138 C:\devkitPro/libnx/lib\libnx.a(applet.o)
 *fill*         0x00000000000008a8        0x8 
 .text._appletOpenLibraryAppletProxy.constprop.0
                0x00000000000008b0      0x154 C:\devkitPro/libnx/lib\libnx.a(applet.o)
 *fill*         0x0000000000000a04        0xc 
 .text._appletCmdGetHandle.constprop.0.isra.0
                0x0000000000000a10       0xd0 C:\devkitPro/libnx/lib\libnx.a(applet.o)
 .text._appletCmdNoInOutU8.isra.0
                0x0000000000000ae0       0xd4 C:\devkitPro/libnx/lib\libnx.a(applet.o)
 *fill*         0x0000000000000bb4        0xc 
 .text._appletCmdNoInOutU32.isra.0
                0x0000000000000bc0       0xd4 C:\devkitPro/libnx/lib\libnx.a(applet.o)
 *fill*         0x0000000000000c94        0xc 
 .text._appletCmdNoInOutU64.isra.0
                0x0000000000000ca0       0xd4 C:\devkitPro/libnx/lib\libnx.a(applet.o)
 *fill*         0x0000000000000d74        0xc 
 .text._appletCmdNoIO.isra.0
                0x0000000000000d80       0xc0 C:\devkitPro/libnx/lib\libnx.a(applet.o)
 .text.appletGetAppletType
                0x0000000000000e40       0x10 C:\devkitPro/libnx/lib\libnx.a(applet.o)
                0x0000000000000e40                appletGetAppletType
 .text.appletSetFocusHandlingMode
                0x0000000000000e50      0x114 C:\devkitPro/libnx/lib\libnx.a(applet.o)
                0x0000000000000e50                appletSetFocusHandlingMode
 *fill*         0x0000000000000f64        0xc 
 .text.appletSetCpuBoostMode
                0x0000000000000f70       0x5c C:\devkitPro/libnx/lib\libnx.a(applet.o)
                0x0000000000000f70                appletSetCpuBoostMode
 *fill*         0x0000000000000fcc        0x4 
 .text.appletCreateManagedDisplayLayer
                0x0000000000000fd0       0x2c C:\devkitPro/libnx/lib\libnx.a(applet.o)
                0x0000000000000fd0                appletCreateManagedDisplayLayer
 *fill*         0x0000000000000ffc        0x4 
 .text.appletGetAppletResourceUserId
                0x0000000000001000        0xc C:\devkitPro/libnx/lib\libnx.a(applet.o)
                0x0000000000001000                appletGetAppletResourceUserId
 *fill*         0x000000000000100c        0x4 
 .text._appletGetIndirectLayerConsumerHandle
                0x0000000000001010       0xf4 C:\devkitPro/libnx/lib\libnx.a(applet.o)
 *fill*         0x0000000000001104        0xc 
 .text._appletHolderCreateState
                0x0000000000001110       0x88 C:\devkitPro/libnx/lib\libnx.a(applet.o)
 *fill*         0x0000000000001198        0x8 
 .text.appletHolderClose
                0x00000000000011a0       0xac C:\devkitPro/libnx/lib\libnx.a(applet.o)
                0x00000000000011a0                appletHolderClose
 *fill*         0x000000000000124c        0x4 
 .text.appletHolderGetLibraryAppletInfo
                0x0000000000001250       0x24 C:\devkitPro/libnx/lib\libnx.a(applet.o)
                0x0000000000001250                appletHolderGetLibraryAppletInfo
 *fill*         0x0000000000001274        0xc 
 .text.appletNotifyRunning
                0x0000000000001280       0x90 C:\devkitPro/libnx/lib\libnx.a(applet.o)
                0x0000000000001280                appletNotifyRunning
 .text.appletSetGamePlayRecordingState
                0x0000000000001310       0x8c C:\devkitPro/libnx/lib\libnx.a(applet.o)
                0x0000000000001310                appletSetGamePlayRecordingState
 *fill*         0x000000000000139c        0x4 
 .text._appletCleanup
                0x00000000000013a0      0xad4 C:\devkitPro/libnx/lib\libnx.a(applet.o)
 *fill*         0x0000000000001e74        0xc 
 .text.appletExit
                0x0000000000001e80       0x44 C:\devkitPro/libnx/lib\libnx.a(applet.o)
                0x0000000000001e80                appletExit
 *fill*         0x0000000000001ec4        0xc 
 .text.appletGetLibraryAppletInfo
                0x0000000000001ed0       0x40 C:\devkitPro/libnx/lib\libnx.a(applet.o)
                0x0000000000001ed0                appletGetLibraryAppletInfo
 .text.appletInitialize
                0x0000000000001f10      0xa94 C:\devkitPro/libnx/lib\libnx.a(applet.o)
                0x0000000000001f10                appletInitialize
 *fill*         0x00000000000029a4        0xc 
 .text._appletExitProcess
                0x00000000000029b0       0x24 C:\devkitPro/libnx/lib\libnx.a(applet.o)
 *fill*         0x00000000000029d4        0xc 
 .text.appletGetMessage
                0x00000000000029e0       0x74 C:\devkitPro/libnx/lib\libnx.a(applet.o)
                0x00000000000029e0                appletGetMessage
 *fill*         0x0000000000002a54        0xc 
 .text.appletProcessMessage
                0x0000000000002a60      0x28c C:\devkitPro/libnx/lib\libnx.a(applet.o)
                0x0000000000002a60                appletProcessMessage
 *fill*         0x0000000000002cec        0x4 
 .text.appletMainLoop
                0x0000000000002cf0       0x34 C:\devkitPro/libnx/lib\libnx.a(applet.o)
                0x0000000000002cf0                appletMainLoop
 *fill*         0x0000000000002d24        0xc 
 .text.hosversionGet
                0x0000000000002d30       0x14 C:\devkitPro/libnx/lib\libnx.a(hosversion.o)
                0x0000000000002d30                hosversionGet
 *fill*         0x0000000000002d44        0xc 
 .text.hosversionSet
                0x0000000000002d50       0x10 C:\devkitPro/libnx/lib\libnx.a(hosversion.o)
                0x0000000000002d50                hosversionSet
 .text.envSetup
                0x0000000000002d60      0x208 C:\devkitPro/libnx/lib\libnx.a(env.o)
                0x0000000000002d60                envSetup
 *fill*         0x0000000000002f68        0x8 
 .text.envGetMainThreadHandle
                0x0000000000002f70       0x20 C:\devkitPro/libnx/lib\libnx.a(env.o)
                0x0000000000002f70                envGetMainThreadHandle
 .text.envIsNso
                0x0000000000002f90        0xc C:\devkitPro/libnx/lib\libnx.a(env.o)
                0x0000000000002f90                envIsNso
 *fill*         0x0000000000002f9c        0x4 
 .text.envHasHeapOverride
                0x0000000000002fa0       0x14 C:\devkitPro/libnx/lib\libnx.a(env.o)
                0x0000000000002fa0                envHasHeapOverride
 *fill*         0x0000000000002fb4        0xc 
 .text.envGetHeapOverrideAddr
                0x0000000000002fc0        0xc C:\devkitPro/libnx/lib\libnx.a(env.o)
                0x0000000000002fc0                envGetHeapOverrideAddr
 *fill*         0x0000000000002fcc        0x4 
 .text.envGetHeapOverrideSize
                0x0000000000002fd0        0xc C:\devkitPro/libnx/lib\libnx.a(env.o)
                0x0000000000002fd0                envGetHeapOverrideSize
 *fill*         0x0000000000002fdc        0x4 
 .text.envHasArgv
                0x0000000000002fe0       0x14 C:\devkitPro/libnx/lib\libnx.a(env.o)
                0x0000000000002fe0                envHasArgv
 *fill*         0x0000000000002ff4        0xc 
 .text.envGetArgv
                0x0000000000003000        0xc C:\devkitPro/libnx/lib\libnx.a(env.o)
                0x0000000000003000                envGetArgv
 *fill*         0x000000000000300c        0x4 
 .text.envGetExitFuncPtr
                0x0000000000003010        0xc C:\devkitPro/libnx/lib\libnx.a(env.o)
                0x0000000000003010                envGetExitFuncPtr
 *fill*         0x000000000000301c        0x4 
 .text.envSetExitFuncPtr
                0x0000000000003020        0xc C:\devkitPro/libnx/lib\libnx.a(env.o)
                0x0000000000003020                envSetExitFuncPtr
 *fill*         0x000000000000302c        0x4 
 .text.envHasRandomSeed
                0x0000000000003030        0xc C:\devkitPro/libnx/lib\libnx.a(env.o)
                0x0000000000003030                envHasRandomSeed
 *fill*         0x000000000000303c        0x4 
 .text.envGetRandomSeed
                0x0000000000003040       0x10 C:\devkitPro/libnx/lib\libnx.a(env.o)
                0x0000000000003040                envGetRandomSeed
 .text._padUpdateWithCommonState
                0x0000000000003050       0x5c C:\devkitPro/libnx/lib\libnx.a(pad.o)
 *fill*         0x00000000000030ac        0x4 
 .text.padConfigureInput
                0x00000000000030b0       0x9c C:\devkitPro/libnx/lib\libnx.a(pad.o)
                0x00000000000030b0                padConfigureInput
 *fill*         0x000000000000314c        0x4 
 .text.padInitializeWithMask
                0x0000000000003150       0x24 C:\devkitPro/libnx/lib\libnx.a(pad.o)
                0x0000000000003150                padInitializeWithMask
 *fill*         0x0000000000003174        0xc 
 .text.padUpdate
                0x0000000000003180      0x240 C:\devkitPro/libnx/lib\libnx.a(pad.o)
                0x0000000000003180                padUpdate
 .text.diagAbortWithResult
                0x00000000000033c0       0x1c C:\devkitPro/libnx/lib\libnx.a(diag.o)
                0x00000000000033c0                diagAbortWithResult
 *fill*         0x00000000000033dc        0x4 
 .text.consoleDrawChar
                0x00000000000033e0       0x48 C:\devkitPro/libnx/lib\libnx.a(console.o)
 *fill*         0x0000000000003428        0x8 
 .text.parseColor
                0x0000000000003430      0x20c C:\devkitPro/libnx/lib\libnx.a(console.o)
 *fill*         0x000000000000363c        0x4 
 .text.consoleNewRow
                0x0000000000003640       0xb0 C:\devkitPro/libnx/lib\libnx.a(console.o)
 .text.con_write
                0x00000000000036f0      0xc98 C:\devkitPro/libnx/lib\libnx.a(console.o)
 *fill*         0x0000000000004388        0x8 
 .text.consoleInit
                0x0000000000004390      0x154 C:\devkitPro/libnx/lib\libnx.a(console.o)
                0x0000000000004390                consoleInit
 *fill*         0x00000000000044e4        0xc 
 .text.consoleExit
                0x00000000000044f0       0x48 C:\devkitPro/libnx/lib\libnx.a(console.o)
                0x00000000000044f0                consoleExit
 *fill*         0x0000000000004538        0x8 
 .text.consoleUpdate
                0x0000000000004540       0x2c C:\devkitPro/libnx/lib\libnx.a(console.o)
                0x0000000000004540                consoleUpdate
 *fill*         0x000000000000456c        0x4 
 .text.ConsoleSwRenderer_drawChar
                0x0000000000004570      0x1c8 C:\devkitPro/libnx/lib\libnx.a(console_sw.o)
 *fill*         0x0000000000004738        0x8 
 .text.ConsoleSwRenderer_init
                0x0000000000004740       0xf8 C:\devkitPro/libnx/lib\libnx.a(console_sw.o)
 *fill*         0x0000000000004838        0x8 
 .text.ConsoleSwRenderer_flushAndSwap
                0x0000000000004840       0x70 C:\devkitPro/libnx/lib\libnx.a(console_sw.o)
 .text.ConsoleSwRenderer_scrollWindow
                0x00000000000048b0       0xd0 C:\devkitPro/libnx/lib\libnx.a(console_sw.o)
 .text.ConsoleSwRenderer_deinit
                0x0000000000004980       0x4c C:\devkitPro/libnx/lib\libnx.a(console_sw.o)
 *fill*         0x00000000000049cc        0x4 
 .text.getDefaultConsoleRenderer
                0x00000000000049d0        0xc C:\devkitPro/libnx/lib\libnx.a(console_sw.o)
                0x00000000000049d0                getDefaultConsoleRenderer
 .text.svcSetHeapSize
                0x00000000000049dc       0x14 C:\devkitPro/libnx/lib\libnx.a(svc.o)
                0x00000000000049dc                svcSetHeapSize
 .text.svcSetMemoryPermission
                0x00000000000049f0        0x8 C:\devkitPro/libnx/lib\libnx.a(svc.o)
                0x00000000000049f0                svcSetMemoryPermission
 .text.svcSetMemoryAttribute
                0x00000000000049f8        0x8 C:\devkitPro/libnx/lib\libnx.a(svc.o)
                0x00000000000049f8                svcSetMemoryAttribute
 .text.svcUnmapMemory
                0x0000000000004a00        0x8 C:\devkitPro/libnx/lib\libnx.a(svc.o)
                0x0000000000004a00                svcUnmapMemory
 .text.svcQueryMemory
                0x0000000000004a08       0x14 C:\devkitPro/libnx/lib\libnx.a(svc.o)
                0x0000000000004a08                svcQueryMemory
 .text.svcExitProcess
                0x0000000000004a1c        0x8 C:\devkitPro/libnx/lib\libnx.a(svc.o)
                0x0000000000004a1c                svcExitProcess
 .text.svcSleepThread
                0x0000000000004a24        0x8 C:\devkitPro/libnx/lib\libnx.a(svc.o)
                0x0000000000004a24                svcSleepThread
 .text.svcMapSharedMemory
                0x0000000000004a2c        0x8 C:\devkitPro/libnx/lib\libnx.a(svc.o)
                0x0000000000004a2c                svcMapSharedMemory
 .text.svcUnmapSharedMemory
                0x0000000000004a34        0x8 C:\devkitPro/libnx/lib\libnx.a(svc.o)
                0x0000000000004a34                svcUnmapSharedMemory
 .text.svcCreateTransferMemory
                0x0000000000004a3c       0x14 C:\devkitPro/libnx/lib\libnx.a(svc.o)
                0x0000000000004a3c                svcCreateTransferMemory
 .text.svcCloseHandle
                0x0000000000004a50        0x8 C:\devkitPro/libnx/lib\libnx.a(svc.o)
                0x0000000000004a50                svcCloseHandle
 .text.svcResetSignal
                0x0000000000004a58        0x8 C:\devkitPro/libnx/lib\libnx.a(svc.o)
                0x0000000000004a58                svcResetSignal
 .text.svcWaitSynchronization
                0x0000000000004a60       0x14 C:\devkitPro/libnx/lib\libnx.a(svc.o)
                0x0000000000004a60                svcWaitSynchronization
 .text.svcArbitrateLock
                0x0000000000004a74        0x8 C:\devkitPro/libnx/lib\libnx.a(svc.o)
                0x0000000000004a74                svcArbitrateLock
 .text.svcArbitrateUnlock
                0x0000000000004a7c        0x8 C:\devkitPro/libnx/lib\libnx.a(svc.o)
                0x0000000000004a7c                svcArbitrateUnlock
 .text.svcWaitProcessWideKeyAtomic
                0x0000000000004a84        0x8 C:\devkitPro/libnx/lib\libnx.a(svc.o)
                0x0000000000004a84                svcWaitProcessWideKeyAtomic
 .text.svcSignalProcessWideKey
                0x0000000000004a8c        0x8 C:\devkitPro/libnx/lib\libnx.a(svc.o)
                0x0000000000004a8c                svcSignalProcessWideKey
 .text.svcConnectToNamedPort
                0x0000000000004a94       0x14 C:\devkitPro/libnx/lib\libnx.a(svc.o)
                0x0000000000004a94                svcConnectToNamedPort
 .text.svcSendSyncRequest
                0x0000000000004aa8        0x8 C:\devkitPro/libnx/lib\libnx.a(svc.o)
                0x0000000000004aa8                svcSendSyncRequest
 .text.svcBreak
                0x0000000000004ab0        0x8 C:\devkitPro/libnx/lib\libnx.a(svc.o)
                0x0000000000004ab0                svcBreak
 .text.svcReturnFromException
                0x0000000000004ab8        0x8 C:\devkitPro/libnx/lib\libnx.a(svc.o)
                0x0000000000004ab8                svcReturnFromException
 .text.svcGetInfo
                0x0000000000004ac0       0x14 C:\devkitPro/libnx/lib\libnx.a(svc.o)
                0x0000000000004ac0                svcGetInfo
 .text.svcUnmapTransferMemory
                0x0000000000004ad4        0x8 C:\devkitPro/libnx/lib\libnx.a(svc.o)
                0x0000000000004ad4                svcUnmapTransferMemory
 *fill*         0x0000000000004adc        0x4 
 .text.waitObjects
                0x0000000000004ae0      0x524 C:\devkitPro/libnx/lib\libnx.a(wait.o)
                0x0000000000004ae0                waitObjects
 *fill*         0x0000000000005004        0xc 
 .text.tmemCreate
                0x0000000000005010       0xa8 C:\devkitPro/libnx/lib\libnx.a(tmem.o)
                0x0000000000005010                tmemCreate
 *fill*         0x00000000000050b8        0x8 
 .text.tmemUnmap
                0x00000000000050c0       0x34 C:\devkitPro/libnx/lib\libnx.a(tmem.o)
                0x00000000000050c0                tmemUnmap
 *fill*         0x00000000000050f4        0xc 
 .text.tmemCloseHandle
                0x0000000000005100       0x38 C:\devkitPro/libnx/lib\libnx.a(tmem.o)
                0x0000000000005100                tmemCloseHandle
 *fill*         0x0000000000005138        0x8 
 .text.tmemWaitForPermission
                0x0000000000005140       0xf0 C:\devkitPro/libnx/lib\libnx.a(tmem.o)
                0x0000000000005140                tmemWaitForPermission
 .text.tmemClose
                0x0000000000005230       0x54 C:\devkitPro/libnx/lib\libnx.a(tmem.o)
                0x0000000000005230                tmemClose
 *fill*         0x0000000000005284        0xc 
 .text.mutexLock
                0x0000000000005290       0x80 C:\devkitPro/libnx/lib\libnx.a(mutex.o)
                0x0000000000005290                mutexLock
 .text.mutexUnlock
                0x0000000000005310       0x68 C:\devkitPro/libnx/lib\libnx.a(mutex.o)
                0x0000000000005310                mutexUnlock
 *fill*         0x0000000000005378        0x8 
 .text.mutexIsLockedByCurrentThread
                0x0000000000005380       0x1c C:\devkitPro/libnx/lib\libnx.a(mutex.o)
                0x0000000000005380                mutexIsLockedByCurrentThread
 *fill*         0x000000000000539c        0x4 
 .text.rmutexLock
                0x00000000000053a0       0x4c C:\devkitPro/libnx/lib\libnx.a(mutex.o)
                0x00000000000053a0                rmutexLock
 *fill*         0x00000000000053ec        0x4 
 .text.rmutexUnlock
                0x00000000000053f0       0x1c C:\devkitPro/libnx/lib\libnx.a(mutex.o)
                0x00000000000053f0                rmutexUnlock
 *fill*         0x000000000000540c        0x4 
 .text._memregionInitWithInfo
                0x0000000000005410       0x64 C:\devkitPro/libnx/lib\libnx.a(virtmem.o)
 *fill*         0x0000000000005474        0xc 
 .text.__libnx_virtmem_rng
                0x0000000000005480        0x4 C:\devkitPro/libnx/lib\libnx.a(virtmem.o)
                0x0000000000005480                __libnx_virtmem_rng
 *fill*         0x0000000000005484        0xc 
 .text._memregionFindRandom
                0x0000000000005490      0x16c C:\devkitPro/libnx/lib\libnx.a(virtmem.o)
 *fill*         0x00000000000055fc        0x4 
 .text.virtmemSetup
                0x0000000000005600      0x120 C:\devkitPro/libnx/lib\libnx.a(virtmem.o)
                0x0000000000005600                virtmemSetup
 .text.virtmemLock
                0x0000000000005720        0xc C:\devkitPro/libnx/lib\libnx.a(virtmem.o)
                0x0000000000005720                virtmemLock
 *fill*         0x000000000000572c        0x4 
 .text.virtmemUnlock
                0x0000000000005730        0xc C:\devkitPro/libnx/lib\libnx.a(virtmem.o)
                0x0000000000005730                virtmemUnlock
 *fill*         0x000000000000573c        0x4 
 .text.virtmemFindAslr
                0x0000000000005740       0x50 C:\devkitPro/libnx/lib\libnx.a(virtmem.o)
                0x0000000000005740                virtmemFindAslr
 .text.eventLoadRemote
                0x0000000000005790        0xc C:\devkitPro/libnx/lib\libnx.a(event.o)
                0x0000000000005790                eventLoadRemote
 *fill*         0x000000000000579c        0x4 
 .text.eventWait
                0x00000000000057a0       0x38 C:\devkitPro/libnx/lib\libnx.a(event.o)
                0x00000000000057a0                eventWait
 *fill*         0x00000000000057d8        0x8 
 .text.eventClose
                0x00000000000057e0       0x50 C:\devkitPro/libnx/lib\libnx.a(event.o)
                0x00000000000057e0                eventClose
 .text.randomGet
                0x0000000000005830      0x3d4 C:\devkitPro/libnx/lib\libnx.a(random.o)
                0x0000000000005830                randomGet
 *fill*         0x0000000000005c04        0xc 
 .text.randomGet64
                0x0000000000005c10       0x20 C:\devkitPro/libnx/lib\libnx.a(random.o)
                0x0000000000005c10                randomGet64
 .text._apmCleanup
                0x0000000000005c30       0xc0 C:\devkitPro/libnx/lib\libnx.a(apm.o)
 .text._apmCmdGetSession.constprop.0
                0x0000000000005cf0       0xfc C:\devkitPro/libnx/lib\libnx.a(apm.o)
 *fill*         0x0000000000005dec        0x4 
 .text.apmInitialize
                0x0000000000005df0       0xa0 C:\devkitPro/libnx/lib\libnx.a(apm.o)
                0x0000000000005df0                apmInitialize
 .text.apmExit  0x0000000000005e90       0x44 C:\devkitPro/libnx/lib\libnx.a(apm.o)
                0x0000000000005e90                apmExit
 *fill*         0x0000000000005ed4        0xc 
 .text.apmSetPerformanceConfiguration
                0x0000000000005ee0       0xc8 C:\devkitPro/libnx/lib\libnx.a(apm.o)
                0x0000000000005ee0                apmSetPerformanceConfiguration
 *fill*         0x0000000000005fa8        0x8 
 .text._smCmifCmdInPid
                0x0000000000005fb0       0xd0 C:\devkitPro/libnx/lib\libnx.a(sm.o)
 .text._smCleanup
                0x0000000000006080       0x68 C:\devkitPro/libnx/lib\libnx.a(sm.o)
 *fill*         0x00000000000060e8        0x8 
 .text.smAddOverrideHandle
                0x00000000000060f0       0x48 C:\devkitPro/libnx/lib\libnx.a(sm.o)
                0x00000000000060f0                smAddOverrideHandle
 *fill*         0x0000000000006138        0x8 
 .text.smGetServiceOverride
                0x0000000000006140       0x54 C:\devkitPro/libnx/lib\libnx.a(sm.o)
                0x0000000000006140                smGetServiceOverride
 *fill*         0x0000000000006194        0xc 
 .text.smInitialize
                0x00000000000061a0      0x1c0 C:\devkitPro/libnx/lib\libnx.a(sm.o)
                0x00000000000061a0                smInitialize
 .text.smExit   0x0000000000006360       0x44 C:\devkitPro/libnx/lib\libnx.a(sm.o)
                0x0000000000006360                smExit
 *fill*         0x00000000000063a4        0xc 
 .text.smGetServiceOriginal
                0x00000000000063b0       0xd0 C:\devkitPro/libnx/lib\libnx.a(sm.o)
                0x00000000000063b0                smGetServiceOriginal
 .text.smGetServiceWrapper
                0x0000000000006480      0x120 C:\devkitPro/libnx/lib\libnx.a(sm.o)
                0x0000000000006480                smGetServiceWrapper
 .text._hidCleanup
                0x00000000000065a0      0x108 C:\devkitPro/libnx/lib\libnx.a(hid.o)
 *fill*         0x00000000000066a8        0x8 
 .text._hidCmdInAruidNoOut
                0x00000000000066b0       0xd8 C:\devkitPro/libnx/lib\libnx.a(hid.o)
 *fill*         0x0000000000006788        0x8 
 .text._hidCmdInU32AruidNoOut
                0x0000000000006790       0xe4 C:\devkitPro/libnx/lib\libnx.a(hid.o)
 *fill*         0x0000000000006874        0xc 
 .text._hidGetStates
                0x0000000000006880      0x1a8 C:\devkitPro/libnx/lib\libnx.a(hid.o)
 *fill*         0x0000000000006a28        0x8 
 .text._hidCreateAppletResource.constprop.0
                0x0000000000006a30      0x114 C:\devkitPro/libnx/lib\libnx.a(hid.o)
 *fill*         0x0000000000006b44        0xc 
 .text._hidCmdGetHandle.constprop.0
                0x0000000000006b50       0xc8 C:\devkitPro/libnx/lib\libnx.a(hid.o)
 *fill*         0x0000000000006c18        0x8 
 .text.hidInitialize
                0x0000000000006c20       0xdc C:\devkitPro/libnx/lib\libnx.a(hid.o)
                0x0000000000006c20                hidInitialize
 *fill*         0x0000000000006cfc        0x4 
 .text.hidExit  0x0000000000006d00       0x44 C:\devkitPro/libnx/lib\libnx.a(hid.o)
                0x0000000000006d00                hidExit
 *fill*         0x0000000000006d44        0xc 
 .text.hidGetSharedmemAddr
                0x0000000000006d50        0xc C:\devkitPro/libnx/lib\libnx.a(hid.o)
                0x0000000000006d50                hidGetSharedmemAddr
 *fill*         0x0000000000006d5c        0x4 
 .text.hidGetNpadStyleSet
                0x0000000000006d60       0x94 C:\devkitPro/libnx/lib\libnx.a(hid.o)
                0x0000000000006d60                hidGetNpadStyleSet
 *fill*         0x0000000000006df4        0xc 
 .text.hidInitializeNpad
                0x0000000000006e00       0x6c C:\devkitPro/libnx/lib\libnx.a(hid.o)
                0x0000000000006e00                hidInitializeNpad
 *fill*         0x0000000000006e6c        0x4 
 .text.hidGetNpadStatesFullKey
                0x0000000000006e70       0xac C:\devkitPro/libnx/lib\libnx.a(hid.o)
                0x0000000000006e70                hidGetNpadStatesFullKey
 *fill*         0x0000000000006f1c        0x4 
 .text.hidGetNpadStatesHandheld
                0x0000000000006f20       0xac C:\devkitPro/libnx/lib\libnx.a(hid.o)
                0x0000000000006f20                hidGetNpadStatesHandheld
 *fill*         0x0000000000006fcc        0x4 
 .text.hidGetNpadStatesJoyDual
                0x0000000000006fd0       0xac C:\devkitPro/libnx/lib\libnx.a(hid.o)
                0x0000000000006fd0                hidGetNpadStatesJoyDual
 *fill*         0x000000000000707c        0x4 
 .text.hidGetNpadStatesJoyLeft
                0x0000000000007080       0xac C:\devkitPro/libnx/lib\libnx.a(hid.o)
                0x0000000000007080                hidGetNpadStatesJoyLeft
 *fill*         0x000000000000712c        0x4 
 .text.hidGetNpadStatesJoyRight
                0x0000000000007130       0xac C:\devkitPro/libnx/lib\libnx.a(hid.o)
                0x0000000000007130                hidGetNpadStatesJoyRight
 *fill*         0x00000000000071dc        0x4 
 .text.hidGetNpadStatesGc
                0x00000000000071e0      0x164 C:\devkitPro/libnx/lib\libnx.a(hid.o)
                0x00000000000071e0                hidGetNpadStatesGc
 *fill*         0x0000000000007344        0xc 
 .text.hidGetNpadStatesSystemExt
                0x0000000000007350       0xb0 C:\devkitPro/libnx/lib\libnx.a(hid.o)
                0x0000000000007350                hidGetNpadStatesSystemExt
 .text.hidSetSupportedNpadStyleSet
                0x0000000000007400        0x8 C:\devkitPro/libnx/lib\libnx.a(hid.o)
                0x0000000000007400                hidSetSupportedNpadStyleSet
 *fill*         0x0000000000007408        0x8 
 .text.hidSetSupportedNpadIdType
                0x0000000000007410      0x100 C:\devkitPro/libnx/lib\libnx.a(hid.o)
                0x0000000000007410                hidSetSupportedNpadIdType
 .text.framebufferMakeLinear
                0x0000000000007510       0x8c C:\devkitPro/libnx/lib\libnx.a(framebuffer.o)
                0x0000000000007510                framebufferMakeLinear
 *fill*         0x000000000000759c        0x4 
 .text.framebufferClose
                0x00000000000075a0       0x80 C:\devkitPro/libnx/lib\libnx.a(framebuffer.o)
                0x00000000000075a0                framebufferClose
 .text.framebufferCreate
                0x0000000000007620      0x2b0 C:\devkitPro/libnx/lib\libnx.a(framebuffer.o)
                0x0000000000007620                framebufferCreate
 .text.framebufferBegin
                0x00000000000078d0       0x88 C:\devkitPro/libnx/lib\libnx.a(framebuffer.o)
                0x00000000000078d0                framebufferBegin
 *fill*         0x0000000000007958        0x8 
 .text.framebufferEnd
                0x0000000000007960      0x18c C:\devkitPro/libnx/lib\libnx.a(framebuffer.o)
                0x0000000000007960                framebufferEnd
 *fill*         0x0000000000007aec        0x4 
 .text.nwindowGetDefault
                0x0000000000007af0        0xc C:\devkitPro/libnx/lib\libnx.a(default_window.o)
                0x0000000000007af0                nwindowGetDefault
 *fill*         0x0000000000007afc        0x4 
 .text.__nx_win_init
                0x0000000000007b00       0xb0 C:\devkitPro/libnx/lib\libnx.a(default_window.o)
                0x0000000000007b00                __nx_win_init
 .text.__nx_win_exit
                0x0000000000007bb0       0x34 C:\devkitPro/libnx/lib\libnx.a(default_window.o)
                0x0000000000007bb0                __nx_win_exit
 *fill*         0x0000000000007be4        0xc 
 .text.nwindowIsValid
                0x0000000000007bf0       0x24 C:\devkitPro/libnx/lib\libnx.a(native_window.o)
                0x0000000000007bf0                nwindowIsValid
 *fill*         0x0000000000007c14        0xc 
 .text.nwindowClose
                0x0000000000007c20       0x7c C:\devkitPro/libnx/lib\libnx.a(native_window.o)
                0x0000000000007c20                nwindowClose
 *fill*         0x0000000000007c9c        0x4 
 .text.nwindowCreate
                0x0000000000007ca0       0xf4 C:\devkitPro/libnx/lib\libnx.a(native_window.o)
                0x0000000000007ca0                nwindowCreate
 *fill*         0x0000000000007d94        0xc 
 .text.nwindowCreateFromLayer
                0x0000000000007da0       0x34 C:\devkitPro/libnx/lib\libnx.a(native_window.o)
                0x0000000000007da0                nwindowCreateFromLayer
 *fill*         0x0000000000007dd4        0xc 
 .text.nwindowSetDimensions
                0x0000000000007de0       0x84 C:\devkitPro/libnx/lib\libnx.a(native_window.o)
                0x0000000000007de0                nwindowSetDimensions
 *fill*         0x0000000000007e64        0xc 
 .text.nwindowConfigureBuffer
                0x0000000000007e70      0x18c C:\devkitPro/libnx/lib\libnx.a(native_window.o)
                0x0000000000007e70                nwindowConfigureBuffer
 *fill*         0x0000000000007ffc        0x4 
 .text.nwindowDequeueBuffer
                0x0000000000008000      0x1e0 C:\devkitPro/libnx/lib\libnx.a(native_window.o)
                0x0000000000008000                nwindowDequeueBuffer
 .text.nwindowQueueBuffer
                0x00000000000081e0      0x13c C:\devkitPro/libnx/lib\libnx.a(native_window.o)
                0x00000000000081e0                nwindowQueueBuffer
 *fill*         0x000000000000831c        0x4 
 .text.nwindowReleaseBuffers
                0x0000000000008320       0x94 C:\devkitPro/libnx/lib\libnx.a(native_window.o)
                0x0000000000008320                nwindowReleaseBuffers
 *fill*         0x00000000000083b4        0xc 
 .text.__nx_dynamic
                0x00000000000083c0      0x154 C:\devkitPro/libnx/lib\libnx.a(dynamic.o)
                0x00000000000083c0                __nx_dynamic
 *fill*         0x0000000000008514        0xc 
 .text.__libnx_initheap
                0x0000000000008520       0xd4 C:\devkitPro/libnx/lib\libnx.a(init.o)
                0x0000000000008520                __libnx_initheap
 *fill*         0x00000000000085f4        0xc 
 .text.__appInit
                0x0000000000008600       0xec C:\devkitPro/libnx/lib\libnx.a(init.o)
                0x0000000000008600                __appInit
 *fill*         0x00000000000086ec        0x4 
 .text.__appExit
                0x00000000000086f0       0x44 C:\devkitPro/libnx/lib\libnx.a(init.o)
                0x00000000000086f0                __appExit
 *fill*         0x0000000000008734        0xc 
 .text.__libnx_init
                0x0000000000008740       0x2c C:\devkitPro/libnx/lib\libnx.a(init.o)
                0x0000000000008740                __libnx_init
 *fill*         0x000000000000876c        0x4 
 .text.__libnx_exit
                0x0000000000008770       0x20 C:\devkitPro/libnx/lib\libnx.a(init.o)
                0x0000000000008770                __libnx_exit
 .text.__libnx_alloc
                0x0000000000008790        0x4 C:\devkitPro/libnx/lib\libnx.a(alloc.o)
                0x0000000000008790                __libnx_alloc
 *fill*         0x0000000000008794        0xc 
 .text.__libnx_aligned_alloc
                0x00000000000087a0       0x14 C:\devkitPro/libnx/lib\libnx.a(alloc.o)
                0x00000000000087a0                __libnx_aligned_alloc
 *fill*         0x00000000000087b4        0xc 
 .text.__libnx_free
                0x00000000000087c0        0x4 C:\devkitPro/libnx/lib\libnx.a(alloc.o)
                0x00000000000087c0                __libnx_free
 *fill*         0x00000000000087c4        0xc 
 .text.__syscall_exit
                0x00000000000087d0       0x1c C:\devkitPro/libnx/lib\libnx.a(newlib.o)
                0x00000000000087d0                __syscall_exit
 *fill*         0x00000000000087ec        0x4 
 .text.__syscall_getreent
                0x00000000000087f0       0x34 C:\devkitPro/libnx/lib\libnx.a(newlib.o)
                0x00000000000087f0                __syscall_getreent
 *fill*         0x0000000000008824        0xc 
 .text.__syscall_lock_acquire
                0x0000000000008830        0x4 C:\devkitPro/libnx/lib\libnx.a(newlib.o)
                0x0000000000008830                __syscall_lock_acquire
 *fill*         0x0000000000008834        0xc 
 .text.__syscall_lock_release
                0x0000000000008840        0x4 C:\devkitPro/libnx/lib\libnx.a(newlib.o)
                0x0000000000008840                __syscall_lock_release
 *fill*         0x0000000000008844        0xc 
 .text.__syscall_lock_acquire_recursive
                0x0000000000008850        0x4 C:\devkitPro/libnx/lib\libnx.a(newlib.o)
                0x0000000000008850                __syscall_lock_acquire_recursive
 *fill*         0x0000000000008854        0xc 
 .text.__syscall_lock_release_recursive
                0x0000000000008860        0x4 C:\devkitPro/libnx/lib\libnx.a(newlib.o)
                0x0000000000008860                __syscall_lock_release_recursive
 *fill*         0x0000000000008864        0xc 
 .text.__libnx_init_time
                0x0000000000008870      0x238 C:\devkitPro/libnx/lib\libnx.a(newlib.o)
                0x0000000000008870                __libnx_init_time
 *fill*         0x0000000000008aa8        0x8 
 .text.newlibSetup
                0x0000000000008ab0       0x9c C:\devkitPro/libnx/lib\libnx.a(newlib.o)
                0x0000000000008ab0                newlibSetup
 *fill*         0x0000000000008b4c        0x4 
 .text.argvSetup
                0x0000000000008b50      0x2f8 C:\devkitPro/libnx/lib\libnx.a(argv.o)
                0x0000000000008b50                argvSetup
 *fill*         0x0000000000008e48        0x8 
 .text.fsdev_link
                0x0000000000008e50       0x14 C:\devkitPro/libnx/lib\libnx.a(fs_dev.o)
 *fill*         0x0000000000008e64        0xc 
 .text.fsdev_dirreset
                0x0000000000008e70       0x14 C:\devkitPro/libnx/lib\libnx.a(fs_dev.o)
 *fill*         0x0000000000008e84        0xc 
 .text.fsdev_chmod
                0x0000000000008e90       0x14 C:\devkitPro/libnx/lib\libnx.a(fs_dev.o)
 *fill*         0x0000000000008ea4        0xc 
 .text.error_cmp
                0x0000000000008eb0       0x18 C:\devkitPro/libnx/lib\libnx.a(fs_dev.o)
 *fill*         0x0000000000008ec8        0x8 
 .text.fsdev_dirclose
                0x0000000000008ed0       0x20 C:\devkitPro/libnx/lib\libnx.a(fs_dev.o)
 .text.fsdev_close
                0x0000000000008ef0       0x1c C:\devkitPro/libnx/lib\libnx.a(fs_dev.o)
 *fill*         0x0000000000008f0c        0x4 
 .text.fsdev_converttimetoutc
                0x0000000000008f10       0x80 C:\devkitPro/libnx/lib\libnx.a(fs_dev.o)
 .text.fsdevFindDevice.part.0
                0x0000000000008f90       0xe0 C:\devkitPro/libnx/lib\libnx.a(fs_dev.o)
 .text.fsdev_fixpath
                0x0000000000009070      0x1c0 C:\devkitPro/libnx/lib\libnx.a(fs_dev.o)
 .text._fsdevUnmountDeviceStruct.part.0
                0x0000000000009230       0xa0 C:\devkitPro/libnx/lib\libnx.a(fs_dev.o)
 .text.fsdev_fchmod
                0x00000000000092d0       0x14 C:\devkitPro/libnx/lib\libnx.a(fs_dev.o)
 *fill*         0x00000000000092e4        0xc 
 .text.fsdev_diropen
                0x00000000000092f0      0x108 C:\devkitPro/libnx/lib\libnx.a(fs_dev.o)
 *fill*         0x00000000000093f8        0x8 
 .text.fsdev_statvfs
                0x0000000000009400       0xfc C:\devkitPro/libnx/lib\libnx.a(fs_dev.o)
 *fill*         0x00000000000094fc        0x4 
 .text.fsdev_fsync
                0x0000000000009500       0x7c C:\devkitPro/libnx/lib\libnx.a(fs_dev.o)
 *fill*         0x000000000000957c        0x4 
 .text.fsdev_fstat
                0x0000000000009580       0xf4 C:\devkitPro/libnx/lib\libnx.a(fs_dev.o)
 *fill*         0x0000000000009674        0xc 
 .text.fsdev_ftruncate
                0x0000000000009680       0x94 C:\devkitPro/libnx/lib\libnx.a(fs_dev.o)
 *fill*         0x0000000000009714        0xc 
 .text.fsdev_stat
                0x0000000000009720      0x1fc C:\devkitPro/libnx/lib\libnx.a(fs_dev.o)
 *fill*         0x000000000000991c        0x4 
 .text.fsdev_rename
                0x0000000000009920      0x14c C:\devkitPro/libnx/lib\libnx.a(fs_dev.o)
 *fill*         0x0000000000009a6c        0x4 
 .text.fsdev_chdir
                0x0000000000009a70      0x140 C:\devkitPro/libnx/lib\libnx.a(fs_dev.o)
 .text.fsdev_mkdir
                0x0000000000009bb0       0xa4 C:\devkitPro/libnx/lib\libnx.a(fs_dev.o)
 *fill*         0x0000000000009c54        0xc 
 .text.fsdev_unlink
                0x0000000000009c60       0xa4 C:\devkitPro/libnx/lib\libnx.a(fs_dev.o)
 *fill*         0x0000000000009d04        0xc 
 .text.fsdev_rmdir
                0x0000000000009d10       0xa4 C:\devkitPro/libnx/lib\libnx.a(fs_dev.o)
 *fill*         0x0000000000009db4        0xc 
 .text.fsdev_write_safe
                0x0000000000009dc0      0x144 C:\devkitPro/libnx/lib\libnx.a(fs_dev.o)
 *fill*         0x0000000000009f04        0xc 
 .text.fsdev_read_safe
                0x0000000000009f10      0x13c C:\devkitPro/libnx/lib\libnx.a(fs_dev.o)
 *fill*         0x000000000000a04c        0x4 
 .text.fsdev_read
                0x000000000000a050      0x100 C:\devkitPro/libnx/lib\libnx.a(fs_dev.o)
 .text.fsdev_dirnext
                0x000000000000a150      0x1b8 C:\devkitPro/libnx/lib\libnx.a(fs_dev.o)
 *fill*         0x000000000000a308        0x8 
 .text.fsdev_write
                0x000000000000a310      0x124 C:\devkitPro/libnx/lib\libnx.a(fs_dev.o)
 *fill*         0x000000000000a434        0xc 
 .text.fsdev_seek
                0x000000000000a440       0xec C:\devkitPro/libnx/lib\libnx.a(fs_dev.o)
 *fill*         0x000000000000a52c        0x4 
 .text.fsdev_open
                0x000000000000a530      0x244 C:\devkitPro/libnx/lib\libnx.a(fs_dev.o)
 *fill*         0x000000000000a774        0xc 
 .text.fsdevMountDevice
                0x000000000000a780      0x224 C:\devkitPro/libnx/lib\libnx.a(fs_dev.o)
                0x000000000000a780                fsdevMountDevice
 *fill*         0x000000000000a9a4        0xc 
 .text.fsdevMountSdmc
                0x000000000000a9b0       0x40 C:\devkitPro/libnx/lib\libnx.a(fs_dev.o)
                0x000000000000a9b0                fsdevMountSdmc
 .text.__libnx_init_cwd
                0x000000000000a9f0       0xc0 C:\devkitPro/libnx/lib\libnx.a(fs_dev.o)
                0x000000000000a9f0                __libnx_init_cwd
 .text.fsdevUnmountAll
                0x000000000000aab0       0x64 C:\devkitPro/libnx/lib\libnx.a(fs_dev.o)
                0x000000000000aab0                fsdevUnmountAll
 *fill*         0x000000000000ab14        0xc 
 .text.decode_utf8
                0x000000000000ab20      0x12c C:\devkitPro/libnx/lib\libnx.a(decode_utf8.o)
                0x000000000000ab20                decode_utf8
 .text.armDCacheFlush
                0x000000000000ac4c       0x4c C:\devkitPro/libnx/lib\libnx.a(cache.o)
                0x000000000000ac4c                armDCacheFlush
 .text.__libnx_exception_entry
                0x000000000000ac98      0x1c0 C:\devkitPro/libnx/lib\libnx.a(exception.o)
                0x000000000000ac98                __libnx_exception_entry
 .text.__libnx_exception_returnentry
                0x000000000000ae58       0x18 C:\devkitPro/libnx/lib\libnx.a(exception.o)
                0x000000000000ae58                __libnx_exception_returnentry
 .text.__aarch64_read_tp
                0x000000000000ae70        0xc C:\devkitPro/libnx/lib\libnx.a(readtp.o)
                0x000000000000ae70                __aarch64_read_tp
 *fill*         0x000000000000ae7c        0x4 
 .text.shmemLoadRemote
                0x000000000000ae80       0x14 C:\devkitPro/libnx/lib\libnx.a(shmem.o)
                0x000000000000ae80                shmemLoadRemote
 *fill*         0x000000000000ae94        0xc 
 .text.shmemMap
                0x000000000000aea0       0x88 C:\devkitPro/libnx/lib\libnx.a(shmem.o)
                0x000000000000aea0                shmemMap
 *fill*         0x000000000000af28        0x8 
 .text.shmemUnmap
                0x000000000000af30       0x34 C:\devkitPro/libnx/lib\libnx.a(shmem.o)
                0x000000000000af30                shmemUnmap
 *fill*         0x000000000000af64        0xc 
 .text.shmemClose
                0x000000000000af70       0x44 C:\devkitPro/libnx/lib\libnx.a(shmem.o)
                0x000000000000af70                shmemClose
 *fill*         0x000000000000afb4        0xc 
 .text.condvarWaitTimeout
                0x000000000000afc0       0x64 C:\devkitPro/libnx/lib\libnx.a(condvar.o)
                0x000000000000afc0                condvarWaitTimeout
 *fill*         0x000000000000b024        0xc 
 .text.__libnx_init_thread
                0x000000000000b030       0xb0 C:\devkitPro/libnx/lib\libnx.a(thread.o)
                0x000000000000b030                __libnx_init_thread
 .text._viCleanup
                0x000000000000b0e0      0x1dc C:\devkitPro/libnx/lib\libnx.a(vi.o)
 *fill*         0x000000000000b2bc        0x4 
 .text._viCmdGetSessionNoParams.constprop.0
                0x000000000000b2c0      0x100 C:\devkitPro/libnx/lib\libnx.a(vi.o)
 .text._viCmdGetSession.constprop.0
                0x000000000000b3c0       0xfc C:\devkitPro/libnx/lib\libnx.a(vi.o)
 *fill*         0x000000000000b4bc        0x4 
 .text.viInitialize
                0x000000000000b4c0      0x28c C:\devkitPro/libnx/lib\libnx.a(vi.o)
                0x000000000000b4c0                viInitialize
 *fill*         0x000000000000b74c        0x4 
 .text.viExit   0x000000000000b750       0x44 C:\devkitPro/libnx/lib\libnx.a(vi.o)
                0x000000000000b750                viExit
 *fill*         0x000000000000b794        0xc 
 .text.viGetSession_IHOSBinderDriverRelay
                0x000000000000b7a0        0xc C:\devkitPro/libnx/lib\libnx.a(vi.o)
                0x000000000000b7a0                viGetSession_IHOSBinderDriverRelay
 *fill*         0x000000000000b7ac        0x4 
 .text.viOpenDisplay
                0x000000000000b7b0      0x110 C:\devkitPro/libnx/lib\libnx.a(vi.o)
                0x000000000000b7b0                viOpenDisplay
 .text.viCloseDisplay
                0x000000000000b8c0       0xf4 C:\devkitPro/libnx/lib\libnx.a(vi.o)
                0x000000000000b8c0                viCloseDisplay
 *fill*         0x000000000000b9b4        0xc 
 .text.viCloseLayer
                0x000000000000b9c0       0xfc C:\devkitPro/libnx/lib\libnx.a(vi.o)
                0x000000000000b9c0                viCloseLayer
 *fill*         0x000000000000babc        0x4 
 .text.viCreateLayer
                0x000000000000bac0      0x378 C:\devkitPro/libnx/lib\libnx.a(vi.o)
                0x000000000000bac0                viCreateLayer
 *fill*         0x000000000000be38        0x8 
 .text.viSetLayerScalingMode
                0x000000000000be40       0xd8 C:\devkitPro/libnx/lib\libnx.a(vi.o)
                0x000000000000be40                viSetLayerScalingMode
 *fill*         0x000000000000bf18        0x8 
 .text._setsysGetFirmwareVersionImpl
                0x000000000000bf20       0xd4 C:\devkitPro/libnx/lib\libnx.a(set.o)
 *fill*         0x000000000000bff4        0xc 
 .text._setsysCleanup
                0x000000000000c000       0x68 C:\devkitPro/libnx/lib\libnx.a(set.o)
 *fill*         0x000000000000c068        0x8 
 .text.setsysInitialize
                0x000000000000c070       0xa0 C:\devkitPro/libnx/lib\libnx.a(set.o)
                0x000000000000c070                setsysInitialize
 .text.setsysExit
                0x000000000000c110       0x44 C:\devkitPro/libnx/lib\libnx.a(set.o)
                0x000000000000c110                setsysExit
 *fill*         0x000000000000c154        0xc 
 .text.setsysGetFirmwareVersion
                0x000000000000c160       0x44 C:\devkitPro/libnx/lib\libnx.a(set.o)
                0x000000000000c160                setsysGetFirmwareVersion
 *fill*         0x000000000000c1a4        0xc 
 .text._fsCleanup
                0x000000000000c1b0       0xb4 C:\devkitPro/libnx/lib\libnx.a(fs.o)
 *fill*         0x000000000000c264        0xc 
 .text._fsCmdNoIO
                0x000000000000c270      0x1a8 C:\devkitPro/libnx/lib\libnx.a(fs.o)
 *fill*         0x000000000000c418        0x8 
 .text._fsFsCmdWithInPath
                0x000000000000c420      0x1d8 C:\devkitPro/libnx/lib\libnx.a(fs.o)
 *fill*         0x000000000000c5f8        0x8 
 .text._fsFsCmdWithTwoInPaths
                0x000000000000c600      0x1f4 C:\devkitPro/libnx/lib\libnx.a(fs.o)
 *fill*         0x000000000000c7f4        0xc 
 .text._fsFsOpenCommon
                0x000000000000c800      0x25c C:\devkitPro/libnx/lib\libnx.a(fs.o)
 *fill*         0x000000000000ca5c        0x4 
 .text._fsFsCmdWithInPathAndOutU64
                0x000000000000ca60      0x1ec C:\devkitPro/libnx/lib\libnx.a(fs.o)
 *fill*         0x000000000000cc4c        0x4 
 .text._fsObjectClose
                0x000000000000cc50       0xf4 C:\devkitPro/libnx/lib\libnx.a(fs.o)
 *fill*         0x000000000000cd44        0xc 
 .text._fsCmdGetSession.constprop.0
                0x000000000000cd50      0x1f4 C:\devkitPro/libnx/lib\libnx.a(fs.o)
 *fill*         0x000000000000cf44        0xc 
 .text.fsInitialize
                0x000000000000cf50      0x2f8 C:\devkitPro/libnx/lib\libnx.a(fs.o)
                0x000000000000cf50                fsInitialize
 *fill*         0x000000000000d248        0x8 
 .text.fsExit   0x000000000000d250       0x44 C:\devkitPro/libnx/lib\libnx.a(fs.o)
                0x000000000000d250                fsExit
 *fill*         0x000000000000d294        0xc 
 .text.fsOpenSdCardFileSystem
                0x000000000000d2a0        0x8 C:\devkitPro/libnx/lib\libnx.a(fs.o)
                0x000000000000d2a0                fsOpenSdCardFileSystem
 *fill*         0x000000000000d2a8        0x8 
 .text.fsFsCreateFile
                0x000000000000d2b0      0x1f0 C:\devkitPro/libnx/lib\libnx.a(fs.o)
                0x000000000000d2b0                fsFsCreateFile
 .text.fsFsDeleteFile
                0x000000000000d4a0        0x8 C:\devkitPro/libnx/lib\libnx.a(fs.o)
                0x000000000000d4a0                fsFsDeleteFile
 *fill*         0x000000000000d4a8        0x8 
 .text.fsFsCreateDirectory
                0x000000000000d4b0        0x8 C:\devkitPro/libnx/lib\libnx.a(fs.o)
                0x000000000000d4b0                fsFsCreateDirectory
 *fill*         0x000000000000d4b8        0x8 
 .text.fsFsDeleteDirectory
                0x000000000000d4c0        0x8 C:\devkitPro/libnx/lib\libnx.a(fs.o)
                0x000000000000d4c0                fsFsDeleteDirectory
 *fill*         0x000000000000d4c8        0x8 
 .text.fsFsRenameFile
                0x000000000000d4d0        0x8 C:\devkitPro/libnx/lib\libnx.a(fs.o)
                0x000000000000d4d0                fsFsRenameFile
 *fill*         0x000000000000d4d8        0x8 
 .text.fsFsRenameDirectory
                0x000000000000d4e0        0x8 C:\devkitPro/libnx/lib\libnx.a(fs.o)
                0x000000000000d4e0                fsFsRenameDirectory
 *fill*         0x000000000000d4e8        0x8 
 .text.fsFsGetEntryType
                0x000000000000d4f0      0x1f0 C:\devkitPro/libnx/lib\libnx.a(fs.o)
                0x000000000000d4f0                fsFsGetEntryType
 .text.fsFsOpenFile
                0x000000000000d6e0        0x8 C:\devkitPro/libnx/lib\libnx.a(fs.o)
                0x000000000000d6e0                fsFsOpenFile
 *fill*         0x000000000000d6e8        0x8 
 .text.fsFsOpenDirectory
                0x000000000000d6f0        0x8 C:\devkitPro/libnx/lib\libnx.a(fs.o)
                0x000000000000d6f0                fsFsOpenDirectory
 *fill*         0x000000000000d6f8        0x8 
 .text.fsFsGetFreeSpace
                0x000000000000d700        0x8 C:\devkitPro/libnx/lib\libnx.a(fs.o)
                0x000000000000d700                fsFsGetFreeSpace
 *fill*         0x000000000000d708        0x8 
 .text.fsFsGetTotalSpace
                0x000000000000d710        0x8 C:\devkitPro/libnx/lib\libnx.a(fs.o)
                0x000000000000d710                fsFsGetTotalSpace
 *fill*         0x000000000000d718        0x8 
 .text.fsFsGetFileTimeStampRaw
                0x000000000000d720      0x230 C:\devkitPro/libnx/lib\libnx.a(fs.o)
                0x000000000000d720                fsFsGetFileTimeStampRaw
 .text.fsFsClose
                0x000000000000d950        0x4 C:\devkitPro/libnx/lib\libnx.a(fs.o)
                0x000000000000d950                fsFsClose
 *fill*         0x000000000000d954        0xc 
 .text.fsFileRead
                0x000000000000d960      0x218 C:\devkitPro/libnx/lib\libnx.a(fs.o)
                0x000000000000d960                fsFileRead
 *fill*         0x000000000000db78        0x8 
 .text.fsFileWrite
                0x000000000000db80      0x200 C:\devkitPro/libnx/lib\libnx.a(fs.o)
                0x000000000000db80                fsFileWrite
 .text.fsFileFlush
                0x000000000000dd80        0x8 C:\devkitPro/libnx/lib\libnx.a(fs.o)
                0x000000000000dd80                fsFileFlush
 *fill*         0x000000000000dd88        0x8 
 .text.fsFileSetSize
                0x000000000000dd90      0x1b8 C:\devkitPro/libnx/lib\libnx.a(fs.o)
                0x000000000000dd90                fsFileSetSize
 *fill*         0x000000000000df48        0x8 
 .text.fsFileGetSize
                0x000000000000df50      0x1c4 C:\devkitPro/libnx/lib\libnx.a(fs.o)
                0x000000000000df50                fsFileGetSize
 *fill*         0x000000000000e114        0xc 
 .text.fsFileClose
                0x000000000000e120        0x4 C:\devkitPro/libnx/lib\libnx.a(fs.o)
                0x000000000000e120                fsFileClose
 *fill*         0x000000000000e124        0xc 
 .text.fsDirClose
                0x000000000000e130        0x4 C:\devkitPro/libnx/lib\libnx.a(fs.o)
                0x000000000000e130                fsDirClose
 *fill*         0x000000000000e134        0xc 
 .text.fsDirRead
                0x000000000000e140      0x1fc C:\devkitPro/libnx/lib\libnx.a(fs.o)
                0x000000000000e140                fsDirRead
 *fill*         0x000000000000e33c        0x4 
 .text._nvSetClientPID
                0x000000000000e340       0xd0 C:\devkitPro/libnx/lib\libnx.a(nv.o)
 .text._nvCleanup
                0x000000000000e410       0xc8 C:\devkitPro/libnx/lib\libnx.a(nv.o)
 *fill*         0x000000000000e4d8        0x8 
 .text._nvCmdInitialize.constprop.0
                0x000000000000e4e0       0xd8 C:\devkitPro/libnx/lib\libnx.a(nv.o)
 *fill*         0x000000000000e5b8        0x8 
 .text.__nx_nv_create_tmem
                0x000000000000e5c0       0x1c C:\devkitPro/libnx/lib\libnx.a(nv.o)
                0x000000000000e5c0                __nx_nv_create_tmem
 *fill*         0x000000000000e5dc        0x4 
 .text.nvInitialize
                0x000000000000e5e0      0x258 C:\devkitPro/libnx/lib\libnx.a(nv.o)
                0x000000000000e5e0                nvInitialize
 *fill*         0x000000000000e838        0x8 
 .text.nvExit   0x000000000000e840       0x44 C:\devkitPro/libnx/lib\libnx.a(nv.o)
                0x000000000000e840                nvExit
 *fill*         0x000000000000e884        0xc 
 .text.nvConvertError
                0x000000000000e890       0xf4 C:\devkitPro/libnx/lib\libnx.a(nv.o)
                0x000000000000e890                nvConvertError
 *fill*         0x000000000000e984        0xc 
 .text.nvOpen   0x000000000000e990      0x118 C:\devkitPro/libnx/lib\libnx.a(nv.o)
                0x000000000000e990                nvOpen
 *fill*         0x000000000000eaa8        0x8 
 .text.nvIoctl  0x000000000000eab0      0x2fc C:\devkitPro/libnx/lib\libnx.a(nv.o)
                0x000000000000eab0                nvIoctl
 *fill*         0x000000000000edac        0x4 
 .text.nvClose  0x000000000000edb0       0xd8 C:\devkitPro/libnx/lib\libnx.a(nv.o)
                0x000000000000edb0                nvClose
 *fill*         0x000000000000ee88        0x8 
 .text.nvQueryEvent
                0x000000000000ee90      0x108 C:\devkitPro/libnx/lib\libnx.a(nv.o)
                0x000000000000ee90                nvQueryEvent
 *fill*         0x000000000000ef98        0x8 
 .text._timeCleanup
                0x000000000000efa0      0x228 C:\devkitPro/libnx/lib\libnx.a(time.o)
 *fill*         0x000000000000f1c8        0x8 
 .text._timeCmdGetSession.constprop.0
                0x000000000000f1d0      0x100 C:\devkitPro/libnx/lib\libnx.a(time.o)
 .text._timeGetSharedMemoryNativeHandle.constprop.0
                0x000000000000f2d0       0xcc C:\devkitPro/libnx/lib\libnx.a(time.o)
 *fill*         0x000000000000f39c        0x4 
 .text._timeCmdNoInOutU64.constprop.0.isra.0
                0x000000000000f3a0       0xc4 C:\devkitPro/libnx/lib\libnx.a(time.o)
 *fill*         0x000000000000f464        0xc 
 .text._timeReadClockFromSharedMem
                0x000000000000f470      0x110 C:\devkitPro/libnx/lib\libnx.a(time.o)
 .text.timeInitialize
                0x000000000000f580      0x238 C:\devkitPro/libnx/lib\libnx.a(time.o)
                0x000000000000f580                timeInitialize
 *fill*         0x000000000000f7b8        0x8 
 .text.timeExit
                0x000000000000f7c0       0x44 C:\devkitPro/libnx/lib\libnx.a(time.o)
                0x000000000000f7c0                timeExit
 *fill*         0x000000000000f804        0xc 
 .text.timeGetServiceSession_SystemClock
                0x000000000000f810       0x38 C:\devkitPro/libnx/lib\libnx.a(time.o)
                0x000000000000f810                timeGetServiceSession_SystemClock
 *fill*         0x000000000000f848        0x8 
 .text.timeGetCurrentTime
                0x000000000000f850       0x68 C:\devkitPro/libnx/lib\libnx.a(time.o)
                0x000000000000f850                timeGetCurrentTime
 *fill*         0x000000000000f8b8        0x8 
 .text.timeToCalendarTimeWithMyRule
                0x000000000000f8c0      0x110 C:\devkitPro/libnx/lib\libnx.a(time.o)
                0x000000000000f8c0                timeToCalendarTimeWithMyRule
 .text.timeToPosixTimeWithMyRule
                0x000000000000f9d0      0x104 C:\devkitPro/libnx/lib\libnx.a(time.o)
                0x000000000000f9d0                timeToPosixTimeWithMyRule
 *fill*         0x000000000000fad4        0xc 
 .text._nvFenceCleanup
                0x000000000000fae0       0x7c C:\devkitPro/libnx/lib\libnx.a(fence.o)
 *fill*         0x000000000000fb5c        0x4 
 .text.nvFenceInit
                0x000000000000fb60       0x98 C:\devkitPro/libnx/lib\libnx.a(fence.o)
                0x000000000000fb60                nvFenceInit
 *fill*         0x000000000000fbf8        0x8 
 .text.nvFenceExit
                0x000000000000fc00       0x44 C:\devkitPro/libnx/lib\libnx.a(fence.o)
                0x000000000000fc00                nvFenceExit
 *fill*         0x000000000000fc44        0xc 
 .text.nvFenceWait
                0x000000000000fc50      0x240 C:\devkitPro/libnx/lib\libnx.a(fence.o)
                0x000000000000fc50                nvFenceWait
 .text.nvMultiFenceWait
                0x000000000000fe90       0x74 C:\devkitPro/libnx/lib\libnx.a(fence.o)
                0x000000000000fe90                nvMultiFenceWait
 *fill*         0x000000000000ff04        0xc 
 .text.nvMapInit
                0x000000000000ff10       0xb4 C:\devkitPro/libnx/lib\libnx.a(map.o)
                0x000000000000ff10                nvMapInit
 *fill*         0x000000000000ffc4        0xc 
 .text.nvMapExit
                0x000000000000ffd0       0x6c C:\devkitPro/libnx/lib\libnx.a(map.o)
                0x000000000000ffd0                nvMapExit
 *fill*         0x000000000001003c        0x4 
 .text.nvMapClose
                0x0000000000010040       0x80 C:\devkitPro/libnx/lib\libnx.a(map.o)
                0x0000000000010040                nvMapClose
 .text.nvMapCreate
                0x00000000000100c0      0x154 C:\devkitPro/libnx/lib\libnx.a(map.o)
                0x00000000000100c0                nvMapCreate
 *fill*         0x0000000000010214        0xc 
 .text.nvioctlNvhostCtrl_EventSignal
                0x0000000000010220       0x28 C:\devkitPro/libnx/lib\libnx.a(nvhost-ctrl.o)
                0x0000000000010220                nvioctlNvhostCtrl_EventSignal
 *fill*         0x0000000000010248        0x8 
 .text.nvioctlNvhostCtrl_EventWait
                0x0000000000010250       0x44 C:\devkitPro/libnx/lib\libnx.a(nvhost-ctrl.o)
                0x0000000000010250                nvioctlNvhostCtrl_EventWait
 *fill*         0x0000000000010294        0xc 
 .text.nvioctlNvhostCtrl_EventWaitAsync
                0x00000000000102a0       0x30 C:\devkitPro/libnx/lib\libnx.a(nvhost-ctrl.o)
                0x00000000000102a0                nvioctlNvhostCtrl_EventWaitAsync
 .text.nvioctlNvhostCtrl_EventRegister
                0x00000000000102d0       0x28 C:\devkitPro/libnx/lib\libnx.a(nvhost-ctrl.o)
                0x00000000000102d0                nvioctlNvhostCtrl_EventRegister
 *fill*         0x00000000000102f8        0x8 
 .text.nvioctlNvhostCtrl_EventUnregister
                0x0000000000010300       0x28 C:\devkitPro/libnx/lib\libnx.a(nvhost-ctrl.o)
                0x0000000000010300                nvioctlNvhostCtrl_EventUnregister
 *fill*         0x0000000000010328        0x8 
 .text.nvioctlNvmap_Create
                0x0000000000010330       0x40 C:\devkitPro/libnx/lib\libnx.a(nvmap.o)
                0x0000000000010330                nvioctlNvmap_Create
 .text.nvioctlNvmap_Alloc
                0x0000000000010370       0x38 C:\devkitPro/libnx/lib\libnx.a(nvmap.o)
                0x0000000000010370                nvioctlNvmap_Alloc
 *fill*         0x00000000000103a8        0x8 
 .text.nvioctlNvmap_Free
                0x00000000000103b0       0x34 C:\devkitPro/libnx/lib\libnx.a(nvmap.o)
                0x00000000000103b0                nvioctlNvmap_Free
 *fill*         0x00000000000103e4        0xc 
 .text.nvioctlNvmap_GetId
                0x00000000000103f0       0x40 C:\devkitPro/libnx/lib\libnx.a(nvmap.o)
                0x00000000000103f0                nvioctlNvmap_GetId
 .text.bqRequestBuffer
                0x0000000000010430       0xd8 C:\devkitPro/libnx/lib\libnx.a(buffer_producer.o)
                0x0000000000010430                bqRequestBuffer
 *fill*         0x0000000000010508        0x8 
 .text.bqDequeueBuffer
                0x0000000000010510      0x160 C:\devkitPro/libnx/lib\libnx.a(buffer_producer.o)
                0x0000000000010510                bqDequeueBuffer
 .text.bqQueueBuffer
                0x0000000000010670       0xdc C:\devkitPro/libnx/lib\libnx.a(buffer_producer.o)
                0x0000000000010670                bqQueueBuffer
 *fill*         0x000000000001074c        0x4 
 .text.bqCancelBuffer
                0x0000000000010750       0x94 C:\devkitPro/libnx/lib\libnx.a(buffer_producer.o)
                0x0000000000010750                bqCancelBuffer
 *fill*         0x00000000000107e4        0xc 
 .text.bqConnect
                0x00000000000107f0       0xe4 C:\devkitPro/libnx/lib\libnx.a(buffer_producer.o)
                0x00000000000107f0                bqConnect
 *fill*         0x00000000000108d4        0xc 
 .text.bqDisconnect
                0x00000000000108e0       0x9c C:\devkitPro/libnx/lib\libnx.a(buffer_producer.o)
                0x00000000000108e0                bqDisconnect
 *fill*         0x000000000001097c        0x4 
 .text.bqSetPreallocatedBuffer
                0x0000000000010980      0x17c C:\devkitPro/libnx/lib\libnx.a(buffer_producer.o)
                0x0000000000010980                bqSetPreallocatedBuffer
 *fill*         0x0000000000010afc        0x4 
 .text.binderCreate
                0x0000000000010b00       0x1c C:\devkitPro/libnx/lib\libnx.a(binder.o)
                0x0000000000010b00                binderCreate
 *fill*         0x0000000000010b1c        0x4 
 .text.binderTransactParcel
                0x0000000000010b20      0x3d0 C:\devkitPro/libnx/lib\libnx.a(binder.o)
                0x0000000000010b20                binderTransactParcel
 .text.binderConvertErrorCode
                0x0000000000010ef0       0xe8 C:\devkitPro/libnx/lib\libnx.a(binder.o)
                0x0000000000010ef0                binderConvertErrorCode
 *fill*         0x0000000000010fd8        0x8 
 .text.binderAdjustRefcount
                0x0000000000010fe0      0x124 C:\devkitPro/libnx/lib\libnx.a(binder.o)
                0x0000000000010fe0                binderAdjustRefcount
 *fill*         0x0000000000011104        0xc 
 .text.binderInitSession
                0x0000000000011110       0x98 C:\devkitPro/libnx/lib\libnx.a(binder.o)
                0x0000000000011110                binderInitSession
 *fill*         0x00000000000111a8        0x8 
 .text.binderClose
                0x00000000000111b0       0x68 C:\devkitPro/libnx/lib\libnx.a(binder.o)
                0x00000000000111b0                binderClose
 *fill*         0x0000000000011218        0x8 
 .text.binderGetNativeHandle
                0x0000000000011220      0x158 C:\devkitPro/libnx/lib\libnx.a(binder.o)
                0x0000000000011220                binderGetNativeHandle
 *fill*         0x0000000000011378        0x8 
 .text.parcelCreate
                0x0000000000011380       0x30 C:\devkitPro/libnx/lib\libnx.a(parcel.o)
                0x0000000000011380                parcelCreate
 .text.parcelTransact
                0x00000000000113b0      0x19c C:\devkitPro/libnx/lib\libnx.a(parcel.o)
                0x00000000000113b0                parcelTransact
 *fill*         0x000000000001154c        0x4 
 .text.parcelWriteData
                0x0000000000011550       0x88 C:\devkitPro/libnx/lib\libnx.a(parcel.o)
                0x0000000000011550                parcelWriteData
 *fill*         0x00000000000115d8        0x8 
 .text.parcelReadData
                0x00000000000115e0       0x98 C:\devkitPro/libnx/lib\libnx.a(parcel.o)
                0x00000000000115e0                parcelReadData
 *fill*         0x0000000000011678        0x8 
 .text.parcelWriteInt32
                0x0000000000011680       0x20 C:\devkitPro/libnx/lib\libnx.a(parcel.o)
                0x0000000000011680                parcelWriteInt32
 .text.parcelWriteUInt32
                0x00000000000116a0       0x20 C:\devkitPro/libnx/lib\libnx.a(parcel.o)
                0x00000000000116a0                parcelWriteUInt32
 .text.parcelWriteString16
                0x00000000000116c0       0x7c C:\devkitPro/libnx/lib\libnx.a(parcel.o)
                0x00000000000116c0                parcelWriteString16
 *fill*         0x000000000001173c        0x4 
 .text.parcelWriteInterfaceToken
                0x0000000000011740       0x30 C:\devkitPro/libnx/lib\libnx.a(parcel.o)
                0x0000000000011740                parcelWriteInterfaceToken
 .text.parcelReadInt32
                0x0000000000011770       0x24 C:\devkitPro/libnx/lib\libnx.a(parcel.o)
                0x0000000000011770                parcelReadInt32
 *fill*         0x0000000000011794        0xc 
 .text.parcelReadFlattenedObject
                0x00000000000117a0       0x68 C:\devkitPro/libnx/lib\libnx.a(parcel.o)
                0x00000000000117a0                parcelReadFlattenedObject
 *fill*         0x0000000000011808        0x8 
 .text.parcelWriteFlattenedObject
                0x0000000000011810       0x4c C:\devkitPro/libnx/lib\libnx.a(parcel.o)
                0x0000000000011810                parcelWriteFlattenedObject
 *fill*         0x000000000001185c        0x4 
 .text.nxlinkSetup
                0x0000000000011860       0xc4 C:\devkitPro/libnx/lib\libnx.a(nxlink.o)
                0x0000000000011860                nxlinkSetup
 *fill*         0x0000000000011924        0xc 
 .text.sessionmgrCreate
                0x0000000000011930      0x178 C:\devkitPro/libnx/lib\libnx.a(sessionmgr.o)
                0x0000000000011930                sessionmgrCreate
 *fill*         0x0000000000011aa8        0x8 
 .text.sessionmgrClose
                0x0000000000011ab0       0x84 C:\devkitPro/libnx/lib\libnx.a(sessionmgr.o)
                0x0000000000011ab0                sessionmgrClose
 *fill*         0x0000000000011b34        0xc 
 .text.sessionmgrAttachClient
                0x0000000000011b40       0xb4 C:\devkitPro/libnx/lib\libnx.a(sessionmgr.o)
                0x0000000000011b40                sessionmgrAttachClient
 *fill*         0x0000000000011bf4        0xc 
 .text.sessionmgrDetachClient
                0x0000000000011c00       0x70 C:\devkitPro/libnx/lib\libnx.a(sessionmgr.o)
                0x0000000000011c00                sessionmgrDetachClient
 .text.setenv   0x0000000000011c70       0x3c C:/devkitPro/devkitA64/bin/../lib/gcc/aarch64-none-elf/13.2.0/../../../../aarch64-none-elf/lib/pic\libg.a(libc_a-setenv.o)
                0x0000000000011c70                setenv
 *fill*         0x0000000000011cac        0x4 
 .text._puts_r  0x0000000000011cb0       0xd0 C:/devkitPro/devkitA64/bin/../lib/gcc/aarch64-none-elf/13.2.0/../../../../aarch64-none-elf/lib/pic\libg.a(libc_a-puts.o)
                0x0000000000011cb0                _puts_r
 .text.puts     0x0000000000011d80       0x24 C:/devkitPro/devkitA64/bin/../lib/gcc/aarch64-none-elf/13.2.0/../../../../aarch64-none-elf/lib/pic\libg.a(libc_a-puts.o)
                0x0000000000011d80                puts
 *fill*         0x0000000000011da4        0xc 
 .text.bsearch  0x0000000000011db0       0xb8 C:/devkitPro/devkitA64/bin/../lib/gcc/aarch64-none-elf/13.2.0/../../../../aarch64-none-elf/lib/pic\libg.a(libc_a-bsearch.o)
                0x0000000000011db0                bsearch
 *fill*         0x0000000000011e68        0x8 
 .text._setenv_r
                0x0000000000011e70      0x254 C:/devkitPro/devkitA64/bin/../lib/gcc/aarch64-none-elf/13.2.0/../../../../aarch64-none-elf/lib/pic\libg.a(libc_a-setenv_r.o)
                0x0000000000011e70                _setenv_r
 *fill*         0x00000000000120c4        0xc 
 .text.sscanf   0x00000000000120d0       0xbc C:/devkitPro/devkitA64/bin/../lib/gcc/aarch64-none-elf/13.2.0/../../../../aarch64-none-elf/lib/pic\libg.a(libc_a-sscanf.o)
                0x00000000000120d0                sscanf
 *fill*         0x000000000001218c        0x4 
 .text.__sread  0x0000000000012190       0x50 C:/devkitPro/devkitA64/bin/../lib/gcc/aarch64-none-elf/13.2.0/../../../../aarch64-none-elf/lib/pic\libg.a(libc_a-stdio.o)
                0x0000000000012190                __sread
 .text.__seofread
                0x00000000000121e0        0x8 C:/devkitPro/devkitA64/bin/../lib/gcc/aarch64-none-elf/13.2.0/../../../../aarch64-none-elf/lib/pic\libg.a(libc_a-stdio.o)
                0x00000000000121e0                __seofread
 *fill*         0x00000000000121e8        0x8 
 .text.__swrite
                0x00000000000121f0       0x6c C:/devkitPro/devkitA64/bin/../lib/gcc/aarch64-none-elf/13.2.0/../../../../aarch64-none-elf/lib/pic\libg.a(libc_a-stdio.o)
                0x00000000000121f0                __swrite
 *fill*         0x000000000001225c        0x4 
 .text.__sseek  0x0000000000012260       0x50 C:/devkitPro/devkitA64/bin/../lib/gcc/aarch64-none-elf/13.2.0/../../../../aarch64-none-elf/lib/pic\libg.a(libc_a-stdio.o)
                0x0000000000012260                __sseek
 .text.__sclose
                0x00000000000122b0        0x8 C:/devkitPro/devkitA64/bin/../lib/gcc/aarch64-none-elf/13.2.0/../../../../aarch64-none-elf/lib/pic\libg.a(libc_a-stdio.o)
                0x00000000000122b0                __sclose
 *fill*         0x00000000000122b8        0x8 
 .text.__env_lock
                0x00000000000122c0        0xc C:/devkitPro/devkitA64/bin/../lib/gcc/aarch64-none-elf/13.2.0/../../../../aarch64-none-elf/lib/pic\libg.a(libc_a-envlock.o)
                0x00000000000122c0                __env_lock
 *fill*         0x00000000000122cc        0x4 
 .text.__env_unlock
                0x00000000000122d0        0xc C:/devkitPro/devkitA64/bin/../lib/gcc/aarch64-none-elf/13.2.0/../../../../aarch64-none-elf/lib/pic\libg.a(libc_a-envlock.o)
                0x00000000000122d0                __env_unlock
 *fill*         0x00000000000122dc        0x4 
 .text.aligned_alloc
                0x00000000000122e0       0x2c C:/devkitPro/devkitA64/bin/../lib/gcc/aarch64-none-elf/13.2.0/../../../../aarch64-none-elf/lib/pic\libg.a(libc_a-aligned_alloc.o)
                0x00000000000122e0                aligned_alloc
 *fill*         0x000000000001230c        0x4 
 .text.setvbuf  0x0000000000012310      0x250 C:/devkitPro/devkitA64/bin/../lib/gcc/aarch64-none-elf/13.2.0/../../../../aarch64-none-elf/lib/pic\libg.a(libc_a-setvbuf.o)
                0x0000000000012310                setvbuf
 .text.__call_exitprocs
                0x0000000000012560        0x4 C:/devkitPro/devkitA64/bin/../lib/gcc/aarch64-none-elf/13.2.0/../../../../aarch64-none-elf/lib/pic\libg.a(libc_a-exit.o)
                0x0000000000012560                __call_exitprocs
 *fill*         0x0000000000012564        0xc 
 .text._malloc_trim_r
                0x0000000000012570      0x124 C:/devkitPro/devkitA64/bin/../lib/gcc/aarch64-none-elf/13.2.0/../../../../aarch64-none-elf/lib/pic\libg.a(libc_a-freer.o)
                0x0000000000012570                _malloc_trim_r
 *fill*         0x0000000000012694        0xc 
 .text._free_r  0x00000000000126a0      0x2d8 C:/devkitPro/devkitA64/bin/../lib/gcc/aarch64-none-elf/13.2.0/../../../../aarch64-none-elf/lib/pic\libg.a(libc_a-freer.o)
                0x00000000000126a0                _free_r
 *fill*         0x0000000000012978        0x8 
 .text.malloc   0x0000000000012980       0x24 C:/devkitPro/devkitA64/bin/../lib/gcc/aarch64-none-elf/13.2.0/../../../../aarch64-none-elf/lib/pic\libg.a(libc_a-malloc.o)
                0x0000000000012980                malloc
 *fill*         0x00000000000129a4        0xc 
 .text.free     0x00000000000129b0       0x24 C:/devkitPro/devkitA64/bin/../lib/gcc/aarch64-none-elf/13.2.0/../../../../aarch64-none-elf/lib/pic\libg.a(libc_a-malloc.o)
                0x00000000000129b0                free
 .text.get_arg  0x00000000000129d4       0x74 C:/devkitPro/devkitA64/bin/../lib/gcc/aarch64-none-elf/13.2.0/../../../../aarch64-none-elf/lib/pic\libg.a(libc_a-svfscanf.o)
 .text.__ssvfscanf_r
                0x0000000000012a48     0x2fdc C:/devkitPro/devkitA64/bin/../lib/gcc/aarch64-none-elf/13.2.0/../../../../aarch64-none-elf/lib/pic\libg.a(libc_a-svfscanf.o)
                0x0000000000012a48                __ssvfscanf_r
 *fill*         0x0000000000015a24        0xc 
 .text._malloc_r
                0x0000000000015a30      0x80c C:/devkitPro/devkitA64/bin/../lib/gcc/aarch64-none-elf/13.2.0/../../../../aarch64-none-elf/lib/pic\libg.a(libc_a-mallocr.o)
                0x0000000000015a30                _malloc_r
 *fill*         0x000000000001623c        0x4 
 .text._findenv_r
                0x0000000000016240       0xfc C:/devkitPro/devkitA64/bin/../lib/gcc/aarch64-none-elf/13.2.0/../../../../aarch64-none-elf/lib/pic\libg.a(libc_a-getenv_r.o)
                0x0000000000016240                _findenv_r
 *fill*         0x000000000001633c        0x4 
 .text.__malloc_lock
                0x0000000000016340        0xc C:/devkitPro/devkitA64/bin/../lib/gcc/aarch64-none-elf/13.2.0/../../../../aarch64-none-elf/lib/pic\libg.a(libc_a-mlock.o)
                0x0000000000016340                __malloc_lock
 *fill*         0x000000000001634c        0x4 
 .text.__malloc_unlock
                0x0000000000016350        0xc C:/devkitPro/devkitA64/bin/../lib/gcc/aarch64-none-elf/13.2.0/../../../../aarch64-none-elf/lib/pic\libg.a(libc_a-mlock.o)
                0x0000000000016350                __malloc_unlock
 *fill*         0x000000000001635c        0x4 
 .text.__sflush_r
                0x0000000000016360      0x200 C:/devkitPro/devkitA64/bin/../lib/gcc/aarch64-none-elf/13.2.0/../../../../aarch64-none-elf/lib/pic\libg.a(libc_a-fflush.o)
                0x0000000000016360                __sflush_r
 .text._fflush_r
                0x0000000000016560       0xb8 C:/devkitPro/devkitA64/bin/../lib/gcc/aarch64-none-elf/13.2.0/../../../../aarch64-none-elf/lib/pic\libg.a(libc_a-fflush.o)
                0x0000000000016560                _fflush_r
 *fill*         0x0000000000016618        0x8 
 .text.gmtime   0x0000000000016620       0x2c C:/devkitPro/devkitA64/bin/../lib/gcc/aarch64-none-elf/13.2.0/../../../../aarch64-none-elf/lib/pic\libg.a(libc_a-gmtime.o)
                0x0000000000016620                gmtime
 *fill*         0x000000000001664c        0x4 
 .text.strncat  0x0000000000016650       0x78 C:/devkitPro/devkitA64/bin/../lib/gcc/aarch64-none-elf/13.2.0/../../../../aarch64-none-elf/lib/pic\libg.a(libc_a-strncat.o)
                0x0000000000016650                strncat
 *fill*         0x00000000000166c8        0x8 
 .text.__sfvwrite_r
                0x00000000000166d0      0x4cc C:/devkitPro/devkitA64/bin/../lib/gcc/aarch64-none-elf/13.2.0/../../../../aarch64-none-elf/lib/pic\libg.a(libc_a-fvwrite.o)
                0x00000000000166d0                __sfvwrite_r
 *fill*         0x0000000000016b9c        0x4 
 .text.gmtime_r
                0x0000000000016ba0      0x2a0 C:/devkitPro/devkitA64/bin/../lib/gcc/aarch64-none-elf/13.2.0/../../../../aarch64-none-elf/lib/pic\libg.a(libc_a-gmtime_r.o)
                0x0000000000016ba0                gmtime_r
 .text._fwalk_sglue
                0x0000000000016e40       0xa0 C:/devkitPro/devkitA64/bin/../lib/gcc/aarch64-none-elf/13.2.0/../../../../aarch64-none-elf/lib/pic\libg.a(libc_a-fwalk.o)
                0x0000000000016e40                _fwalk_sglue
 .text._realloc_r
                0x0000000000016ee0      0x524 C:/devkitPro/devkitA64/bin/../lib/gcc/aarch64-none-elf/13.2.0/../../../../aarch64-none-elf/lib/pic\libg.a(libc_a-reallocr.o)
                0x0000000000016ee0                _realloc_r
 *fill*         0x0000000000017404        0xc 
 .text.strncpy  0x0000000000017410       0x90 C:/devkitPro/devkitA64/bin/../lib/gcc/aarch64-none-elf/13.2.0/../../../../aarch64-none-elf/lib/pic\libg.a(libc_a-strncpy.o)
                0x0000000000017410                strncpy
 .text.stdio_exit_handler
                0x00000000000174a0       0x1c C:/devkitPro/devkitA64/bin/../lib/gcc/aarch64-none-elf/13.2.0/../../../../aarch64-none-elf/lib/pic\libg.a(libc_a-findfp.o)
 *fill*         0x00000000000174bc        0x4 
 .text.cleanup_stdio
                0x00000000000174c0       0x6c C:/devkitPro/devkitA64/bin/../lib/gcc/aarch64-none-elf/13.2.0/../../../../aarch64-none-elf/lib/pic\libg.a(libc_a-findfp.o)
 *fill*         0x000000000001752c        0x4 
 .text.global_stdio_init.part.0
                0x0000000000017530      0x140 C:/devkitPro/devkitA64/bin/../lib/gcc/aarch64-none-elf/13.2.0/../../../../aarch64-none-elf/lib/pic\libg.a(libc_a-findfp.o)
 .text.__sfp_lock_acquire
                0x0000000000017670        0xc C:/devkitPro/devkitA64/bin/../lib/gcc/aarch64-none-elf/13.2.0/../../../../aarch64-none-elf/lib/pic\libg.a(libc_a-findfp.o)
                0x0000000000017670                __sfp_lock_acquire
 *fill*         0x000000000001767c        0x4 
 .text.__sfp_lock_release
                0x0000000000017680        0xc C:/devkitPro/devkitA64/bin/../lib/gcc/aarch64-none-elf/13.2.0/../../../../aarch64-none-elf/lib/pic\libg.a(libc_a-findfp.o)
                0x0000000000017680                __sfp_lock_release
 *fill*         0x000000000001768c        0x4 
 .text.__sinit  0x0000000000017690       0x54 C:/devkitPro/devkitA64/bin/../lib/gcc/aarch64-none-elf/13.2.0/../../../../aarch64-none-elf/lib/pic\libg.a(libc_a-findfp.o)
                0x0000000000017690                __sinit
 *fill*         0x00000000000176e4        0xc 
 .text.sulp     0x00000000000176f0       0x54 C:/devkitPro/devkitA64/bin/../lib/gcc/aarch64-none-elf/13.2.0/../../../../aarch64-none-elf/lib/pic\libg.a(libc_a-strtod.o)
 *fill*         0x0000000000017744        0xc 
 .text._strtod_l
                0x0000000000017750     0x1184 C:/devkitPro/devkitA64/bin/../lib/gcc/aarch64-none-elf/13.2.0/../../../../aarch64-none-elf/lib/pic\libg.a(libc_a-strtod.o)
                0x0000000000017750                _strtod_l
 *fill*         0x00000000000188d4        0xc 
 .text._strtod_r
                0x00000000000188e0       0x50 C:/devkitPro/devkitA64/bin/../lib/gcc/aarch64-none-elf/13.2.0/../../../../aarch64-none-elf/lib/pic\libg.a(libc_a-strtod.o)
                0x00000000000188e0                _strtod_r
 .text._strtol_l.part.0
                0x0000000000018930      0x18c C:/devkitPro/devkitA64/bin/../lib/gcc/aarch64-none-elf/13.2.0/../../../../aarch64-none-elf/lib/pic\libg.a(libc_a-strtol.o)
 *fill*         0x0000000000018abc        0x4 
 .text._strtol_r
                0x0000000000018ac0       0x70 C:/devkitPro/devkitA64/bin/../lib/gcc/aarch64-none-elf/13.2.0/../../../../aarch64-none-elf/lib/pic\libg.a(libc_a-strtol.o)
                0x0000000000018ac0                _strtol_r
 .text.realloc  0x0000000000018b30       0x2c C:/devkitPro/devkitA64/bin/../lib/gcc/aarch64-none-elf/13.2.0/../../../../aarch64-none-elf/lib/pic\libg.a(libc_a-realloc.o)
                0x0000000000018b30                realloc
 .text          0x0000000000018b5c       0xd8 C:/devkitPro/devkitA64/bin/../lib/gcc/aarch64-none-elf/13.2.0/../../../../aarch64-none-elf/lib/pic\libg.a(libc_a-memchr.o)
                0x0000000000018b5c                memchr
 *fill*         0x0000000000018c34        0xc 
 .text._strtoul_l.isra.0
                0x0000000000018c40      0x1a8 C:/devkitPro/devkitA64/bin/../lib/gcc/aarch64-none-elf/13.2.0/../../../../aarch64-none-elf/lib/pic\libg.a(libc_a-strtoul.o)
 *fill*         0x0000000000018de8        0x8 
 .text._strtoul_r
                0x0000000000018df0       0x44 C:/devkitPro/devkitA64/bin/../lib/gcc/aarch64-none-elf/13.2.0/../../../../aarch64-none-elf/lib/pic\libg.a(libc_a-strtoul.o)
                0x0000000000018df0                _strtoul_r
 *fill*         0x0000000000018e34        0xc 
 .text.strtoul  0x0000000000018e40       0x48 C:/devkitPro/devkitA64/bin/../lib/gcc/aarch64-none-elf/13.2.0/../../../../aarch64-none-elf/lib/pic\libg.a(libc_a-strtoul.o)
                0x0000000000018e40                strtoul
 *fill*         0x0000000000018e88       0x38 
 .text          0x0000000000018ec0      0x1dc C:/devkitPro/devkitA64/bin/../lib/gcc/aarch64-none-elf/13.2.0/../../../../aarch64-none-elf/lib/pic\libg.a(libc_a-memset.o)
                0x0000000000018ec0                memset
 *fill*         0x000000000001909c        0x4 
 .text.__locale_mb_cur_max
                0x00000000000190a0       0x2c C:/devkitPro/devkitA64/bin/../lib/gcc/aarch64-none-elf/13.2.0/../../../../aarch64-none-elf/lib/pic\libg.a(libc_a-locale.o)
                0x00000000000190a0                __locale_mb_cur_max
 *fill*         0x00000000000190cc        0x4 
 .text.__localeconv_l
                0x00000000000190d0        0x8 C:/devkitPro/devkitA64/bin/../lib/gcc/aarch64-none-elf/13.2.0/../../../../aarch64-none-elf/lib/pic\libg.a(libc_a-localeconv.o)
                0x00000000000190d0                __localeconv_l
 *fill*         0x00000000000190d8        0x8 
 .text._localeconv_r
                0x00000000000190e0       0x28 C:/devkitPro/devkitA64/bin/../lib/gcc/aarch64-none-elf/13.2.0/../../../../aarch64-none-elf/lib/pic\libg.a(libc_a-localeconv.o)
                0x00000000000190e0                _localeconv_r
 *fill*         0x0000000000019108       0x38 
 .text          0x0000000000019140      0x16c C:/devkitPro/devkitA64/bin/../lib/gcc/aarch64-none-elf/13.2.0/../../../../aarch64-none-elf/lib/pic\libg.a(libc_a-memcpy.o)
                0x0000000000019140                memcpy
 *fill*         0x00000000000192ac       0x14 
 .text          0x00000000000192c0       0xe4 C:/devkitPro/devkitA64/bin/../lib/gcc/aarch64-none-elf/13.2.0/../../../../aarch64-none-elf/lib/pic\libg.a(libc_a-strcmp.o)
                0x00000000000192c0                strcmp
 *fill*         0x00000000000193a4        0xc 
 .text.__utf8_wctomb
                0x00000000000193b0       0xe4 C:/devkitPro/devkitA64/bin/../lib/gcc/aarch64-none-elf/13.2.0/../../../../aarch64-none-elf/lib/pic\libg.a(libc_a-wctomb_r.o)
                0x00000000000193b0                __utf8_wctomb
 *fill*         0x0000000000019494       0x2c 
 .text          0x00000000000194c0       0xac C:/devkitPro/devkitA64/bin/../lib/gcc/aarch64-none-elf/13.2.0/../../../../aarch64-none-elf/lib/pic\libg.a(libc_a-memmove.o)
                0x00000000000194c0                memmove
 *fill*         0x000000000001956c       0x14 
 .text          0x0000000000019580       0xe0 C:/devkitPro/devkitA64/bin/../lib/gcc/aarch64-none-elf/13.2.0/../../../../aarch64-none-elf/lib/pic\libg.a(libc_a-strnlen.o)
                0x00000000000195a4                strnlen
 .text          0x0000000000019660       0xdc C:/devkitPro/devkitA64/bin/../lib/gcc/aarch64-none-elf/13.2.0/../../../../aarch64-none-elf/lib/pic\libg.a(libc_a-strchr.o)
                0x0000000000019660                strchr
 *fill*         0x000000000001973c        0x4 
 .text          0x0000000000019740      0x140 C:/devkitPro/devkitA64/bin/../lib/gcc/aarch64-none-elf/13.2.0/../../../../aarch64-none-elf/lib/pic\libg.a(libc_a-strlen.o)
                0x0000000000019740                strlen
 .text.stpncpy  0x0000000000019880       0xa4 C:/devkitPro/devkitA64/bin/../lib/gcc/aarch64-none-elf/13.2.0/../../../../aarch64-none-elf/lib/pic\libg.a(libc_a-stpncpy.o)
                0x0000000000019880                stpncpy
 *fill*         0x0000000000019924       0x1c 
 .text          0x0000000000019940      0x1d4 C:/devkitPro/devkitA64/bin/../lib/gcc/aarch64-none-elf/13.2.0/../../../../aarch64-none-elf/lib/pic\libg.a(libc_a-strncmp.o)
                0x000000000001995c                strncmp
 *fill*         0x0000000000019b14        0xc 
 .text.__libc_init_array
                0x0000000000019b20       0x94 C:/devkitPro/devkitA64/bin/../lib/gcc/aarch64-none-elf/13.2.0/../../../../aarch64-none-elf/lib/pic\libg.a(libc_a-init.o)
                0x0000000000019b20                __libc_init_array
 *fill*         0x0000000000019bb4        0xc 
 .text.__libc_fini_array
                0x0000000000019bc0       0x44 C:/devkitPro/devkitA64/bin/../lib/gcc/aarch64-none-elf/13.2.0/../../../../aarch64-none-elf/lib/pic\libg.a(libc_a-fini.o)
                0x0000000000019bc0                __libc_fini_array
 *fill*         0x0000000000019c04        0xc 
 .text.__errno  0x0000000000019c10       0x14 C:/devkitPro/devkitA64/bin/../lib/gcc/aarch64-none-elf/13.2.0/../../../../aarch64-none-elf/lib/pic\libg.a(libc_a-errno.o)
                0x0000000000019c10                __errno
 *fill*         0x0000000000019c24        0xc 
 .text.nan      0x0000000000019c30        0xc C:/devkitPro/devkitA64/bin/../lib/gcc/aarch64-none-elf/13.2.0/../../../../aarch64-none-elf/lib/pic\libg.a(libm_a-s_nan.o)
                0x0000000000019c30                nan
 *fill*         0x0000000000019c3c        0x4 
 .text.nanf     0x0000000000019c40        0xc C:/devkitPro/devkitA64/bin/../lib/gcc/aarch64-none-elf/13.2.0/../../../../aarch64-none-elf/lib/pic\libg.a(libm_a-sf_nan.o)
                0x0000000000019c40                nanf
 *fill*         0x0000000000019c4c        0x4 
 .text._strtoll_l.isra.0
                0x0000000000019c50      0x18c C:/devkitPro/devkitA64/bin/../lib/gcc/aarch64-none-elf/13.2.0/../../../../aarch64-none-elf/lib/pic\libg.a(libc_a-strtoll.o)
 *fill*         0x0000000000019ddc        0x4 
 .text._strtoll_r
                0x0000000000019de0       0x44 C:/devkitPro/devkitA64/bin/../lib/gcc/aarch64-none-elf/13.2.0/../../../../aarch64-none-elf/lib/pic\libg.a(libc_a-strtoll.o)
                0x0000000000019de0                _strtoll_r
 *fill*         0x0000000000019e24        0xc 
 .text._strtoull_l.isra.0
                0x0000000000019e30      0x1a8 C:/devkitPro/devkitA64/bin/../lib/gcc/aarch64-none-elf/13.2.0/../../../../aarch64-none-elf/lib/pic\libg.a(libc_a-strtoull.o)
 *fill*         0x0000000000019fd8        0x8 
 .text._strtoull_r
                0x0000000000019fe0       0x44 C:/devkitPro/devkitA64/bin/../lib/gcc/aarch64-none-elf/13.2.0/../../../../aarch64-none-elf/lib/pic\libg.a(libc_a-strtoull.o)
                0x0000000000019fe0                _strtoull_r
 *fill*         0x000000000001a024        0xc 
 .text.iswspace
                0x000000000001a030        0x8 C:/devkitPro/devkitA64/bin/../lib/gcc/aarch64-none-elf/13.2.0/../../../../aarch64-none-elf/lib/pic\libg.a(libc_a-iswspace.o)
                0x000000000001a030                iswspace
 *fill*         0x000000000001a038        0x8 
 .text._mbrtowc_r
                0x000000000001a040       0xf0 C:/devkitPro/devkitA64/bin/../lib/gcc/aarch64-none-elf/13.2.0/../../../../aarch64-none-elf/lib/pic\libg.a(libc_a-mbrtowc.o)
                0x000000000001a040                _mbrtowc_r
 .text.__swhatbuf_r
                0x000000000001a130       0x94 C:/devkitPro/devkitA64/bin/../lib/gcc/aarch64-none-elf/13.2.0/../../../../aarch64-none-elf/lib/pic\libg.a(libc_a-makebuf.o)
                0x000000000001a130                __swhatbuf_r
 *fill*         0x000000000001a1c4        0xc 
 .text.__smakebuf_r
                0x000000000001a1d0      0x104 C:/devkitPro/devkitA64/bin/../lib/gcc/aarch64-none-elf/13.2.0/../../../../aarch64-none-elf/lib/pic\libg.a(libc_a-makebuf.o)
                0x000000000001a1d0                __smakebuf_r
 *fill*         0x000000000001a2d4        0xc 
 .text.iswspace_l
                0x000000000001a2e0       0x48 C:/devkitPro/devkitA64/bin/../lib/gcc/aarch64-none-elf/13.2.0/../../../../aarch64-none-elf/lib/pic\libg.a(libc_a-iswspace_l.o)
                0x000000000001a2e0                iswspace_l
 *fill*         0x000000000001a328        0x8 
 .text._memalign_r
                0x000000000001a330      0x180 C:/devkitPro/devkitA64/bin/../lib/gcc/aarch64-none-elf/13.2.0/../../../../aarch64-none-elf/lib/pic\libg.a(libc_a-malignr.o)
                0x000000000001a330                _memalign_r
 .text.sprintf  0x000000000001a4b0       0xa8 C:/devkitPro/devkitA64/bin/../lib/gcc/aarch64-none-elf/13.2.0/../../../../aarch64-none-elf/lib/pic\libg.a(libc_a-sprintf.o)
                0x000000000001a4b0                sprintf
 *fill*         0x000000000001a558        0x8 
 .text.__sccl   0x000000000001a560       0xd4 C:/devkitPro/devkitA64/bin/../lib/gcc/aarch64-none-elf/13.2.0/../../../../aarch64-none-elf/lib/pic\libg.a(libc_a-sccl.o)
                0x000000000001a560                __sccl
 *fill*         0x000000000001a634        0xc 
 .text.category
                0x000000000001a640       0x84 C:/devkitPro/devkitA64/bin/../lib/gcc/aarch64-none-elf/13.2.0/../../../../aarch64-none-elf/lib/pic\libg.a(libc_a-categories.o)
                0x000000000001a640                category
 .text._sungetc_r
                0x000000000001a6c4       0xf0 C:/devkitPro/devkitA64/bin/../lib/gcc/aarch64-none-elf/13.2.0/../../../../aarch64-none-elf/lib/pic\libg.a(libc_a-svfiscanf.o)
                0x000000000001a6c4                _sungetc_r
 .text.__ssrefill_r
                0x000000000001a7b4       0x70 C:/devkitPro/devkitA64/bin/../lib/gcc/aarch64-none-elf/13.2.0/../../../../aarch64-none-elf/lib/pic\libg.a(libc_a-svfiscanf.o)
                0x000000000001a7b4                __ssrefill_r
 .text._sfread_r
                0x000000000001a824       0xe0 C:/devkitPro/devkitA64/bin/../lib/gcc/aarch64-none-elf/13.2.0/../../../../aarch64-none-elf/lib/pic\libg.a(libc_a-svfiscanf.o)
                0x000000000001a824                _sfread_r
 *fill*         0x000000000001a904        0xc 
 .text.__swsetup_r
                0x000000000001a910      0x12c C:/devkitPro/devkitA64/bin/../lib/gcc/aarch64-none-elf/13.2.0/../../../../aarch64-none-elf/lib/pic\libg.a(libc_a-wsetup.o)
                0x000000000001a910                __swsetup_r
 *fill*         0x000000000001aa3c        0x4 
 .text.rshift   0x000000000001aa40      0x118 C:/devkitPro/devkitA64/bin/../lib/gcc/aarch64-none-elf/13.2.0/../../../../aarch64-none-elf/lib/pic\libg.a(libc_a-gdtoa-gethex.o)
 *fill*         0x000000000001ab58        0x8 
 .text.__gethex
                0x000000000001ab60      0x814 C:/devkitPro/devkitA64/bin/../lib/gcc/aarch64-none-elf/13.2.0/../../../../aarch64-none-elf/lib/pic\libg.a(libc_a-gdtoa-gethex.o)
                0x000000000001ab60                __gethex
 *fill*         0x000000000001b374        0xc 
 .text._fclose_r
                0x000000000001b380      0x138 C:/devkitPro/devkitA64/bin/../lib/gcc/aarch64-none-elf/13.2.0/../../../../aarch64-none-elf/lib/pic\libg.a(libc_a-fclose.o)
                0x000000000001b380                _fclose_r
 .text.get_arg  0x000000000001b4b8      0x804 C:/devkitPro/devkitA64/bin/../lib/gcc/aarch64-none-elf/13.2.0/../../../../aarch64-none-elf/lib/pic\libg.a(libc_a-svfprintf.o)
 .text._svfprintf_r
                0x000000000001bcbc     0x3bac C:/devkitPro/devkitA64/bin/../lib/gcc/aarch64-none-elf/13.2.0/../../../../aarch64-none-elf/lib/pic\libg.a(libc_a-svfprintf.o)
                0x000000000001bcbc                _svfprintf_r
 *fill*         0x000000000001f868        0x8 
 .text.__match  0x000000000001f870       0x48 C:/devkitPro/devkitA64/bin/../lib/gcc/aarch64-none-elf/13.2.0/../../../../aarch64-none-elf/lib/pic\libg.a(libc_a-gdtoa-hexnan.o)
                0x000000000001f870                __match
 *fill*         0x000000000001f8b8        0x8 
 .text.__hexnan
                0x000000000001f8c0      0x258 C:/devkitPro/devkitA64/bin/../lib/gcc/aarch64-none-elf/13.2.0/../../../../aarch64-none-elf/lib/pic\libg.a(libc_a-gdtoa-hexnan.o)
                0x000000000001f8c0                __hexnan
 *fill*         0x000000000001fb18        0x8 
 .text._Balloc  0x000000000001fb20       0x8c C:/devkitPro/devkitA64/bin/../lib/gcc/aarch64-none-elf/13.2.0/../../../../aarch64-none-elf/lib/pic\libg.a(libc_a-mprec.o)
                0x000000000001fb20                _Balloc
 *fill*         0x000000000001fbac        0x4 
 .text._Bfree   0x000000000001fbb0       0x1c C:/devkitPro/devkitA64/bin/../lib/gcc/aarch64-none-elf/13.2.0/../../../../aarch64-none-elf/lib/pic\libg.a(libc_a-mprec.o)
                0x000000000001fbb0                _Bfree
 *fill*         0x000000000001fbcc        0x4 
 .text.__multadd
                0x000000000001fbd0      0x108 C:/devkitPro/devkitA64/bin/../lib/gcc/aarch64-none-elf/13.2.0/../../../../aarch64-none-elf/lib/pic\libg.a(libc_a-mprec.o)
                0x000000000001fbd0                __multadd
 *fill*         0x000000000001fcd8        0x8 
 .text.__s2b    0x000000000001fce0      0x130 C:/devkitPro/devkitA64/bin/../lib/gcc/aarch64-none-elf/13.2.0/../../../../aarch64-none-elf/lib/pic\libg.a(libc_a-mprec.o)
                0x000000000001fce0                __s2b
 .text.__hi0bits
                0x000000000001fe10       0x80 C:/devkitPro/devkitA64/bin/../lib/gcc/aarch64-none-elf/13.2.0/../../../../aarch64-none-elf/lib/pic\libg.a(libc_a-mprec.o)
                0x000000000001fe10                __hi0bits
 .text.__lo0bits
                0x000000000001fe90       0x9c C:/devkitPro/devkitA64/bin/../lib/gcc/aarch64-none-elf/13.2.0/../../../../aarch64-none-elf/lib/pic\libg.a(libc_a-mprec.o)
                0x000000000001fe90                __lo0bits
 *fill*         0x000000000001ff2c        0x4 