Archive member included to satisfy reference by file (symbol)

C:\devkitPro/libnx/lib\libnx.a(applet.o)
                              main.o (appletMainLoop)
C:\devkitPro/libnx/lib\libnx.a(hid.o)
                              main.o (hidInitializeTouchScreen)
C:\devkitPro/libnx/lib\libnx.a(hosversion.o)
                              C:\devkitPro/libnx/lib\libnx.a(applet.o) (hosversionGet)
C:\devkitPro/libnx/lib\libnx.a(env.o)
                              C:\devkitPro/libnx/lib\libnx.a(applet.o) (envIsNso)
C:\devkitPro/libnx/lib\libnx.a(alloc.o)
                              C:\devkitPro/libnx/lib\libnx.a(hid.o) (__libnx_aligned_alloc)
C:\devkitPro/libnx/lib\libnx.a(pad.o)
                              main.o (padConfigureInput)
C:\devkitPro/libnx/lib\libnx.a(diag.o)
                              C:\devkitPro/libnx/lib\libnx.a(applet.o) (diagAbortWithResult)
C:\devkitPro/libnx/lib\libnx.a(console.o)
                              main.o (consoleInit)
C:\devkitPro/libnx/lib\libnx.a(console_sw.o)
                              C:\devkitPro/libnx/lib\libnx.a(console.o) (getDefaultConsoleRenderer)
C:\devkitPro/libnx/lib\libnx.a(svc.o)
                              C:\devkitPro/libnx/lib\libnx.a(applet.o) (svcExitProcess)
C:\devkitPro/libnx/lib\libnx.a(switch_crt0.o)
                              (_start)
C:\devkitPro/libnx/lib\libnx.a(default_font.bin.o)
                              C:\devkitPro/libnx/lib\libnx.a(console.o) (default_font_bin)
C:\devkitPro/libnx/lib\libnx.a(shmem.o)
                              C:\devkitPro/libnx/lib\libnx.a(hid.o) (shmemLoadRemote)
C:\devkitPro/libnx/lib\libnx.a(wait.o)
                              C:\devkitPro/libnx/lib\libnx.a(applet.o) (waitObjects)
C:\devkitPro/libnx/lib\libnx.a(tmem.o)
                              C:\devkitPro/libnx/lib\libnx.a(applet.o) (tmemCreate)
C:\devkitPro/libnx/lib\libnx.a(mutex.o)
                              C:\devkitPro/libnx/lib\libnx.a(applet.o) (mutexLock)
C:\devkitPro/libnx/lib\libnx.a(virtmem.o)
                              C:\devkitPro/libnx/lib\libnx.a(shmem.o) (virtmemLock)
C:\devkitPro/libnx/lib\libnx.a(event.o)
                              C:\devkitPro/libnx/lib\libnx.a(applet.o) (eventLoadRemote)
C:\devkitPro/libnx/lib\libnx.a(random.o)
                              C:\devkitPro/libnx/lib\libnx.a(virtmem.o) (randomGet64)
C:\devkitPro/libnx/lib\libnx.a(apm.o)
                              C:\devkitPro/libnx/lib\libnx.a(applet.o) (apmInitialize)
C:\devkitPro/libnx/lib\libnx.a(sm.o)
                              C:\devkitPro/libnx/lib\libnx.a(env.o) (smAddOverrideHandle)
C:\devkitPro/libnx/lib\libnx.a(framebuffer.o)
                              C:\devkitPro/libnx/lib\libnx.a(console_sw.o) (framebufferMakeLinear)
C:\devkitPro/libnx/lib\libnx.a(default_window.o)
                              C:\devkitPro/libnx/lib\libnx.a(console_sw.o) (nwindowGetDefault)
C:\devkitPro/libnx/lib\libnx.a(native_window.o)
                              C:\devkitPro/libnx/lib\libnx.a(framebuffer.o) (nwindowIsValid)
C:\devkitPro/libnx/lib\libnx.a(dynamic.o)
                              C:\devkitPro/libnx/lib\libnx.a(switch_crt0.o) (__nx_dynamic)
C:\devkitPro/libnx/lib\libnx.a(init.o)
                              C:\devkitPro/libnx/lib\libnx.a(switch_crt0.o) (__libnx_init)
C:\devkitPro/libnx/lib\libnx.a(newlib.o)
                              C:\devkitPro/libnx/lib\libnx.a(init.o) (__libnx_init_time)
C:\devkitPro/libnx/lib\libnx.a(argv.o)
                              C:\devkitPro/libnx/lib\libnx.a(init.o) (argvSetup)
C:\devkitPro/libnx/lib\libnx.a(fs_dev.o)
                              C:\devkitPro/libnx/lib\libnx.a(init.o) (fsdevMountSdmc)
C:\devkitPro/libnx/lib\libnx.a(decode_utf8.o)
                              C:\devkitPro/libnx/lib\libnx.a(fs_dev.o) (decode_utf8)
C:\devkitPro/libnx/lib\libnx.a(cache.o)
                              C:\devkitPro/libnx/lib\libnx.a(framebuffer.o) (armDCacheFlush)
C:\devkitPro/libnx/lib\libnx.a(exception.o)
                              C:\devkitPro/libnx/lib\libnx.a(switch_crt0.o) (__libnx_exception_entry)
C:\devkitPro/libnx/lib\libnx.a(readtp.o)
                              C:\devkitPro/libnx/lib\libnx.a(fs_dev.o) (__aarch64_read_tp)
C:\devkitPro/libnx/lib\libnx.a(condvar.o)
                              C:\devkitPro/libnx/lib\libnx.a(newlib.o) (condvarWaitTimeout)
C:\devkitPro/libnx/lib\libnx.a(thread.o)
                              C:\devkitPro/libnx/lib\libnx.a(init.o) (__libnx_init_thread)
C:\devkitPro/libnx/lib\libnx.a(vi.o)
                              C:\devkitPro/libnx/lib\libnx.a(default_window.o) (viInitialize)
C:\devkitPro/libnx/lib\libnx.a(set.o)
                              C:\devkitPro/libnx/lib\libnx.a(init.o) (setsysInitialize)
C:\devkitPro/libnx/lib\libnx.a(fs.o)
                              C:\devkitPro/libnx/lib\libnx.a(init.o) (fsInitialize)
C:\devkitPro/libnx/lib\libnx.a(nv.o)
                              C:\devkitPro/libnx/lib\libnx.a(framebuffer.o) (nvInitialize)
[...]
Memory Configuration

Name             Origin             Length             Attributes
*default*        0x0000000000000000 0xffffffffffffffff

Linker script and memory map

                0x0000000000000000                PROVIDE (__start__ = 0x0)
                0x0000000000000000                . = __start__
                [!provide]                        PROVIDE (__code_start = .)

.text           0x0000000000000000    0x2b520
 *(.crt0)
 .crt0          0x0000000000000000      0x124 C:\devkitPro/libnx/lib\libnx.a(switch_crt0.o)
                0x0000000000000000                _start
                0x00000000000000e0                __nx_exit
                0x00000000000000f0                __nx_mod0
 *(.text.unlikely .text.*_unlikely .text.unlikely.*)
 *(.text.exit .text.exit.*)
 *fill*         0x0000000000000124        0xc 
 .text.exit     0x0000000000000130       0x34 C:/devkitPro/devkitA64/bin/../lib/gcc/aarch64-none-elf/13.2.0/../../../../aarch64-none-elf/lib/pic\libg.a(libc_a-exit.o)
                0x0000000000000130                exit
 *(.text.startup .text.startup.*)
 *fill*         0x0000000000000164        0xc 
 .text.startup.main
                0x0000000000000170      0x15c main.o
                0x0000000000000170                main
 *(.text.hot .text.hot.*)
 *(.text .stub .text.* .gnu.linkonce.t.*)
 *fill*         0x00000000000002cc        0x4 
 .text.__do_global_dtors_aux
                0x00000000000002d0       0x44 C:/devkitPro/devkitA64/bin/../lib/gcc/aarch64-none-elf/13.2.0/pic/crtbegin.o
 *fill*         0x0000000000000314        0xc 
 .text.frame_dummy
                0x0000000000000320       0x24 C:/devkitPro/devkitA64/bin/../lib/gcc/aarch64-none-elf/13.2.0/pic/crtbegin.o
 *fill*         0x0000000000000344        0xc 
 .text._appletInfiniteSleepLoop
                0x0000000000000350       0x24 C:\devkitPro/libnx/lib\libnx.a(applet.o)
 *fill*         0x0000000000000374        0xc 
 .text._appletCmdGetSession
                0x0000000000000380      0x108 C:\devkitPro/libnx/lib\libnx.a(applet.o)
 *fill*         0x0000000000000488        0x8 
 .text._appletCmdInU8NoOut
                0x0000000000000490       0xcc C:\devkitPro/libnx/lib\libnx.a(applet.o)
 *fill*         0x000000000000055c        0x4 
 .text._appletGetLaunchReason
                0x0000000000000560      0x104 C:\devkitPro/libnx/lib\libnx.a(applet.o)
 *fill*         0x0000000000000664        0xc 
 .text._appletSetFocusHandlingMode
                0x0000000000000670       0xe4 C:\devkitPro/libnx/lib\libnx.a(applet.o)
 *fill*         0x0000000000000754        0xc 
 .text._appletCmdInU32NoOut
                0x0000000000000760       0xcc C:\devkitPro/libnx/lib\libnx.a(applet.o)
 *fill*         0x000000000000082c        0x4 
 .text._appletGetSessionProxy.constprop.0
                0x0000000000000830      0x138 C:\devkitPro/libnx/lib\libnx.a(applet.o)
 *fill*         0x0000000000000968        0x8 
 .text._appletOpenLibraryAppletProxy.constprop.0
                0x0000000000000970      0x154 C:\devkitPro/libnx/lib\libnx.a(applet.o)
 *fill*         0x0000000000000ac4        0xc 
 .text._appletCmdGetHandle.constprop.0.isra.0
                0x0000000000000ad0       0xd0 C:\devkitPro/libnx/lib\libnx.a(applet.o)
 .text._appletCmdNoInOutU8.isra.0
                0x0000000000000ba0       0xd4 C:\devkitPro/libnx/lib\libnx.a(applet.o)
 *fill*         0x0000000000000c74        0xc 
 .text._appletCmdNoInOutU32.isra.0
                0x0000000000000c80       0xd4 C:\devkitPro/libnx/lib\libnx.a(applet.o)
 *fill*         0x0000000000000d54        0xc 
 .text._appletCmdNoInOutU64.isra.0
                0x0000000000000d60       0xd4 C:\devkitPro/libnx/lib\libnx.a(applet.o)
 *fill*         0x0000000000000e34        0xc 
 .text._appletCmdNoIO.isra.0
                0x0000000000000e40       0xc0 C:\devkitPro/libnx/lib\libnx.a(applet.o)
 .text.appletGetAppletType
                0x0000000000000f00       0x10 C:\devkitPro/libnx/lib\libnx.a(applet.o)
                0x0000000000000f00                appletGetAppletType
 .text.appletSetFocusHandlingMode
                0x0000000000000f10      0x114 C:\devkitPro/libnx/lib\libnx.a(applet.o)
                0x0000000000000f10                appletSetFocusHandlingMode
 *fill*         0x0000000000001024        0xc 
 .text.appletSetCpuBoostMode
                0x0000000000001030       0x5c C:\devkitPro/libnx/lib\libnx.a(applet.o)
                0x0000000000001030                appletSetCpuBoostMode
 *fill*         0x000000000000108c        0x4 
 .text.appletCreateManagedDisplayLayer
                0x0000000000001090       0x2c C:\devkitPro/libnx/lib\libnx.a(applet.o)
                0x0000000000001090                appletCreateManagedDisplayLayer
 *fill*         0x00000000000010bc        0x4 
 .text.appletGetAppletResourceUserId
                0x00000000000010c0        0xc C:\devkitPro/libnx/lib\libnx.a(applet.o)
                0x00000000000010c0                appletGetAppletResourceUserId
 *fill*         0x00000000000010cc        0x4 
 .text._appletGetIndirectLayerConsumerHandle
                0x00000000000010d0       0xf4 C:\devkitPro/libnx/lib\libnx.a(applet.o)
 *fill*         0x00000000000011c4        0xc 
 .text._appletHolderCreateState
                0x00000000000011d0       0x88 C:\devkitPro/libnx/lib\libnx.a(applet.o)
 *fill*         0x0000000000001258        0x8 
 .text.appletHolderClose
                0x0000000000001260       0xac C:\devkitPro/libnx/lib\libnx.a(applet.o)
                0x0000000000001260                appletHolderClose
 *fill*         0x000000000000130c        0x4 
 .text.appletHolderGetLibraryAppletInfo
                0x0000000000001310       0x24 C:\devkitPro/libnx/lib\libnx.a(applet.o)
                0x0000000000001310                appletHolderGetLibraryAppletInfo
 *fill*         0x0000000000001334        0xc 
 .text.appletNotifyRunning
                0x0000000000001340       0x90 C:\devkitPro/libnx/lib\libnx.a(applet.o)
                0x0000000000001340                appletNotifyRunning
 .text.appletSetGamePlayRecordingState
                0x00000000000013d0       0x8c C:\devkitPro/libnx/lib\libnx.a(applet.o)
                0x00000000000013d0                appletSetGamePlayRecordingState
 *fill*         0x000000000000145c        0x4 
 .text._appletCleanup
                0x0000000000001460      0xad4 C:\devkitPro/libnx/lib\libnx.a(applet.o)
 *fill*         0x0000000000001f34        0xc 
 .text.appletExit
                0x0000000000001f40       0x44 C:\devkitPro/libnx/lib\libnx.a(applet.o)
                0x0000000000001f40                appletExit
 *fill*         0x0000000000001f84        0xc 
 .text.appletGetLibraryAppletInfo
                0x0000000000001f90       0x40 C:\devkitPro/libnx/lib\libnx.a(applet.o)
                0x0000000000001f90                appletGetLibraryAppletInfo
 .text.appletInitialize
                0x0000000000001fd0      0xa94 C:\devkitPro/libnx/lib\libnx.a(applet.o)
                0x0000000000001fd0                appletInitialize
 *fill*         0x0000000000002a64        0xc 
 .text._appletExitProcess
                0x0000000000002a70       0x24 C:\devkitPro/libnx/lib\libnx.a(applet.o)
 *fill*         0x0000000000002a94        0xc 
 .text.appletGetMessage
                0x0000000000002aa0       0x74 C:\devkitPro/libnx/lib\libnx.a(applet.o)
                0x0000000000002aa0                appletGetMessage
 *fill*         0x0000000000002b14        0xc 
 .text.appletProcessMessage
                0x0000000000002b20      0x28c C:\devkitPro/libnx/lib\libnx.a(applet.o)
                0x0000000000002b20                appletProcessMessage
 *fill*         0x0000000000002dac        0x4 
 .text.appletMainLoop
                0x0000000000002db0       0x34 C:\devkitPro/libnx/lib\libnx.a(applet.o)
                0x0000000000002db0                appletMainLoop
 *fill*         0x0000000000002de4        0xc 
 .text._hidCleanup
                0x0000000000002df0      0x108 C:\devkitPro/libnx/lib\libnx.a(hid.o)
 *fill*         0x0000000000002ef8        0x8 
 .text._hidCmdInAruidNoOut
                0x0000000000002f00       0xd8 C:\devkitPro/libnx/lib\libnx.a(hid.o)
 *fill*         0x0000000000002fd8        0x8 
 .text._hidCmdInU32AruidNoOut
                0x0000000000002fe0       0xe4 C:\devkitPro/libnx/lib\libnx.a(hid.o)
 *fill*         0x00000000000030c4        0xc 
 .text._hidGetStates
                0x00000000000030d0      0x1a8 C:\devkitPro/libnx/lib\libnx.a(hid.o)
 *fill*         0x0000000000003278        0x8 
 .text._hidCreateAppletResource.constprop.0
                0x0000000000003280      0x114 C:\devkitPro/libnx/lib\libnx.a(hid.o)
 *fill*         0x0000000000003394        0xc 
 .text._hidCmdGetHandle.constprop.0
                0x00000000000033a0       0xc8 C:\devkitPro/libnx/lib\libnx.a(hid.o)
 *fill*         0x0000000000003468        0x8 
 .text.hidInitialize
                0x0000000000003470       0xdc C:\devkitPro/libnx/lib\libnx.a(hid.o)
                0x0000000000003470                hidInitialize
 *fill*         0x000000000000354c        0x4 
 .text.hidExit  0x0000000000003550       0x44 C:\devkitPro/libnx/lib\libnx.a(hid.o)
                0x0000000000003550                hidExit
 *fill*         0x0000000000003594        0xc 
 .text.hidGetSharedmemAddr
                0x00000000000035a0        0xc C:\devkitPro/libnx/lib\libnx.a(hid.o)
                0x00000000000035a0                hidGetSharedmemAddr
 *fill*         0x00000000000035ac        0x4 
 .text.hidGetNpadStyleSet
                0x00000000000035b0       0x94 C:\devkitPro/libnx/lib\libnx.a(hid.o)
                0x00000000000035b0                hidGetNpadStyleSet
 *fill*         0x0000000000003644        0xc 
 .text.hidInitializeTouchScreen
                0x0000000000003650       0x20 C:\devkitPro/libnx/lib\libnx.a(hid.o)
                0x0000000000003650                hidInitializeTouchScreen
 .text.hidGetTouchScreenStates
                0x0000000000003670       0x88 C:\devkitPro/libnx/lib\libnx.a(hid.o)
                0x0000000000003670                hidGetTouchScreenStates
 *fill*         0x00000000000036f8        0x8 
 .text.hidInitializeNpad
                0x0000000000003700       0x6c C:\devkitPro/libnx/lib\libnx.a(hid.o)
                0x0000000000003700                hidInitializeNpad
 *fill*         0x000000000000376c        0x4 
 .text.hidGetNpadStatesFullKey
                0x0000000000003770       0xac C:\devkitPro/libnx/lib\libnx.a(hid.o)
                0x0000000000003770                hidGetNpadStatesFullKey
 *fill*         0x000000000000381c        0x4 
 .text.hidGetNpadStatesHandheld
                0x0000000000003820       0xac C:\devkitPro/libnx/lib\libnx.a(hid.o)
                0x0000000000003820                hidGetNpadStatesHandheld
 *fill*         0x00000000000038cc        0x4 
 .text.hidGetNpadStatesJoyDual
                0x00000000000038d0       0xac C:\devkitPro/libnx/lib\libnx.a(hid.o)
                0x00000000000038d0                hidGetNpadStatesJoyDual
 *fill*         0x000000000000397c        0x4 
 .text.hidGetNpadStatesJoyLeft
                0x0000000000003980       0xac C:\devkitPro/libnx/lib\libnx.a(hid.o)
                0x0000000000003980                hidGetNpadStatesJoyLeft
 *fill*         0x0000000000003a2c        0x4 
 .text.hidGetNpadStatesJoyRight
                0x0000000000003a30       0xac C:\devkitPro/libnx/lib\libnx.a(hid.o)
                0x0000000000003a30                hidGetNpadStatesJoyRight
 *fill*         0x0000000000003adc        0x4 
 .text.hidGetNpadStatesGc
                0x0000000000003ae0      0x164 C:\devkitPro/libnx/lib\libnx.a(hid.o)
                0x0000000000003ae0                hidGetNpadStatesGc
 *fill*         0x0000000000003c44        0xc 
 .text.hidGetNpadStatesSystemExt
                0x0000000000003c50       0xb0 C:\devkitPro/libnx/lib\libnx.a(hid.o)
                0x0000000000003c50                hidGetNpadStatesSystemExt
 .text.hidSetSupportedNpadStyleSet
                0x0000000000003d00        0x8 C:\devkitPro/libnx/lib\libnx.a(hid.o)
                0x0000000000003d00                hidSetSupportedNpadStyleSet
 *fill*         0x0000000000003d08        0x8 
 .text.hidSetSupportedNpadIdType
                0x0000000000003d10      0x100 C:\devkitPro/libnx/lib\libnx.a(hid.o)
                0x0000000000003d10                hidSetSupportedNpadIdType
 .text.hosversionGet
                0x0000000000003e10       0x14 C:\devkitPro/libnx/lib\libnx.a(hosversion.o)
                0x0000000000003e10                hosversionGet
 *fill*         0x0000000000003e24        0xc 
 .text.hosversionSet
                0x0000000000003e30       0x10 C:\devkitPro/libnx/lib\libnx.a(hosversion.o)
                0x0000000000003e30                hosversionSet
 .text.envSetup
                0x0000000000003e40      0x208 C:\devkitPro/libnx/lib\libnx.a(env.o)
                0x0000000000003e40                envSetup
 *fill*         0x0000000000004048        0x8 
 .text.envGetMainThreadHandle
                0x0000000000004050       0x20 C:\devkitPro/libnx/lib\libnx.a(env.o)
                0x0000000000004050                envGetMainThreadHandle
 .text.envIsNso
                0x0000000000004070        0xc C:\devkitPro/libnx/lib\libnx.a(env.o)
                0x0000000000004070                envIsNso
 *fill*         0x000000000000407c        0x4 
 .text.envHasHeapOverride
                0x0000000000004080       0x14 C:\devkitPro/libnx/lib\libnx.a(env.o)
                0x0000000000004080                envHasHeapOverride
 *fill*         0x0000000000004094        0xc 
 .text.envGetHeapOverrideAddr
                0x00000000000040a0        0xc C:\devkitPro/libnx/lib\libnx.a(env.o)
                0x00000000000040a0                envGetHeapOverrideAddr
 *fill*         0x00000000000040ac        0x4 
 .text.envGetHeapOverrideSize
                0x00000000000040b0        0xc C:\devkitPro/libnx/lib\libnx.a(env.o)
                0x00000000000040b0                envGetHeapOverrideSize
 *fill*         0x00000000000040bc        0x4 
 .text.envHasArgv
                0x00000000000040c0       0x14 C:\devkitPro/libnx/lib\libnx.a(env.o)
                0x00000000000040c0                envHasArgv
 *fill*         0x00000000000040d4        0xc 
 .text.envGetArgv
                0x00000000000040e0        0xc C:\devkitPro/libnx/lib\libnx.a(env.o)
                0x00000000000040e0                envGetArgv
 *fill*         0x00000000000040ec        0x4 
 .text.envGetExitFuncPtr
                0x00000000000040f0        0xc C:\devkitPro/libnx/lib\libnx.a(env.o)
                0x00000000000040f0                envGetExitFuncPtr
 *fill*         0x00000000000040fc        0x4 
 .text.envSetExitFuncPtr
                0x0000000000004100        0xc C:\devkitPro/libnx/lib\libnx.a(env.o)
                0x0000000000004100                envSetExitFuncPtr
 *fill*         0x000000000000410c        0x4 
 .text.envHasRandomSeed
                0x0000000000004110        0xc C:\devkitPro/libnx/lib\libnx.a(env.o)
                0x0000000000004110                envHasRandomSeed
 *fill*         0x000000000000411c        0x4 
 .text.envGetRandomSeed
                0x0000000000004120       0x10 C:\devkitPro/libnx/lib\libnx.a(env.o)
                0x0000000000004120                envGetRandomSeed
 .text.__libnx_alloc
                0x0000000000004130        0x4 C:\devkitPro/libnx/lib\libnx.a(alloc.o)
                0x0000000000004130                __libnx_alloc
 *fill*         0x0000000000004134        0xc 
 .text.__libnx_aligned_alloc
                0x0000000000004140       0x14 C:\devkitPro/libnx/lib\libnx.a(alloc.o)
                0x0000000000004140                __libnx_aligned_alloc
 *fill*         0x0000000000004154        0xc 
 .text.__libnx_free
                0x0000000000004160        0x4 C:\devkitPro/libnx/lib\libnx.a(alloc.o)
                0x0000000000004160                __libnx_free
 *fill*         0x0000000000004164        0xc 
 .text._padUpdateWithCommonState
                0x0000000000004170       0x5c C:\devkitPro/libnx/lib\libnx.a(pad.o)
 *fill*         0x00000000000041cc        0x4 
 .text.padConfigureInput
                0x00000000000041d0       0x9c C:\devkitPro/libnx/lib\libnx.a(pad.o)
                0x00000000000041d0                padConfigureInput
 *fill*         0x000000000000426c        0x4 
 .text.padInitializeWithMask
                0x0000000000004270       0x24 C:\devkitPro/libnx/lib\libnx.a(pad.o)
                0x0000000000004270                padInitializeWithMask
 *fill*         0x0000000000004294        0xc 
 .text.padUpdate
                0x00000000000042a0      0x240 C:\devkitPro/libnx/lib\libnx.a(pad.o)
                0x00000000000042a0                padUpdate
 .text.diagAbortWithResult
                0x00000000000044e0       0x1c C:\devkitPro/libnx/lib\libnx.a(diag.o)
                0x00000000000044e0                diagAbortWithResult
 *fill*         0x00000000000044fc        0x4 
 .text.consoleDrawChar
                0x0000000000004500       0x48 C:\devkitPro/libnx/lib\libnx.a(console.o)
 *fill*         0x0000000000004548        0x8 
 .text.parseColor
                0x0000000000004550      0x20c C:\devkitPro/libnx/lib\libnx.a(console.o)
 *fill*         0x000000000000475c        0x4 
 .text.consoleNewRow
                0x0000000000004760       0xb0 C:\devkitPro/libnx/lib\libnx.a(console.o)
 .text.con_write
                0x0000000000004810      0xc98 C:\devkitPro/libnx/lib\libnx.a(console.o)
 *fill*         0x00000000000054a8        0x8 
 .text.consoleInit
                0x00000000000054b0      0x154 C:\devkitPro/libnx/lib\libnx.a(console.o)
                0x00000000000054b0                consoleInit
 *fill*         0x0000000000005604        0xc 
 .text.consoleExit
                0x0000000000005610       0x48 C:\devkitPro/libnx/lib\libnx.a(console.o)
                0x0000000000005610                consoleExit
 *fill*         0x0000000000005658        0x8 
 .text.consoleUpdate
                0x0000000000005660       0x2c C:\devkitPro/libnx/lib\libnx.a(console.o)
                0x0000000000005660                consoleUpdate
 *fill*         0x000000000000568c        0x4 
 .text.consoleClear
                0x0000000000005690       0x84 C:\devkitPro/libnx/lib\libnx.a(console.o)
                0x0000000000005690                consoleClear
 *fill*         0x0000000000005714        0xc 
 .text.ConsoleSwRenderer_drawChar
                0x0000000000005720      0x1c8 C:\devkitPro/libnx/lib\libnx.a(console_sw.o)
 *fill*         0x00000000000058e8        0x8 
 .text.ConsoleSwRenderer_init
                0x00000000000058f0       0xf8 C:\devkitPro/libnx/lib\libnx.a(console_sw.o)
 *fill*         0x00000000000059e8        0x8 
 .text.ConsoleSwRenderer_flushAndSwap
                0x00000000000059f0       0x70 C:\devkitPro/libnx/lib\libnx.a(console_sw.o)
 .text.ConsoleSwRenderer_scrollWindow
                0x0000000000005a60       0xd0 C:\devkitPro/libnx/lib\libnx.a(console_sw.o)
 .text.ConsoleSwRenderer_deinit
                0x0000000000005b30       0x4c C:\devkitPro/libnx/lib\libnx.a(console_sw.o)
 *fill*         0x0000000000005b7c        0x4 
 .text.getDefaultConsoleRenderer
                0x0000000000005b80        0xc C:\devkitPro/libnx/lib\libnx.a(console_sw.o)
                0x0000000000005b80                getDefaultConsoleRenderer
 .text.svcSetHeapSize
                0x0000000000005b8c       0x14 C:\devkitPro/libnx/lib\libnx.a(svc.o)
                0x0000000000005b8c                svcSetHeapSize
 .text.svcSetMemoryPermission
                0x0000000000005ba0        0x8 C:\devkitPro/libnx/lib\libnx.a(svc.o)
                0x0000000000005ba0                svcSetMemoryPermission
 .text.svcSetMemoryAttribute
                0x0000000000005ba8        0x8 C:\devkitPro/libnx/lib\libnx.a(svc.o)
                0x0000000000005ba8                svcSetMemoryAttribute
 .text.svcUnmapMemory
                0x0000000000005bb0        0x8 C:\devkitPro/libnx/lib\libnx.a(svc.o)
                0x0000000000005bb0                svcUnmapMemory
 .text.svcQueryMemory
                0x0000000000005bb8       0x14 C:\devkitPro/libnx/lib\libnx.a(svc.o)
                0x0000000000005bb8                svcQueryMemory
 .text.svcExitProcess
                0x0000000000005bcc        0x8 C:\devkitPro/libnx/lib\libnx.a(svc.o)
                0x0000000000005bcc                svcExitProcess
 .text.svcSleepThread
                0x0000000000005bd4        0x8 C:\devkitPro/libnx/lib\libnx.a(svc.o)
                0x0000000000005bd4                svcSleepThread
 .text.svcMapSharedMemory
                0x0000000000005bdc        0x8 C:\devkitPro/libnx/lib\libnx.a(svc.o)
                0x0000000000005bdc                svcMapSharedMemory
 .text.svcUnmapSharedMemory
                0x0000000000005be4        0x8 C:\devkitPro/libnx/lib\libnx.a(svc.o)
                0x0000000000005be4                svcUnmapSharedMemory
 .text.svcCreateTransferMemory
                0x0000000000005bec       0x14 C:\devkitPro/libnx/lib\libnx.a(svc.o)
                0x0000000000005bec                svcCreateTransferMemory
 .text.svcCloseHandle
                0x0000000000005c00        0x8 C:\devkitPro/libnx/lib\libnx.a(svc.o)
                0x0000000000005c00                svcCloseHandle
 .text.svcResetSignal
                0x0000000000005c08        0x8 C:\devkitPro/libnx/lib\libnx.a(svc.o)
                0x0000000000005c08                svcResetSignal
 .text.svcWaitSynchronization
                0x0000000000005c10       0x14 C:\devkitPro/libnx/lib\libnx.a(svc.o)
                0x0000000000005c10                svcWaitSynchronization
 .text.svcArbitrateLock
                0x0000000000005c24        0x8 C:\devkitPro/libnx/lib\libnx.a(svc.o)
                0x0000000000005c24                svcArbitrateLock
 .text.svcArbitrateUnlock
                0x0000000000005c2c        0x8 C:\devkitPro/libnx/lib\libnx.a(svc.o)
                0x0000000000005c2c                svcArbitrateUnlock
 .text.svcWaitProcessWideKeyAtomic
                0x0000000000005c34        0x8 C:\devkitPro/libnx/lib\libnx.a(svc.o)
                0x0000000000005c34                svcWaitProcessWideKeyAtomic
 .text.svcSignalProcessWideKey
                0x0000000000005c3c        0x8 C:\devkitPro/libnx/lib\libnx.a(svc.o)
                0x0000000000005c3c                svcSignalProcessWideKey
 .text.svcConnectToNamedPort
                0x0000000000005c44       0x14 C:\devkitPro/libnx/lib\libnx.a(svc.o)
                0x0000000000005c44                svcConnectToNamedPort
 .text.svcSendSyncRequest
                0x0000000000005c58        0x8 C:\devkitPro/libnx/lib\libnx.a(svc.o)
                0x0000000000005c58                svcSendSyncRequest
 .text.svcBreak
                0x0000000000005c60        0x8 C:\devkitPro/libnx/lib\libnx.a(svc.o)
                0x0000000000005c60                svcBreak
 .text.svcReturnFromException
                0x0000000000005c68        0x8 C:\devkitPro/libnx/lib\libnx.a(svc.o)
                0x0000000000005c68                svcReturnFromException
 .text.svcGetInfo
                0x0000000000005c70       0x14 C:\devkitPro/libnx/lib\libnx.a(svc.o)
                0x0000000000005c70                svcGetInfo
 .text.svcUnmapTransferMemory
                0x0000000000005c84        0x8 C:\devkitPro/libnx/lib\libnx.a(svc.o)
                0x0000000000005c84                svcUnmapTransferMemory
 *fill*         0x0000000000005c8c        0x4 
 .text.shmemLoadRemote
                0x0000000000005c90       0x14 C:\devkitPro/libnx/lib\libnx.a(shmem.o)
                0x0000000000005c90                shmemLoadRemote
 *fill*         0x0000000000005ca4        0xc 
 .text.shmemMap
                0x0000000000005cb0       0x88 C:\devkitPro/libnx/lib\libnx.a(shmem.o)
                0x0000000000005cb0                shmemMap
 *fill*         0x0000000000005d38        0x8 
 .text.shmemUnmap
                0x0000000000005d40       0x34 C:\devkitPro/libnx/lib\libnx.a(shmem.o)
                0x0000000000005d40                shmemUnmap
 *fill*         0x0000000000005d74        0xc 
 .text.shmemClose
                0x0000000000005d80       0x44 C:\devkitPro/libnx/lib\libnx.a(shmem.o)
                0x0000000000005d80                shmemClose
 *fill*         0x0000000000005dc4        0xc 
 .text.waitObjects
                0x0000000000005dd0      0x524 C:\devkitPro/libnx/lib\libnx.a(wait.o)
                0x0000000000005dd0                waitObjects
 *fill*         0x00000000000062f4        0xc 
 .text.tmemCreate
                0x0000000000006300       0xa8 C:\devkitPro/libnx/lib\libnx.a(tmem.o)
                0x0000000000006300                tmemCreate
 *fill*         0x00000000000063a8        0x8 
 .text.tmemUnmap
                0x00000000000063b0       0x34 C:\devkitPro/libnx/lib\libnx.a(tmem.o)
                0x00000000000063b0                tmemUnmap
 *fill*         0x00000000000063e4        0xc 
 .text.tmemCloseHandle
                0x00000000000063f0       0x38 C:\devkitPro/libnx/lib\libnx.a(tmem.o)
                0x00000000000063f0                tmemCloseHandle
 *fill*         0x0000000000006428        0x8 
 .text.tmemWaitForPermission
                0x0000000000006430       0xf0 C:\devkitPro/libnx/lib\libnx.a(tmem.o)
                0x0000000000006430                tmemWaitForPermission
 .text.tmemClose
                0x0000000000006520       0x54 C:\devkitPro/libnx/lib\libnx.a(tmem.o)
                0x0000000000006520                tmemClose
 *fill*         0x0000000000006574        0xc 
 .text.mutexLock
                0x0000000000006580       0x80 C:\devkitPro/libnx/lib\libnx.a(mutex.o)
                0x0000000000006580                mutexLock
 .text.mutexUnlock
                0x0000000000006600       0x68 C:\devkitPro/libnx/lib\libnx.a(mutex.o)
                0x0000000000006600                mutexUnlock
 *fill*         0x0000000000006668        0x8 
 .text.mutexIsLockedByCurrentThread
                0x0000000000006670       0x1c C:\devkitPro/libnx/lib\libnx.a(mutex.o)
                0x0000000000006670                mutexIsLockedByCurrentThread
 *fill*         0x000000000000668c        0x4 
 .text.rmutexLock
                0x0000000000006690       0x4c C:\devkitPro/libnx/lib\libnx.a(mutex.o)
                0x0000000000006690                rmutexLock
 *fill*         0x00000000000066dc        0x4 
 .text.rmutexUnlock
                0x00000000000066e0       0x1c C:\devkitPro/libnx/lib\libnx.a(mutex.o)
                0x00000000000066e0                rmutexUnlock
 *fill*         0x00000000000066fc        0x4 
 .text._memregionInitWithInfo
                0x0000000000006700       0x64 C:\devkitPro/libnx/lib\libnx.a(virtmem.o)
 *fill*         0x0000000000006764        0xc 
 .text.__libnx_virtmem_rng
                0x0000000000006770        0x4 C:\devkitPro/libnx/lib\libnx.a(virtmem.o)
                0x0000000000006770                __libnx_virtmem_rng
 *fill*         0x0000000000006774        0xc 
 .text._memregionFindRandom
                0x0000000000006780      0x16c C:\devkitPro/libnx/lib\libnx.a(virtmem.o)
 *fill*         0x00000000000068ec        0x4 
 .text.virtmemSetup
                0x00000000000068f0      0x120 C:\devkitPro/libnx/lib\libnx.a(virtmem.o)
                0x00000000000068f0                virtmemSetup
 .text.virtmemLock
                0x0000000000006a10        0xc C:\devkitPro/libnx/lib\libnx.a(virtmem.o)
                0x0000000000006a10                virtmemLock
 *fill*         0x0000000000006a1c        0x4 
 .text.virtmemUnlock
                0x0000000000006a20        0xc C:\devkitPro/libnx/lib\libnx.a(virtmem.o)
                0x0000000000006a20                virtmemUnlock
 *fill*         0x0000000000006a2c        0x4 
 .text.virtmemFindAslr
                0x0000000000006a30       0x50 C:\devkitPro/libnx/lib\libnx.a(virtmem.o)
                0x0000000000006a30                virtmemFindAslr
 .text.eventLoadRemote
                0x0000000000006a80        0xc C:\devkitPro/libnx/lib\libnx.a(event.o)
                0x0000000000006a80                eventLoadRemote
 *fill*         0x0000000000006a8c        0x4 
 .text.eventWait
                0x0000000000006a90       0x38 C:\devkitPro/libnx/lib\libnx.a(event.o)
                0x0000000000006a90                eventWait
 *fill*         0x0000000000006ac8        0x8 
 .text.eventClose
                0x0000000000006ad0       0x50 C:\devkitPro/libnx/lib\libnx.a(event.o)
                0x0000000000006ad0                eventClose
 .text.randomGet
                0x0000000000006b20      0x3d4 C:\devkitPro/libnx/lib\libnx.a(random.o)
                0x0000000000006b20                randomGet
 *fill*         0x0000000000006ef4        0xc 
 .text.randomGet64
                0x0000000000006f00       0x20 C:\devkitPro/libnx/lib\libnx.a(random.o)
                0x0000000000006f00                randomGet64
 .text._apmCleanup
                0x0000000000006f20       0xc0 C:\devkitPro/libnx/lib\libnx.a(apm.o)
 .text._apmCmdGetSession.constprop.0
                0x0000000000006fe0       0xfc C:\devkitPro/libnx/lib\libnx.a(apm.o)
 *fill*         0x00000000000070dc        0x4 
 .text.apmInitialize
                0x00000000000070e0       0xa0 C:\devkitPro/libnx/lib\libnx.a(apm.o)
                0x00000000000070e0                apmInitialize
 .text.apmExit  0x0000000000007180       0x44 C:\devkitPro/libnx/lib\libnx.a(apm.o)
                0x0000000000007180                apmExit
 *fill*         0x00000000000071c4        0xc 
 .text.apmSetPerformanceConfiguration
                0x00000000000071d0       0xc8 C:\devkitPro/libnx/lib\libnx.a(apm.o)
                0x00000000000071d0                apmSetPerformanceConfiguration
 *fill*         0x0000000000007298        0x8 
 .text._smCmifCmdInPid
                0x00000000000072a0       0xd0 C:\devkitPro/libnx/lib\libnx.a(sm.o)
 .text._smCleanup
                0x0000000000007370       0x68 C:\devkitPro/libnx/lib\libnx.a(sm.o)
 *fill*         0x00000000000073d8        0x8 
 .text.smAddOverrideHandle
                0x00000000000073e0       0x48 C:\devkitPro/libnx/lib\libnx.a(sm.o)
                0x00000000000073e0                smAddOverrideHandle
 *fill*         0x0000000000007428        0x8 
 .text.smGetServiceOverride
                0x0000000000007430       0x54 C:\devkitPro/libnx/lib\libnx.a(sm.o)
                0x0000000000007430                smGetServiceOverride
 *fill*         0x0000000000007484        0xc 
 .text.smInitialize
                0x0000000000007490      0x1c0 C:\devkitPro/libnx/lib\libnx.a(sm.o)
                0x0000000000007490                smInitialize
 .text.smExit   0x0000000000007650       0x44 C:\devkitPro/libnx/lib\libnx.a(sm.o)
                0x0000000000007650                smExit
 *fill*         0x0000000000007694        0xc 
 .text.smGetServiceOriginal
                0x00000000000076a0       0xd0 C:\devkitPro/libnx/lib\libnx.a(sm.o)
                0x00000000000076a0                smGetServiceOriginal
 .text.smGetServiceWrapper
                0x0000000000007770      0x120 C:\devkitPro/libnx/lib\libnx.a(sm.o)
                0x0000000000007770                smGetServiceWrapper
 .text.framebufferMakeLinear
                0x0000000000007890       0x8c C:\devkitPro/libnx/lib\libnx.a(framebuffer.o)
                0x0000000000007890                framebufferMakeLinear
 *fill*         0x000000000000791c        0x4 
 .text.framebufferClose
                0x0000000000007920       0x80 C:\devkitPro/libnx/lib\libnx.a(framebuffer.o)
                0x0000000000007920                framebufferClose
 .text.framebufferCreate
                0x00000000000079a0      0x2b0 C:\devkitPro/libnx/lib\libnx.a(framebuffer.o)
                0x00000000000079a0                framebufferCreate
 .text.framebufferBegin
                0x0000000000007c50       0x88 C:\devkitPro/libnx/lib\libnx.a(framebuffer.o)
                0x0000000000007c50                framebufferBegin
 *fill*         0x0000000000007cd8        0x8 
 .text.framebufferEnd
                0x0000000000007ce0      0x18c C:\devkitPro/libnx/lib\libnx.a(framebuffer.o)
                0x0000000000007ce0                framebufferEnd
 *fill*         0x0000000000007e6c        0x4 
 .text.nwindowGetDefault
                0x0000000000007e70        0xc C:\devkitPro/libnx/lib\libnx.a(default_window.o)
                0x0000000000007e70                nwindowGetDefault
 *fill*         0x0000000000007e7c        0x4 
 .text.__nx_win_init
                0x0000000000007e80       0xb0 C:\devkitPro/libnx/lib\libnx.a(default_window.o)
                0x0000000000007e80                __nx_win_init
 .text.__nx_win_exit
                0x0000000000007f30       0x34 C:\devkitPro/libnx/lib\libnx.a(default_window.o)
                0x0000000000007f30                __nx_win_exit
 *fill*         0x0000000000007f64        0xc 
 .text.nwindowIsValid
                0x0000000000007f70       0x24 C:\devkitPro/libnx/lib\libnx.a(native_window.o)
                0x0000000000007f70                nwindowIsValid
 *fill*         0x0000000000007f94        0xc 
 .text.nwindowClose
                0x0000000000007fa0       0x7c C:\devkitPro/libnx/lib\libnx.a(native_window.o)
                0x0000000000007fa0                nwindowClose
 *fill*         0x000000000000801c        0x4 
 .text.nwindowCreate
                0x0000000000008020       0xf4 C:\devkitPro/libnx/lib\libnx.a(native_window.o)
                0x0000000000008020                nwindowCreate
 *fill*         0x0000000000008114        0xc 
 .text.nwindowCreateFromLayer
                0x0000000000008120       0x34 C:\devkitPro/libnx/lib\libnx.a(native_window.o)
                0x0000000000008120                nwindowCreateFromLayer
 *fill*         0x0000000000008154        0xc 
 .text.nwindowSetDimensions
                0x0000000000008160       0x84 C:\devkitPro/libnx/lib\libnx.a(native_window.o)
                0x0000000000008160                nwindowSetDimensions
 *fill*         0x00000000000081e4        0xc 
 .text.nwindowConfigureBuffer
                0x00000000000081f0      0x18c C:\devkitPro/libnx/lib\libnx.a(native_window.o)
                0x00000000000081f0                nwindowConfigureBuffer
 *fill*         0x000000000000837c        0x4 
 .text.nwindowDequeueBuffer
                0x0000000000008380      0x1e0 C:\devkitPro/libnx/lib\libnx.a(native_window.o)
                0x0000000000008380                nwindowDequeueBuffer
 .text.nwindowQueueBuffer
                0x0000000000008560      0x13c C:\devkitPro/libnx/lib\libnx.a(native_window.o)
                0x0000000000008560                nwindowQueueBuffer
 *fill*         0x000000000000869c        0x4 
 .text.nwindowReleaseBuffers
                0x00000000000086a0       0x94 C:\devkitPro/libnx/lib\libnx.a(native_window.o)
                0x00000000000086a0                nwindowReleaseBuffers
 *fill*         0x0000000000008734        0xc 
 .text.__nx_dynamic
                0x0000000000008740      0x154 C:\devkitPro/libnx/lib\libnx.a(dynamic.o)
                0x0000000000008740                __nx_dynamic
 *fill*         0x0000000000008894        0xc 
 .text.__libnx_initheap
                0x00000000000088a0       0xd4 C:\devkitPro/libnx/lib\libnx.a(init.o)
                0x00000000000088a0                __libnx_initheap
 *fill*         0x0000000000008974        0xc 
 .text.__appInit
                0x0000000000008980       0xec C:\devkitPro/libnx/lib\libnx.a(init.o)
                0x0000000000008980                __appInit
 *fill*         0x0000000000008a6c        0x4 
 .text.__appExit
                0x0000000000008a70       0x44 C:\devkitPro/libnx/lib\libnx.a(init.o)
                0x0000000000008a70                __appExit
 *fill*         0x0000000000008ab4        0xc 
 .text.__libnx_init
                0x0000000000008ac0       0x2c C:\devkitPro/libnx/lib\libnx.a(init.o)
                0x0000000000008ac0                __libnx_init
 *fill*         0x0000000000008aec        0x4 
 .text.__libnx_exit
                0x0000000000008af0       0x20 C:\devkitPro/libnx/lib\libnx.a(init.o)
                0x0000000000008af0                __libnx_exit
 .text.__syscall_exit
                0x0000000000008b10       0x1c C:\devkitPro/libnx/lib\libnx.a(newlib.o)
                0x0000000000008b10                __syscall_exit
 *fill*         0x0000000000008b2c        0x4 
 .text.__syscall_getreent
                0x0000000000008b30       0x34 C:\devkitPro/libnx/lib\libnx.a(newlib.o)
                0x0000000000008b30                __syscall_getreent
 *fill*         0x0000000000008b64        0xc 
 .text.__syscall_lock_acquire
                0x0000000000008b70        0x4 C:\devkitPro/libnx/lib\libnx.a(newlib.o)
                0x0000000000008b70                __syscall_lock_acquire
 *fill*         0x0000000000008b74        0xc 
 .text.__syscall_lock_release
                0x0000000000008b80        0x4 C:\devkitPro/libnx/lib\libnx.a(newlib.o)
                0x0000000000008b80                __syscall_lock_release
 *fill*         0x0000000000008b84        0xc 
 .text.__syscall_lock_acquire_recursive
                0x0000000000008b90        0x4 C:\devkitPro/libnx/lib\libnx.a(newlib.o)
                0x0000000000008b90                __syscall_lock_acquire_recursive
 *fill*         0x0000000000008b94        0xc 
 .text.__syscall_lock_release_recursive
                0x0000000000008ba0        0x4 C:\devkitPro/libnx/lib\libnx.a(newlib.o)
                0x0000000000008ba0                __syscall_lock_release_recursive
 *fill*         0x0000000000008ba4        0xc 
 .text.__libnx_init_time
                0x0000000000008bb0      0x238 C:\devkitPro/libnx/lib\libnx.a(newlib.o)
                0x0000000000008bb0                __libnx_init_time
 *fill*         0x0000000000008de8        0x8 
 .text.newlibSetup
                0x0000000000008df0       0x9c C:\devkitPro/libnx/lib\libnx.a(newlib.o)
                0x0000000000008df0                newlibSetup
 *fill*         0x0000000000008e8c        0x4 
 .text.argvSetup
                0x0000000000008e90      0x2f8 C:\devkitPro/libnx/lib\libnx.a(argv.o)
                0x0000000000008e90                argvSetup
 *fill*         0x0000000000009188        0x8 
 .text.fsdev_link
                0x0000000000009190       0x14 C:\devkitPro/libnx/lib\libnx.a(fs_dev.o)
 *fill*         0x00000000000091a4        0xc 
 .text.fsdev_dirreset
                0x00000000000091b0       0x14 C:\devkitPro/libnx/lib\libnx.a(fs_dev.o)
 *fill*         0x00000000000091c4        0xc 
 .text.fsdev_chmod
                0x00000000000091d0       0x14 C:\devkitPro/libnx/lib\libnx.a(fs_dev.o)
 *fill*         0x00000000000091e4        0xc 
 .text.error_cmp
                0x00000000000091f0       0x18 C:\devkitPro/libnx/lib\libnx.a(fs_dev.o)
 *fill*         0x0000000000009208        0x8 
 .text.fsdev_dirclose
                0x0000000000009210       0x20 C:\devkitPro/libnx/lib\libnx.a(fs_dev.o)
 .text.fsdev_close
                0x0000000000009230       0x1c C:\devkitPro/libnx/lib\libnx.a(fs_dev.o)
 *fill*         0x000000000000924c        0x4 
 .text.fsdev_converttimetoutc
                0x0000000000009250       0x80 C:\devkitPro/libnx/lib\libnx.a(fs_dev.o)
 .text.fsdevFindDevice.part.0
                0x00000000000092d0       0xe0 C:\devkitPro/libnx/lib\libnx.a(fs_dev.o)
 .text.fsdev_fixpath
                0x00000000000093b0      0x1c0 C:\devkitPro/libnx/lib\libnx.a(fs_dev.o)
 .text._fsdevUnmountDeviceStruct.part.0
                0x0000000000009570       0xa0 C:\devkitPro/libnx/lib\libnx.a(fs_dev.o)
 .text.fsdev_fchmod
                0x0000000000009610       0x14 C:\devkitPro/libnx/lib\libnx.a(fs_dev.o)
 *fill*         0x0000000000009624        0xc 
 .text.fsdev_diropen
                0x0000000000009630      0x108 C:\devkitPro/libnx/lib\libnx.a(fs_dev.o)
 *fill*         0x0000000000009738        0x8 
 .text.fsdev_statvfs
                0x0000000000009740       0xfc C:\devkitPro/libnx/lib\libnx.a(fs_dev.o)
 *fill*         0x000000000000983c        0x4 
 .text.fsdev_fsync
                0x0000000000009840       0x7c C:\devkitPro/libnx/lib\libnx.a(fs_dev.o)
 *fill*         0x00000000000098bc        0x4 
 .text.fsdev_fstat
                0x00000000000098c0       0xf4 C:\devkitPro/libnx/lib\libnx.a(fs_dev.o)
 *fill*         0x00000000000099b4        0xc 
 .text.fsdev_ftruncate
                0x00000000000099c0       0x94 C:\devkitPro/libnx/lib\libnx.a(fs_dev.o)
 *fill*         0x0000000000009a54        0xc 
 .text.fsdev_stat
                0x0000000000009a60      0x1fc C:\devkitPro/libnx/lib\libnx.a(fs_dev.o)
 *fill*         0x0000000000009c5c        0x4 
 .text.fsdev_rename
                0x0000000000009c60      0x14c C:\devkitPro/libnx/lib\libnx.a(fs_dev.o)
 *fill*         0x0000000000009dac        0x4 
 .text.fsdev_chdir
                0x0000000000009db0      0x140 C:\devkitPro/libnx/lib\libnx.a(fs_dev.o)
 .text.fsdev_mkdir
                0x0000000000009ef0       0xa4 C:\devkitPro/libnx/lib\libnx.a(fs_dev.o)
 *fill*         0x0000000000009f94        0xc 
 .text.fsdev_unlink
                0x0000000000009fa0       0xa4 C:\devkitPro/libnx/lib\libnx.a(fs_dev.o)
 *fill*         0x000000000000a044        0xc 
 .text.fsdev_rmdir
                0x000000000000a050       0xa4 C:\devkitPro/libnx/lib\libnx.a(fs_dev.o)
 *fill*         0x000000000000a0f4        0xc 
 .text.fsdev_write_safe
                0x000000000000a100      0x144 C:\devkitPro/libnx/lib\libnx.a(fs_dev.o)
 *fill*         0x000000000000a244        0xc 
 .text.fsdev_read_safe
                0x000000000000a250      0x13c C:\devkitPro/libnx/lib\libnx.a(fs_dev.o)
 *fill*         0x000000000000a38c        0x4 
 .text.fsdev_read
                0x000000000000a390      0x100 C:\devkitPro/libnx/lib\libnx.a(fs_dev.o)
 .text.fsdev_dirnext
                0x000000000000a490      0x1b8 C:\devkitPro/libnx/lib\libnx.a(fs_dev.o)
 *fill*         0x000000000000a648        0x8 
 .text.fsdev_write
                0x000000000000a650      0x124 C:\devkitPro/libnx/lib\libnx.a(fs_dev.o)
 *fill*         0x000000000000a774        0xc 
 .text.fsdev_seek
                0x000000000000a780       0xec C:\devkitPro/libnx/lib\libnx.a(fs_dev.o)
 *fill*         0x000000000000a86c        0x4 
 .text.fsdev_open
                0x000000000000a870      0x244 C:\devkitPro/libnx/lib\libnx.a(fs_dev.o)
 *fill*         0x000000000000aab4        0xc 
 .text.fsdevMountDevice
                0x000000000000aac0      0x224 C:\devkitPro/libnx/lib\libnx.a(fs_dev.o)
                0x000000000000aac0                fsdevMountDevice
 *fill*         0x000000000000ace4        0xc 
 .text.fsdevMountSdmc
                0x000000000000acf0       0x40 C:\devkitPro/libnx/lib\libnx.a(fs_dev.o)
                0x000000000000acf0                fsdevMountSdmc
 .text.__libnx_init_cwd
                0x000000000000ad30       0xc0 C:\devkitPro/libnx/lib\libnx.a(fs_dev.o)
                0x000000000000ad30                __libnx_init_cwd
 .text.fsdevUnmountAll
                0x000000000000adf0       0x64 C:\devkitPro/libnx/lib\libnx.a(fs_dev.o)
                0x000000000000adf0                fsdevUnmountAll
 *fill*         0x000000000000ae54        0xc 
 .text.decode_utf8
                0x000000000000ae60      0x12c C:\devkitPro/libnx/lib\libnx.a(decode_utf8.o)
                0x000000000000ae60                decode_utf8
 .text.armDCacheFlush
                0x000000000000af8c       0x4c C:\devkitPro/libnx/lib\libnx.a(cache.o)
                0x000000000000af8c                armDCacheFlush
 .text.__libnx_exception_entry
                0x000000000000afd8      0x1c0 C:\devkitPro/libnx/lib\libnx.a(exception.o)
                0x000000000000afd8                __libnx_exception_entry
 .text.__libnx_exception_returnentry
                0x000000000000b198       0x18 C:\devkitPro/libnx/lib\libnx.a(exception.o)
                0x000000000000b198                __libnx_exception_returnentry
 .text.__aarch64_read_tp
                0x000000000000b1b0        0xc C:\devkitPro/libnx/lib\libnx.a(readtp.o)
                0x000000000000b1b0                __aarch64_read_tp
 *fill*         0x000000000000b1bc        0x4 
 .text.condvarWaitTimeout
                0x000000000000b1c0       0x64 C:\devkitPro/libnx/lib\libnx.a(condvar.o)
                0x000000000000b1c0                condvarWaitTimeout
 *fill*         0x000000000000b224        0xc 
 .text.__libnx_init_thread
                0x000000000000b230       0xb0 C:\devkitPro/libnx/lib\libnx.a(thread.o)
                0x000000000000b230                __libnx_init_thread
 .text._viCleanup
                0x000000000000b2e0      0x1dc C:\devkitPro/libnx/lib\libnx.a(vi.o)
 *fill*         0x000000000000b4bc        0x4 
 .text._viCmdGetSessionNoParams.constprop.0
                0x000000000000b4c0      0x100 C:\devkitPro/libnx/lib\libnx.a(vi.o)
 .text._viCmdGetSession.constprop.0
                0x000000000000b5c0       0xfc C:\devkitPro/libnx/lib\libnx.a(vi.o)
 *fill*         0x000000000000b6bc        0x4 
 .text.viInitialize
                0x000000000000b6c0      0x28c C:\devkitPro/libnx/lib\libnx.a(vi.o)
                0x000000000000b6c0                viInitialize
 *fill*         0x000000000000b94c        0x4 
 .text.viExit   0x000000000000b950       0x44 C:\devkitPro/libnx/lib\libnx.a(vi.o)
                0x000000000000b950                viExit
 *fill*         0x000000000000b994        0xc 
 .text.viGetSession_IHOSBinderDriverRelay
                0x000000000000b9a0        0xc C:\devkitPro/libnx/lib\libnx.a(vi.o)
                0x000000000000b9a0                viGetSession_IHOSBinderDriverRelay
 *fill*         0x000000000000b9ac        0x4 
 .text.viOpenDisplay
                0x000000000000b9b0      0x110 C:\devkitPro/libnx/lib\libnx.a(vi.o)
                0x000000000000b9b0                viOpenDisplay
 .text.viCloseDisplay
                0x000000000000bac0       0xf4 C:\devkitPro/libnx/lib\libnx.a(vi.o)
                0x000000000000bac0                viCloseDisplay
 *fill*         0x000000000000bbb4        0xc 
 .text.viCloseLayer
                0x000000000000bbc0       0xfc C:\devkitPro/libnx/lib\libnx.a(vi.o)
                0x000000000000bbc0                viCloseLayer
 *fill*         0x000000000000bcbc        0x4 
 .text.viCreateLayer
                0x000000000000bcc0      0x378 C:\devkitPro/libnx/lib\libnx.a(vi.o)
                0x000000000000bcc0                viCreateLayer
 *fill*         0x000000000000c038        0x8 
 .text.viSetLayerScalingMode
                0x000000000000c040       0xd8 C:\devkitPro/libnx/lib\libnx.a(vi.o)
                0x000000000000c040                viSetLayerScalingMode
 *fill*         0x000000000000c118        0x8 
 .text._setsysGetFirmwareVersionImpl
                0x000000000000c120       0xd4 C:\devkitPro/libnx/lib\libnx.a(set.o)
 *fill*         0x000000000000c1f4        0xc 
 .text._setsysCleanup
                0x000000000000c200       0x68 C:\devkitPro/libnx/lib\libnx.a(set.o)
 *fill*         0x000000000000c268        0x8 
 .text.setsysInitialize
                0x000000000000c270       0xa0 C:\devkitPro/libnx/lib\libnx.a(set.o)
                0x000000000000c270                setsysInitialize
 .text.setsysExit
                0x000000000000c310       0x44 C:\devkitPro/libnx/lib\libnx.a(set.o)
                0x000000000000c310                setsysExit
 *fill*         0x000000000000c354        0xc 
 .text.setsysGetFirmwareVersion
                0x000000000000c360       0x44 C:\devkitPro/libnx/lib\libnx.a(set.o)
                0x000000000000c360                setsysGetFirmwareVersion
 *fill*         0x000000000000c3a4        0xc 
 .text._fsCleanup
                0x000000000000c3b0       0xb4 C:\devkitPro/libnx/lib\libnx.a(fs.o)
 *fill*         0x000000000000c464        0xc 
 .text._fsCmdNoIO
                0x000000000000c470      0x1a8 C:\devkitPro/libnx/lib\libnx.a(fs.o)
 *fill*         0x000000000000c618        0x8 
 .text._fsFsCmdWithInPath
                0x000000000000c620      0x1d8 C:\devkitPro/libnx/lib\libnx.a(fs.o)
 *fill*         0x000000000000c7f8        0x8 
 .text._fsFsCmdWithTwoInPaths
                0x000000000000c800      0x1f4 C:\devkitPro/libnx/lib\libnx.a(fs.o)
 *fill*         0x000000000000c9f4        0xc 
 .text._fsFsOpenCommon
                0x000000000000ca00      0x25c C:\devkitPro/libnx/lib\libnx.a(fs.o)
 *fill*         0x000000000000cc5c        0x4 
 .text._fsFsCmdWithInPathAndOutU64
                0x000000000000cc60      0x1ec C:\devkitPro/libnx/lib\libnx.a(fs.o)
 *fill*         0x000000000000ce4c        0x4 
 .text._fsObjectClose
                0x000000000000ce50       0xf4 C:\devkitPro/libnx/lib\libnx.a(fs.o)
 *fill*         0x000000000000cf44        0xc 
 .text._fsCmdGetSession.constprop.0
                0x000000000000cf50      0x1f4 C:\devkitPro/libnx/lib\libnx.a(fs.o)
 *fill*         0x000000000000d144        0xc 
 .text.fsInitialize
                0x000000000000d150      0x2f8 C:\devkitPro/libnx/lib\libnx.a(fs.o)
                0x000000000000d150                fsInitialize
 *fill*         0x000000000000d448        0x8 
 .text.fsExit   0x000000000000d450       0x44 C:\devkitPro/libnx/lib\libnx.a(fs.o)
                0x000000000000d450                fsExit
 *fill*         0x000000000000d494        0xc 
 .text.fsOpenSdCardFileSystem
                0x000000000000d4a0        0x8 C:\devkitPro/libnx/lib\libnx.a(fs.o)
                0x000000000000d4a0                fsOpenSdCardFileSystem
 *fill*         0x000000000000d4a8        0x8 
 .text.fsFsCreateFile
                0x000000000000d4b0      0x1f0 C:\devkitPro/libnx/lib\libnx.a(fs.o)
                0x000000000000d4b0                fsFsCreateFile
 .text.fsFsDeleteFile
                0x000000000000d6a0        0x8 C:\devkitPro/libnx/lib\libnx.a(fs.o)
                0x000000000000d6a0                fsFsDeleteFile
 *fill*         0x000000000000d6a8        0x8 
 .text.fsFsCreateDirectory
                0x000000000000d6b0        0x8 C:\devkitPro/libnx/lib\libnx.a(fs.o)
                0x000000000000d6b0                fsFsCreateDirectory
 *fill*         0x000000000000d6b8        0x8 
 .text.fsFsDeleteDirectory
                0x000000000000d6c0        0x8 C:\devkitPro/libnx/lib\libnx.a(fs.o)
                0x000000000000d6c0                fsFsDeleteDirectory
 *fill*         0x000000000000d6c8        0x8 
 .text.fsFsRenameFile
                0x000000000000d6d0        0x8 C:\devkitPro/libnx/lib\libnx.a(fs.o)
                0x000000000000d6d0                fsFsRenameFile
 *fill*         0x000000000000d6d8        0x8 
 .text.fsFsRenameDirectory
                0x000000000000d6e0        0x8 C:\devkitPro/libnx/lib\libnx.a(fs.o)
                0x000000000000d6e0                fsFsRenameDirectory
 *fill*         0x000000000000d6e8        0x8 
 .text.fsFsGetEntryType
                0x000000000000d6f0      0x1f0 C:\devkitPro/libnx/lib\libnx.a(fs.o)
                0x000000000000d6f0                fsFsGetEntryType
 .text.fsFsOpenFile
                0x000000000000d8e0        0x8 C:\devkitPro/libnx/lib\libnx.a(fs.o)
                0x000000000000d8e0                fsFsOpenFile
 *fill*         0x000000000000d8e8        0x8 
 .text.fsFsOpenDirectory
                0x000000000000d8f0        0x8 C:\devkitPro/libnx/lib\libnx.a(fs.o)
                0x000000000000d8f0                fsFsOpenDirectory
 *fill*         0x000000000000d8f8        0x8 
 .text.fsFsGetFreeSpace
                0x000000000000d900        0x8 C:\devkitPro/libnx/lib\libnx.a(fs.o)
                0x000000000000d900                fsFsGetFreeSpace
 *fill*         0x000000000000d908        0x8 
 .text.fsFsGetTotalSpace
                0x000000000000d910        0x8 C:\devkitPro/libnx/lib\libnx.a(fs.o)
                0x000000000000d910                fsFsGetTotalSpace
 *fill*         0x000000000000d918        0x8 
 .text.fsFsGetFileTimeStampRaw
                0x000000000000d920      0x230 C:\devkitPro/libnx/lib\libnx.a(fs.o)
                0x000000000000d920                fsFsGetFileTimeStampRaw
 .text.fsFsClose
                0x000000000000db50        0x4 C:\devkitPro/libnx/lib\libnx.a(fs.o)
                0x000000000000db50                fsFsClose
 *fill*         0x000000000000db54        0xc 
 .text.fsFileRead
                0x000000000000db60      0x218 C:\devkitPro/libnx/lib\libnx.a(fs.o)
                0x000000000000db60                fsFileRead
 *fill*         0x000000000000dd78        0x8 
 .text.fsFileWrite
                0x000000000000dd80      0x200 C:\devkitPro/libnx/lib\libnx.a(fs.o)
                0x000000000000dd80                fsFileWrite
 .text.fsFileFlush
                0x000000000000df80        0x8 C:\devkitPro/libnx/lib\libnx.a(fs.o)
                0x000000000000df80                fsFileFlush
 *fill*         0x000000000000df88        0x8 
 .text.fsFileSetSize
                0x000000000000df90      0x1b8 C:\devkitPro/libnx/lib\libnx.a(fs.o)
                0x000000000000df90                fsFileSetSize
 *fill*         0x000000000000e148        0x8 
 .text.fsFileGetSize
                0x000000000000e150      0x1c4 C:\devkitPro/libnx/lib\libnx.a(fs.o)
                0x000000000000e150                fsFileGetSize
 *fill*         0x000000000000e314        0xc 
 .text.fsFileClose
                0x000000000000e320        0x4 C:\devkitPro/libnx/lib\libnx.a(fs.o)
                0x000000000000e320                fsFileClose
 *fill*         0x000000000000e324        0xc 
 .text.fsDirClose
                0x000000000000e330        0x4 C:\devkitPro/libnx/lib\libnx.a(fs.o)
                0x000000000000e330                fsDirClose
 *fill*         0x000000000000e334        0xc 
 .text.fsDirRead
                0x000000000000e340      0x1fc C:\devkitPro/libnx/lib\libnx.a(fs.o)
                0x000000000000e340                fsDirRead
 *fill*         0x000000000000e53c        0x4 
 .text._nvSetClientPID
                0x000000000000e540       0xd0 C:\devkitPro/libnx/lib\libnx.a(nv.o)
 .text._nvCleanup
                0x000000000000e610       0xc8 C:\devkitPro/libnx/lib\libnx.a(nv.o)
 *fill*         0x000000000000e6d8        0x8 
 .text._nvCmdInitialize.constprop.0
                0x000000000000e6e0       0xd8 C:\devkitPro/libnx/lib\libnx.a(nv.o)
 *fill*         0x000000000000e7b8        0x8 
 .text.__nx_nv_create_tmem
                0x000000000000e7c0       0x1c C:\devkitPro/libnx/lib\libnx.a(nv.o)
                0x000000000000e7c0                __nx_nv_create_tmem
 *fill*         0x000000000000e7dc        0x4 
 .text.nvInitialize
                0x000000000000e7e0      0x258 C:\devkitPro/libnx/lib\libnx.a(nv.o)
                0x000000000000e7e0                nvInitialize
 *fill*         0x000000000000ea38        0x8 
 .text.nvExit   0x000000000000ea40       0x44 C:\devkitPro/libnx/lib\libnx.a(nv.o)
                0x000000000000ea40                nvExit
 *fill*         0x000000000000ea84        0xc 
 .text.nvConvertError
                0x000000000000ea90       0xf4 C:\devkitPro/libnx/lib\libnx.a(nv.o)
                0x000000000000ea90                nvConvertError
 *fill*         0x000000000000eb84        0xc 
 .text.nvOpen   0x000000000000eb90      0x118 C:\devkitPro/libnx/lib\libnx.a(nv.o)
                0x000000000000eb90                nvOpen
 *fill*         0x000000000000eca8        0x8 
 .text.nvIoctl  0x000000000000ecb0      0x2fc C:\devkitPro/libnx/lib\libnx.a(nv.o)
                0x000000000000ecb0                nvIoctl
 *fill*         0x000000000000efac        0x4 
 .text.nvClose  0x000000000000efb0       0xd8 C:\devkitPro/libnx/lib\libnx.a(nv.o)
                0x000000000000efb0                nvClose
 *fill*         0x000000000000f088        0x8 
 .text.nvQueryEvent
                0x000000000000f090      0x108 C:\devkitPro/libnx/lib\libnx.a(nv.o)
                0x000000000000f090                nvQueryEvent
 *fill*         0x000000000000f198        0x8 
 .text._timeCleanup
                0x000000000000f1a0      0x228 C:\devkitPro/libnx/lib\libnx.a(time.o)
 *fill*         0x000000000000f3c8        0x8 
 .text._timeCmdGetSession.constprop.0
                0x000000000000f3d0      0x100 C:\devkitPro/libnx/lib\libnx.a(time.o)
 .text._timeGetSharedMemoryNativeHandle.constprop.0
                0x000000000000f4d0       0xcc C:\devkitPro/libnx/lib\libnx.a(time.o)
 *fill*         0x000000000000f59c        0x4 
 .text._timeCmdNoInOutU64.constprop.0.isra.0
                0x000000000000f5a0       0xc4 C:\devkitPro/libnx/lib\libnx.a(time.o)
 *fill*         0x000000000000f664        0xc 
 .text._timeReadClockFromSharedMem
                0x000000000000f670      0x110 C:\devkitPro/libnx/lib\libnx.a(time.o)
 .text.timeInitialize
                0x000000000000f780      0x238 C:\devkitPro/libnx/lib\libnx.a(time.o)
                0x000000000000f780                timeInitialize
 *fill*         0x000000000000f9b8        0x8 
 .text.timeExit
                0x000000000000f9c0       0x44 C:\devkitPro/libnx/lib\libnx.a(time.o)
                0x000000000000f9c0                timeExit
 *fill*         0x000000000000fa04        0xc 
 .text.timeGetServiceSession_SystemClock
                0x000000000000fa10       0x38 C:\devkitPro/libnx/lib\libnx.a(time.o)
                0x000000000000fa10                timeGetServiceSession_SystemClock
 *fill*         0x000000000000fa48        0x8 
 .text.timeGetCurrentTime
                0x000000000000fa50       0x68 C:\devkitPro/libnx/lib\libnx.a(time.o)
                0x000000000000fa50                timeGetCurrentTime
 *fill*         0x000000000000fab8        0x8 
 .text.timeToCalendarTimeWithMyRule
                0x000000000000fac0      0x110 C:\devkitPro/libnx/lib\libnx.a(time.o)
                0x000000000000fac0                timeToCalendarTimeWithMyRule
 .text.timeToPosixTimeWithMyRule
                0x000000000000fbd0      0x104 C:\devkitPro/libnx/lib\libnx.a(time.o)
                0x000000000000fbd0                timeToPosixTimeWithMyRule
 *fill*         0x000000000000fcd4        0xc 
 .text._nvFenceCleanup
                0x000000000000fce0       0x7c C:\devkitPro/libnx/lib\libnx.a(fence.o)
 *fill*         0x000000000000fd5c        0x4 
 .text.nvFenceInit
                0x000000000000fd60       0x98 C:\devkitPro/libnx/lib\libnx.a(fence.o)
                0x000000000000fd60                nvFenceInit
 *fill*         0x000000000000fdf8        0x8 
 .text.nvFenceExit
                0x000000000000fe00       0x44 C:\devkitPro/libnx/lib\libnx.a(fence.o)
                0x000000000000fe00                nvFenceExit
 *fill*         0x000000000000fe44        0xc 
 .text.nvFenceWait
                0x000000000000fe50      0x240 C:\devkitPro/libnx/lib\libnx.a(fence.o)
                0x000000000000fe50                nvFenceWait
 .text.nvMultiFenceWait
                0x0000000000010090       0x74 C:\devkitPro/libnx/lib\libnx.a(fence.o)
                0x0000000000010090                nvMultiFenceWait
 *fill*         0x0000000000010104        0xc 
 .text.nvMapInit
                0x0000000000010110       0xb4 C:\devkitPro/libnx/lib\libnx.a(map.o)
                0x0000000000010110                nvMapInit
 *fill*         0x00000000000101c4        0xc 
 .text.nvMapExit
                0x00000000000101d0       0x6c C:\devkitPro/libnx/lib\libnx.a(map.o)
                0x00000000000101d0                nvMapExit
 *fill*         0x000000000001023c        0x4 
 .text.nvMapClose
                0x0000000000010240       0x80 C:\devkitPro/libnx/lib\libnx.a(map.o)
                0x0000000000010240                nvMapClose
 .text.nvMapCreate
                0x00000000000102c0      0x154 C:\devkitPro/libnx/lib\libnx.a(map.o)
                0x00000000000102c0                nvMapCreate
 *fill*         0x0000000000010414        0xc 
 .text.nvioctlNvhostCtrl_EventSignal
                0x0000000000010420       0x28 C:\devkitPro/libnx/lib\libnx.a(nvhost-ctrl.o)
                0x0000000000010420                nvioctlNvhostCtrl_EventSignal
 *fill*         0x0000000000010448        0x8 
 .text.nvioctlNvhostCtrl_EventWait
                0x0000000000010450       0x44 C:\devkitPro/libnx/lib\libnx.a(nvhost-ctrl.o)
                0x0000000000010450                nvioctlNvhostCtrl_EventWait
 *fill*         0x0000000000010494        0xc 
 .text.nvioctlNvhostCtrl_EventWaitAsync
                0x00000000000104a0       0x30 C:\devkitPro/libnx/lib\libnx.a(nvhost-ctrl.o)
                0x00000000000104a0                nvioctlNvhostCtrl_EventWaitAsync
 .text.nvioctlNvhostCtrl_EventRegister
                0x00000000000104d0       0x28 C:\devkitPro/libnx/lib\libnx.a(nvhost-ctrl.o)
                0x00000000000104d0                nvioctlNvhostCtrl_EventRegister
 *fill*         0x00000000000104f8        0x8 
 .text.nvioctlNvhostCtrl_EventUnregister
                0x0000000000010500       0x28 C:\devkitPro/libnx/lib\libnx.a(nvhost-ctrl.o)
                0x0000000000010500                nvioctlNvhostCtrl_EventUnregister
 *fill*         0x0000000000010528        0x8 
 .text.nvioctlNvmap_Create
                0x0000000000010530       0x40 C:\devkitPro/libnx/lib\libnx.a(nvmap.o)
                0x0000000000010530                nvioctlNvmap_Create
 .text.nvioctlNvmap_Alloc
                0x0000000000010570       0x38 C:\devkitPro/libnx/lib\libnx.a(nvmap.o)
                0x0000000000010570                nvioctlNvmap_Alloc
 *fill*         0x00000000000105a8        0x8 
 .text.nvioctlNvmap_Free
                0x00000000000105b0       0x34 C:\devkitPro/libnx/lib\libnx.a(nvmap.o)
                0x00000000000105b0                nvioctlNvmap_Free
 *fill*         0x00000000000105e4        0xc 
 .text.nvioctlNvmap_GetId
                0x00000000000105f0       0x40 C:\devkitPro/libnx/lib\libnx.a(nvmap.o)
                0x00000000000105f0                nvioctlNvmap_GetId
 .text.bqRequestBuffer
                0x0000000000010630       0xd8 C:\devkitPro/libnx/lib\libnx.a(buffer_producer.o)
                0x0000000000010630                bqRequestBuffer
 *fill*         0x0000000000010708        0x8 
 .text.bqDequeueBuffer
                0x0000000000010710      0x160 C:\devkitPro/libnx/lib\libnx.a(buffer_producer.o)
                0x0000000000010710                bqDequeueBuffer
 .text.bqQueueBuffer
                0x0000000000010870       0xdc C:\devkitPro/libnx/lib\libnx.a(buffer_producer.o)
                0x0000000000010870                bqQueueBuffer
 *fill*         0x000000000001094c        0x4 
 .text.bqCancelBuffer
                0x0000000000010950       0x94 C:\devkitPro/libnx/lib\libnx.a(buffer_producer.o)
                0x0000000000010950                bqCancelBuffer
 *fill*         0x00000000000109e4        0xc 
 .text.bqConnect
                0x00000000000109f0       0xe4 C:\devkitPro/libnx/lib\libnx.a(buffer_producer.o)
                0x00000000000109f0                bqConnect
 *fill*         0x0000000000010ad4        0xc 
 .text.bqDisconnect
                0x0000000000010ae0       0x9c C:\devkitPro/libnx/lib\libnx.a(buffer_producer.o)
                0x0000000000010ae0                bqDisconnect
 *fill*         0x0000000000010b7c        0x4 
 .text.bqSetPreallocatedBuffer
                0x0000000000010b80      0x17c C:\devkitPro/libnx/lib\libnx.a(buffer_producer.o)
                0x0000000000010b80                bqSetPreallocatedBuffer
 *fill*         0x0000000000010cfc        0x4 
 .text.binderCreate
                0x0000000000010d00       0x1c C:\devkitPro/libnx/lib\libnx.a(binder.o)
                0x0000000000010d00                binderCreate
 *fill*         0x0000000000010d1c        0x4 
 .text.binderTransactParcel
                0x0000000000010d20      0x3d0 C:\devkitPro/libnx/lib\libnx.a(binder.o)
                0x0000000000010d20                binderTransactParcel
 .text.binderConvertErrorCode
                0x00000000000110f0       0xe8 C:\devkitPro/libnx/lib\libnx.a(binder.o)
                0x00000000000110f0                binderConvertErrorCode
 *fill*         0x00000000000111d8        0x8 
 .text.binderAdjustRefcount
                0x00000000000111e0      0x124 C:\devkitPro/libnx/lib\libnx.a(binder.o)
                0x00000000000111e0                binderAdjustRefcount
 *fill*         0x0000000000011304        0xc 
 .text.binderInitSession
                0x0000000000011310       0x98 C:\devkitPro/libnx/lib\libnx.a(binder.o)
                0x0000000000011310                binderInitSession
 *fill*         0x00000000000113a8        0x8 
 .text.binderClose
                0x00000000000113b0       0x68 C:\devkitPro/libnx/lib\libnx.a(binder.o)
                0x00000000000113b0                binderClose
 *fill*         0x0000000000011418        0x8 
 .text.binderGetNativeHandle
                0x0000000000011420      0x158 C:\devkitPro/libnx/lib\libnx.a(binder.o)
                0x0000000000011420                binderGetNativeHandle
 *fill*         0x0000000000011578        0x8 
 .text.parcelCreate
                0x0000000000011580       0x30 C:\devkitPro/libnx/lib\libnx.a(parcel.o)
                0x0000000000011580                parcelCreate
 .text.parcelTransact
                0x00000000000115b0      0x19c C:\devkitPro/libnx/lib\libnx.a(parcel.o)
                0x00000000000115b0                parcelTransact
 *fill*         0x000000000001174c        0x4 
 .text.parcelWriteData
                0x0000000000011750       0x88 C:\devkitPro/libnx/lib\libnx.a(parcel.o)
                0x0000000000011750                parcelWriteData
 *fill*         0x00000000000117d8        0x8 
 .text.parcelReadData
                0x00000000000117e0       0x98 C:\devkitPro/libnx/lib\libnx.a(parcel.o)
                0x00000000000117e0                parcelReadData
 *fill*         0x0000000000011878        0x8 
 .text.parcelWriteInt32
                0x0000000000011880       0x20 C:\devkitPro/libnx/lib\libnx.a(parcel.o)
                0x0000000000011880                parcelWriteInt32
 .text.parcelWriteUInt32
                0x00000000000118a0       0x20 C:\devkitPro/libnx/lib\libnx.a(parcel.o)
                0x00000000000118a0                parcelWriteUInt32
 .text.parcelWriteString16
                0x00000000000118c0       0x7c C:\devkitPro/libnx/lib\libnx.a(parcel.o)
                0x00000000000118c0                parcelWriteString16
 *fill*         0x000000000001193c        0x4 
 .text.parcelWriteInterfaceToken
                0x0000000000011940       0x30 C:\devkitPro/libnx/lib\libnx.a(parcel.o)
                0x0000000000011940                parcelWriteInterfaceToken
 .text.parcelReadInt32
                0x0000000000011970       0x24 C:\devkitPro/libnx/lib\libnx.a(parcel.o)
                0x0000000000011970                parcelReadInt32
 *fill*         0x0000000000011994        0xc 
 .text.parcelReadFlattenedObject
                0x00000000000119a0       0x68 C:\devkitPro/libnx/lib\libnx.a(parcel.o)
                0x00000000000119a0                parcelReadFlattenedObject
 *fill*         0x0000000000011a08        0x8 
 .text.parcelWriteFlattenedObject
                0x0000000000011a10       0x4c C:\devkitPro/libnx/lib\libnx.a(parcel.o)
                0x0000000000011a10                parcelWriteFlattenedObject
 *fill*         0x0000000000011a5c        0x4 
 .text.nxlinkSetup
                0x0000000000011a60       0xc4 C:\devkitPro/libnx/lib\libnx.a(nxlink.o)
                0x0000000000011a60                nxlinkSetup
 *fill*         0x0000000000011b24        0xc 
 .text.sessionmgrCreate
                0x0000000000011b30      0x178 C:\devkitPro/libnx/lib\libnx.a(sessionmgr.o)
                0x0000000000011b30                sessionmgrCreate
 *fill*         0x0000000000011ca8        0x8 
 .text.sessionmgrClose
                0x0000000000011cb0       0x84 C:\devkitPro/libnx/lib\libnx.a(sessionmgr.o)
                0x0000000000011cb0                sessionmgrClose
 *fill*         0x0000000000011d34        0xc 
 .text.sessionmgrAttachClient
                0x0000000000011d40       0xb4 C:\devkitPro/libnx/lib\libnx.a(sessionmgr.o)
                0x0000000000011d40                sessionmgrAttachClient
 *fill*         0x0000000000011df4        0xc 
 .text.sessionmgrDetachClient
                0x0000000000011e00       0x70 C:\devkitPro/libnx/lib\libnx.a(sessionmgr.o)
                0x0000000000011e00                sessionmgrDetachClient
 .text.printf   0x0000000000011e70       0x84 C:/devkitPro/devkitA64/bin/../lib/gcc/aarch64-none-elf/13.2.0/../../../../aarch64-none-elf/lib/pic\libg.a(libc_a-printf.o)
                0x0000000000011e70                printf
 *fill*         0x0000000000011ef4        0xc 
 .text.setenv   0x0000000000011f00       0x3c C:/devkitPro/devkitA64/bin/../lib/gcc/aarch64-none-elf/13.2.0/../../../../aarch64-none-elf/lib/pic\libg.a(libc_a-setenv.o)
                0x0000000000011f00                setenv
 *fill*         0x0000000000011f3c        0x4 
 .text.bsearch  0x0000000000011f40       0xb8 C:/devkitPro/devkitA64/bin/../lib/gcc/aarch64-none-elf/13.2.0/../../../../aarch64-none-elf/lib/pic\libg.a(libc_a-bsearch.o)
                0x0000000000011f40                bsearch
 *fill*         0x0000000000011ff8        0x8 
 .text._setenv_r
                0x0000000000012000      0x254 C:/devkitPro/devkitA64/bin/../lib/gcc/aarch64-none-elf/13.2.0/../../../../aarch64-none-elf/lib/pic\libg.a(libc_a-setenv_r.o)
                0x0000000000012000                _setenv_r
 *fill*         0x0000000000012254        0xc 
 .text.sscanf   0x0000000000012260       0xbc C:/devkitPro/devkitA64/bin/../lib/gcc/aarch64-none-elf/13.2.0/../../../../aarch64-none-elf/lib/pic\libg.a(libc_a-sscanf.o)
                0x0000000000012260                sscanf
 *fill*         0x000000000001231c        0x4 
 .text.__sread  0x0000000000012320       0x50 C:/devkitPro/devkitA64/bin/../lib/gcc/aarch64-none-elf/13.2.0/../../../../aarch64-none-elf/lib/pic\libg.a(libc_a-stdio.o)
                0x0000000000012320                __sread
 .text.__seofread
                0x0000000000012370        0x8 C:/devkitPro/devkitA64/bin/../lib/gcc/aarch64-none-elf/13.2.0/../../../../aarch64-none-elf/lib/pic\libg.a(libc_a-stdio.o)
                0x0000000000012370                __seofread
 *fill*         0x0000000000012378        0x8 
 .text.__swrite
                0x0000000000012380       0x6c C:/devkitPro/devkitA64/bin/../lib/gcc/aarch64-none-elf/13.2.0/../../../../aarch64-none-elf/lib/pic\libg.a(libc_a-stdio.o)
                0x0000000000012380                __swrite
 *fill*         0x00000000000123ec        0x4 
 .text.__sseek  0x00000000000123f0       0x50 C:/devkitPro/devkitA64/bin/../lib/gcc/aarch64-none-elf/13.2.0/../../../../aarch64-none-elf/lib/pic\libg.a(libc_a-stdio.o)
                0x00000000000123f0                __sseek
 .text.__sclose
                0x0000000000012440        0x8 C:/devkitPro/devkitA64/bin/../lib/gcc/aarch64-none-elf/13.2.0/../../../../aarch64-none-elf/lib/pic\libg.a(libc_a-stdio.o)
                0x0000000000012440                __sclose
 *fill*         0x0000000000012448        0x8 
 .text.__env_lock
                0x0000000000012450        0xc C:/devkitPro/devkitA64/bin/../lib/gcc/aarch64-none-elf/13.2.0/../../../../aarch64-none-elf/lib/pic\libg.a(libc_a-envlock.o)
                0x0000000000012450                __env_lock
 *fill*         0x000000000001245c        0x4 
 .text.__env_unlock
                0x0000000000012460        0xc C:/devkitPro/devkitA64/bin/../lib/gcc/aarch64-none-elf/13.2.0/../../../../aarch64-none-elf/lib/pic\libg.a(libc_a-envlock.o)
                0x0000000000012460                __env_unlock
 *fill*         0x000000000001246c        0x4 
 .text.aligned_alloc
                0x0000000000012470       0x2c C:/devkitPro/devkitA64/bin/../lib/gcc/aarch64-none-elf/13.2.0/../../../../aarch64-none-elf/lib/pic\libg.a(libc_a-aligned_alloc.o)
                0x0000000000012470                aligned_alloc
 *fill*         0x000000000001249c        0x4 
 .text.setvbuf  0x00000000000124a0      0x250 C:/devkitPro/devkitA64/bin/../lib/gcc/aarch64-none-elf/13.2.0/../../../../aarch64-none-elf/lib/pic\libg.a(libc_a-setvbuf.o)
                0x00000000000124a0                setvbuf
 .text.__call_exitprocs
                0x00000000000126f0        0x4 C:/devkitPro/devkitA64/bin/../lib/gcc/aarch64-none-elf/13.2.0/../../../../aarch64-none-elf/lib/pic\libg.a(libc_a-exit.o)
                0x00000000000126f0                __call_exitprocs
 *fill*         0x00000000000126f4        0xc 
 .text._malloc_trim_r
                0x0000000000012700      0x124 C:/devkitPro/devkitA64/bin/../lib/gcc/aarch64-none-elf/13.2.0/../../../../aarch64-none-elf/lib/pic\libg.a(libc_a-freer.o)
                0x0000000000012700                _malloc_trim_r
 *fill*         0x0000000000012824        0xc 
 .text._free_r  0x0000000000012830      0x2d8 C:/devkitPro/devkitA64/bin/../lib/gcc/aarch64-none-elf/13.2.0/../../../../aarch64-none-elf/lib/pic\libg.a(libc_a-freer.o)
                0x0000000000012830                _free_r
 *fill*         0x0000000000012b08        0x8 
 .text.malloc   0x0000000000012b10       0x24 C:/devkitPro/devkitA64/bin/../lib/gcc/aarch64-none-elf/13.2.0/../../../../aarch64-none-elf/lib/pic\libg.a(libc_a-malloc.o)
                0x0000000000012b10                malloc
 *fill*         0x0000000000012b34        0xc 
 .text.free     0x0000000000012b40       0x24 C:/devkitPro/devkitA64/bin/../lib/gcc/aarch64-none-elf/13.2.0/../../../../aarch64-none-elf/lib/pic\libg.a(libc_a-malloc.o)
                0x0000000000012b40                free
 .text.get_arg  0x0000000000012b64       0x74 C:/devkitPro/devkitA64/bin/../lib/gcc/aarch64-none-elf/13.2.0/../../../../aarch64-none-elf/lib/pic\libg.a(libc_a-svfscanf.o)
 .text.__ssvfscanf_r
                0x0000000000012bd8     0x2fdc C:/devkitPro/devkitA64/bin/../lib/gcc/aarch64-none-elf/13.2.0/../../../../aarch64-none-elf/lib/pic\libg.a(libc_a-svfscanf.o)
                0x0000000000012bd8                __ssvfscanf_r
 *fill*         0x0000000000015bb4        0xc 
 .text._malloc_r
                0x0000000000015bc0      0x80c C:/devkitPro/devkitA64/bin/../lib/gcc/aarch64-none-elf/13.2.0/../../../../aarch64-none-elf/lib/pic\libg.a(libc_a-mallocr.o)
                0x0000000000015bc0                _malloc_r
 *fill*         0x00000000000163cc        0x4 
 .text._findenv_r
                0x00000000000163d0       0xfc C:/devkitPro/devkitA64/bin/../lib/gcc/aarch64-none-elf/13.2.0/../../../../aarch64-none-elf/lib/pic\libg.a(libc_a-getenv_r.o)
                0x00000000000163d0                _findenv_r
 *fill*         0x00000000000164cc        0x4 
 .text.__malloc_lock
                0x00000000000164d0        0xc C:/devkitPro/devkitA64/bin/../lib/gcc/aarch64-none-elf/13.2.0/../../../../aarch64-none-elf/lib/pic\libg.a(libc_a-mlock.o)
                0x00000000000164d0                __malloc_lock
 *fill*         0x00000000000164dc        0x4 
 .text.__malloc_unlock
                0x00000000000164e0        0xc C:/devkitPro/devkitA64/bin/../lib/gcc/aarch64-none-elf/13.2.0/../../../../aarch64-none-elf/lib/pic\libg.a(libc_a-mlock.o)
                0x00000000000164e0                __malloc_unlock
 .text.get_arg  0x00000000000164ec      0x804 C:/devkitPro/devkitA64/bin/../lib/gcc/aarch64-none-elf/13.2.0/../../../../aarch64-none-elf/lib/pic\libg.a(libc_a-vfprintf.o)
 .text._vfprintf_r
                0x0000000000016cf0     0x3c28 C:/devkitPro/devkitA64/bin/../lib/gcc/aarch64-none-elf/13.2.0/../../../../aarch64-none-elf/lib/pic\libg.a(libc_a-vfprintf.o)
                0x0000000000016cf0                _vfprintf_r
 .text.__sbprintf
                0x000000000001a918       0xd0 C:/devkitPro/devkitA64/bin/../lib/gcc/aarch64-none-elf/13.2.0/../../../../aarch64-none-elf/lib/pic\libg.a(libc_a-vfprintf.o)
 *fill*         0x000000000001a9e8        0x8 
 .text.__sflush_r
                0x000000000001a9f0      0x200 C:/devkitPro/devkitA64/bin/../lib/gcc/aarch64-none-elf/13.2.0/../../../../aarch64-none-elf/lib/pic\libg.a(libc_a-fflush.o)
                0x000000000001a9f0                __sflush_r
 .text._fflush_r
                0x000000000001abf0       0xb8 C:/devkitPro/devkitA64/bin/../lib/gcc/aarch64-none-elf/13.2.0/../../../../aarch64-none-elf/lib/pic\libg.a(libc_a-fflush.o)
                0x000000000001abf0                _fflush_r
 *fill*         0x000000000001aca8        0x8 
 .text.gmtime   0x000000000001acb0       0x2c C:/devkitPro/devkitA64/bin/../lib/gcc/aarch64-none-elf/13.2.0/../../../../aarch64-none-elf/lib/pic\libg.a(libc_a-gmtime.o)
                0x000000000001acb0                gmtime
 *fill*         0x000000000001acdc        0x4 
 .text.strncat  0x000000000001ace0       0x78 C:/devkitPro/devkitA64/bin/../lib/gcc/aarch64-none-elf/13.2.0/../../../../aarch64-none-elf/lib/pic\libg.a(libc_a-strncat.o)
                0x000000000001ace0                strncat
 *fill*         0x000000000001ad58        0x8 
 .text.gmtime_r
                0x000000000001ad60      0x2a0 C:/devkitPro/devkitA64/bin/../lib/gcc/aarch64-none-elf/13.2.0/../../../../aarch64-none-elf/lib/pic\libg.a(libc_a-gmtime_r.o)
                0x000000000001ad60                gmtime_r
 .text._fwalk_sglue
                0x000000000001b000       0xa0 C:/devkitPro/devkitA64/bin/../lib/gcc/aarch64-none-elf/13.2.0/../../../../aarch64-none-elf/lib/pic\libg.a(libc_a-fwalk.o)
                0x000000000001b000                _fwalk_sglue
 .text._realloc_r
                0x000000000001b0a0      0x524 C:/devkitPro/devkitA64/bin/../lib/gcc/aarch64-none-elf/13.2.0/../../../../aarch64-none-elf/lib/pic\libg.a(libc_a-reallocr.o)
                0x000000000001b0a0                _realloc_r
 *fill*         0x000000000001b5c4        0xc 
 .text.strncpy  0x000000000001b5d0       0x90 C:/devkitPro/devkitA64/bin/../lib/gcc/aarch64-none-elf/13.2.0/../../../../aarch64-none-elf/lib/pic\libg.a(libc_a-strncpy.o)
                0x000000000001b5d0                strncpy
 .text.stdio_exit_handler
                0x000000000001b660       0x1c C:/devkitPro/devkitA64/bin/../lib/gcc/aarch64-none-elf/13.2.0/../../../../aarch64-none-elf/lib/pic\libg.a(libc_a-findfp.o)
 *fill*         0x000000000001b67c        0x4 
 .text.cleanup_stdio
                0x000000000001b680       0x6c C:/devkitPro/devkitA64/bin/../lib/gcc/aarch64-none-elf/13.2.0/../../../../aarch64-none-elf/lib/pic\libg.a(libc_a-findfp.o)
 *fill*         0x000000000001b6ec        0x4 
 .text.global_stdio_init.part.0
                0x000000000001b6f0      0x140 C:/devkitPro/devkitA64/bin/../lib/gcc/aarch64-none-elf/13.2.0/../../../../aarch64-none-elf/lib/pic\libg.a(libc_a-findfp.o)
 .text.__sfp_lock_acquire
                0x000000000001b830        0xc C:/devkitPro/devkitA64/bin/../lib/gcc/aarch64-none-elf/13.2.0/../../../../aarch64-none-elf/lib/pic\libg.a(libc_a-findfp.o)
                0x000000000001b830                __sfp_lock_acquire
 *fill*         0x000000000001b83c        0x4 
 .text.__sfp_lock_release
                0x000000000001b840        0xc C:/devkitPro/devkitA64/bin/../lib/gcc/aarch64-none-elf/13.2.0/../../../../aarch64-none-elf/lib/pic\libg.a(libc_a-findfp.o)
                0x000000000001b840                __sfp_lock_release
 *fill*         0x000000000001b84c        0x4 
 .text.__sinit  0x000000000001b850       0x54 C:/devkitPro/devkitA64/bin/../lib/gcc/aarch64-none-elf/13.2.0/../../../../aarch64-none-elf/lib/pic\libg.a(libc_a-findfp.o)
                0x000000000001b850                __sinit
 *fill*         0x000000000001b8a4        0xc 
 .text.sulp     0x000000000001b8b0       0x54 C:/devkitPro/devkitA64/bin/../lib/gcc/aarch64-none-elf/13.2.0/../../../../aarch64-none-elf/lib/pic\libg.a(libc_a-strtod.o)
 *fill*         0x000000000001b904        0xc 
 .text._strtod_l
                0x000000000001b910     0x1184 C:/devkitPro/devkitA64/bin/../lib/gcc/aarch64-none-elf/13.2.0/../../../../aarch64-none-elf/lib/pic\libg.a(libc_a-strtod.o)
                0x000000000001b910                _strtod_l
 *fill*         0x000000000001ca94        0xc 
 .text._strtod_r
                0x000000000001caa0       0x50 C:/devkitPro/devkitA64/bin/../lib/gcc/aarch64-none-elf/13.2.0/../../../../aarch64-none-elf/lib/pic\libg.a(libc_a-strtod.o)
                0x000000000001caa0                _strtod_r
 .text._strtol_l.part.0
                0x000000000001caf0      0x18c C:/devkitPro/devkitA64/bin/../lib/gcc/aarch64-none-elf/13.2.0/../../../../aarch64-none-elf/lib/pic\libg.a(libc_a-strtol.o)
 *fill*         0x000000000001cc7c        0x4 
 .text._strtol_r
                0x000000000001cc80       0x70 C:/devkitPro/devkitA64/bin/../lib/gcc/aarch64-none-elf/13.2.0/../../../../aarch64-none-elf/lib/pic\libg.a(libc_a-strtol.o)
                0x000000000001cc80                _strtol_r
 .text.realloc  0x000000000001ccf0       0x2c C:/devkitPro/devkitA64/bin/../lib/gcc/aarch64-none-elf/13.2.0/../../../../aarch64-none-elf/lib/pic\libg.a(libc_a-realloc.o)
                0x000000000001ccf0                realloc
 .text          0x000000000001cd1c       0xd8 C:/devkitPro/devkitA64/bin/../lib/gcc/aarch64-none-elf/13.2.0/../../../../aarch64-none-elf/lib/pic\libg.a(libc_a-memchr.o)
                0x000000000001cd1c                memchr
 *fill*         0x000000000001cdf4        0xc 
 .text._strtoul_l.isra.0
                0x000000000001ce00      0x1a8 C:/devkitPro/devkitA64/bin/../lib/gcc/aarch64-none-elf/13.2.0/../../../../aarch64-none-elf/lib/pic\libg.a(libc_a-strtoul.o)
 *fill*         0x000000000001cfa8        0x8 
 .text._strtoul_r
                0x000000000001cfb0       0x44 C:/devkitPro/devkitA64/bin/../lib/gcc/aarch64-none-elf/13.2.0/../../../../aarch64-none-elf/lib/pic\libg.a(libc_a-strtoul.o)
                0x000000000001cfb0                _strtoul_r
 *fill*         0x000000000001cff4        0xc 
 .text.strtoul  0x000000000001d000       0x48 C:/devkitPro/devkitA64/bin/../lib/gcc/aarch64-none-elf/13.2.0/../../../../aarch64-none-elf/lib/pic\libg.a(libc_a-strtoul.o)
                0x000000000001d000                strtoul
 *fill*         0x000000000001d048       0x38 
 .text          0x000000000001d080      0x1dc C:/devkitPro/devkitA64/bin/../lib/gcc/aarch64-none-elf/13.2.0/../../../../aarch64-none-elf/lib/pic\libg.a(libc_a-memset.o)
                0x000000000001d080                memset
 *fill*         0x000000000001d25c        0x4 
 .text.__locale_mb_cur_max
                0x000000000001d260       0x2c C:/devkitPro/devkitA64/bin/../lib/gcc/aarch64-none-elf/13.2.0/../../../../aarch64-none-elf/lib/pic\libg.a(libc_a-locale.o)
                0x000000000001d260                __locale_mb_cur_max
 *fill*         0x000000000001d28c        0x4 
 .text.__localeconv_l
                0x000000000001d290        0x8 C:/devkitPro/devkitA64/bin/../lib/gcc/aarch64-none-elf/13.2.0/../../../../aarch64-none-elf/lib/pic\libg.a(libc_a-localeconv.o)
                0x000000000001d290                __localeconv_l
 *fill*         0x000000000001d298        0x8 
 .text._localeconv_r
                0x000000000001d2a0       0x28 C:/devkitPro/devkitA64/bin/../lib/gcc/aarch64-none-elf/13.2.0/../../../../aarch64-none-elf/lib/pic\libg.a(libc_a-localeconv.o)
                0x000000000001d2a0                _localeconv_r
 *fill*         0x000000000001d2c8       0x38 
 .text          0x000000000001d300      0x16c C:/devkitPro/devkitA64/bin/../lib/gcc/aarch64-none-elf/13.2.0/../../../../aarch64-none-elf/lib/pic\libg.a(libc_a-memcpy.o)
                0x000000000001d300                memcpy
 *fill*         0x000000000001d46c       0x14 
 .text          0x000000000001d480       0xe4 C:/devkitPro/devkitA64/bin/../lib/gcc/aarch64-none-elf/13.2.0/../../../../aarch64-none-elf/lib/pic\libg.a(libc_a-strcmp.o)
                0x000000000001d480                strcmp
 *fill*         0x000000000001d564        0xc 
 .text.__utf8_wctomb
                0x000000000001d570       0xe4 C:/devkitPro/devkitA64/bin/../lib/gcc/aarch64-none-elf/13.2.0/../../../../aarch64-none-elf/lib/pic\libg.a(libc_a-wctomb_r.o)
                0x000000000001d570                __utf8_wctomb
 *fill*         0x000000000001d654       0x2c 
 .text          0x000000000001d680       0xac C:/devkitPro/devkitA64/bin/../lib/gcc/aarch64-none-elf/13.2.0/../../../../aarch64-none-elf/lib/pic\libg.a(libc_a-memmove.o)
                0x000000000001d680                memmove
 *fill*         0x000000000001d72c       0x14 
 .text          0x000000000001d740       0xe0 C:/devkitPro/devkitA64/bin/../lib/gcc/aarch64-none-elf/13.2.0/../../../../aarch64-none-elf/lib/pic\libg.a(libc_a-strnlen.o)
                0x000000000001d764                strnlen
 .text          0x000000000001d820       0xdc C:/devkitPro/devkitA64/bin/../lib/gcc/aarch64-none-elf/13.2.0/../../../../aarch64-none-elf/lib/pic\libg.a(libc_a-strchr.o)
                0x000000000001d820                strchr
 *fill*         0x000000000001d8fc        0x4 
 .text          0x000000000001d900      0x140 C:/devkitPro/devkitA64/bin/../lib/gcc/aarch64-none-elf/13.2.0/../../../../aarch64-none-elf/lib/pic\libg.a(libc_a-strlen.o)
                0x000000000001d900                strlen
 .text.stpncpy  0x000000000001da40       0xa4 C:/devkitPro/devkitA64/bin/../lib/gcc/aarch64-none-elf/13.2.0/../../../../aarch64-none-elf/lib/pic\libg.a(libc_a-stpncpy.o)
                0x000000000001da40                stpncpy
 *fill*         0x000000000001dae4       0x1c 
 .text          0x000000000001db00      0x1d4 C:/devkitPro/devkitA64/bin/../lib/gcc/aarch64-none-elf/13.2.0/../../../../aarch64-none-elf/lib/pic\libg.a(libc_a-strncmp.o)
                0x000000000001db1c                strncmp
 *fill*         0x000000000001dcd4        0xc 
 .text.__libc_init_array
                0x000000000001dce0       0x94 C:/devkitPro/devkitA64/bin/../lib/gcc/aarch64-none-elf/13.2.0/../../../../aarch64-none-elf/lib/pic\libg.a(libc_a-init.o)
                0x000000000001dce0                __libc_init_array
 *fill*         0x000000000001dd74        0xc 
 .text.__libc_fini_array
                0x000000000001dd80       0x44 C:/devkitPro/devkitA64/bin/../lib/gcc/aarch64-none-elf/13.2.0/../../../../aarch64-none-elf/lib/pic\libg.a(libc_a-fini.o)
                0x000000000001dd80                __libc_fini_array
 *fill*         0x000000000001ddc4        0xc 
 .text.__errno  0x000000000001ddd0       0x14 C:/devkitPro/devkitA64/bin/../lib/gcc/aarch64-none-elf/13.2.0/../../../../aarch64-none-elf/lib/pic\libg.a(libc_a-errno.o)
                0x000000000001ddd0                __errno
 *fill*         0x000000000001dde4        0xc 
 .text.nan      0x000000000001ddf0        0xc C:/devkitPro/devkitA64/bin/../lib/gcc/aarch64-none-elf/13.2.0/../../../../aarch64-none-elf/lib/pic\libg.a(libm_a-s_nan.o)
                0x000000000001ddf0                nan
 *fill*         0x000000000001ddfc        0x4 
 .text.nanf     0x000000000001de00        0xc C:/devkitPro/devkitA64/bin/../lib/gcc/aarch64-none-elf/13.2.0/../../../../aarch64-none-elf/lib/pic\libg.a(libm_a-sf_nan.o)
                0x000000000001de00                nanf
 *fill*         0x000000000001de0c        0x4 
 .text.frexp    0x000000000001de10       0x78 C:/devkitPro/devkitA64/bin/../lib/gcc/aarch64-none-elf/13.2.0/../../../../aarch64-none-elf/lib/pic\libg.a(libm_a-s_frexp.o)
                0x000000000001de10                frexp
 *fill*         0x000000000001de88        0x8 
 .text._strtoll_l.isra.0
                0x000000000001de90      0x18c C:/devkitPro/devkitA64/bin/../lib/gcc/aarch64-none-elf/13.2.0/../../../../aarch64-none-elf/lib/pic\libg.a(libc_a-strtoll.o)
 *fill*         0x000000000001e01c        0x4 
 .text._strtoll_r
                0x000000000001e020       0x44 C:/devkitPro/devkitA64/bin/../lib/gcc/aarch64-none-elf/13.2.0/../../../../aarch64-none-elf/lib/pic\libg.a(libc_a-strtoll.o)
                0x000000000001e020                _strtoll_r
 *fill*         0x000000000001e064        0xc 
 .text._strtoull_l.isra.0
                0x000000000001e070      0x1a8 C:/devkitPro/devkitA64/bin/../lib/gcc/aarch64-none-elf/13.2.0/../../../../aarch64-none-elf/lib/pic\libg.a(libc_a-strtoull.o)
 *fill*         0x000000000001e218        0x8 
 .text._strtoull_r
                0x000000000001e220       0x44 C:/devkitPro/devkitA64/bin/../lib/gcc/aarch64-none-elf/13.2.0/../../../../aarch64-none-elf/lib/pic\libg.a(libc_a-strtoull.o)
                0x000000000001e220                _strtoull_r
 *fill*         0x000000000001e264        0xc 
 .text.iswspace
                0x000000000001e270        0x8 C:/devkitPro/devkitA64/bin/../lib/gcc/aarch64-none-elf/13.2.0/../../../../aarch64-none-elf/lib/pic\libg.a(libc_a-iswspace.o)
                0x000000000001e270                iswspace
 *fill*         0x000000000001e278        0x8 
 .text._mbrtowc_r
                0x000000000001e280       0xf0 C:/devkitPro/devkitA64/bin/../lib/gcc/aarch64-none-elf/13.2.0/../../../../aarch64-none-elf/lib/pic\libg.a(libc_a-mbrtowc.o)
                0x000000000001e280                _mbrtowc_r
 .text.__swhatbuf_r
                0x000000000001e370       0x94 C:/devkitPro/devkitA64/bin/../lib/gcc/aarch64-none-elf/13.2.0/../../../../aarch64-none-elf/lib/pic\libg.a(libc_a-makebuf.o)
                0x000000000001e370                __swhatbuf_r
 *fill*         0x000000000001e404        0xc 
 .text.__smakebuf_r
                0x000000000001e410      0x104 C:/devkitPro/devkitA64/bin/../lib/gcc/aarch64-none-elf/13.2.0/../../../../aarch64-none-elf/lib/pic\libg.a(libc_a-makebuf.o)
                0x000000000001e410                __smakebuf_r
 *fill*         0x000000000001e514        0xc 
 .text._wcrtomb_r
                0x000000000001e520       0xd8 C:/devkitPro/devkitA64/bin/../lib/gcc/aarch64-none-elf/13.2.0/../../../../aarch64-none-elf/lib/pic\libg.a(libc_a-wcrtomb.o)
                0x000000000001e520                _wcrtomb_r
 *fill*         0x000000000001e5f8        0x8 
 .text.iswspace_l
                0x000000000001e600       0x48 C:/devkitPro/devkitA64/bin/../lib/gcc/aarch64-none-elf/13.2.0/../../../../aarch64-none-elf/lib/pic\libg.a(libc_a-iswspace_l.o)
                0x000000000001e600                iswspace_l
 *fill*         0x000000000001e648        0x8 
 .text._wcsrtombs_r
                0x000000000001e650       0x10 C:/devkitPro/devkitA64/bin/../lib/gcc/aarch64-none-elf/13.2.0/../../../../aarch64-none-elf/lib/pic\libg.a(libc_a-wcsrtombs.o)
                0x000000000001e650                _wcsrtombs_r
 .text._memalign_r
                0x000000000001e660      0x180 C:/devkitPro/devkitA64/bin/../lib/gcc/aarch64-none-elf/13.2.0/../../../../aarch64-none-elf/lib/pic\libg.a(libc_a-malignr.o)
                0x000000000001e660                _memalign_r
 .text.sprintf  0x000000000001e7e0       0xa8 C:/devkitPro/devkitA64/bin/../lib/gcc/aarch64-none-elf/13.2.0/../../../../aarch64-none-elf/lib/pic\libg.a(libc_a-sprintf.o)
                0x000000000001e7e0                sprintf
 *fill*         0x000000000001e888        0x8 
 .text.__sccl   0x000000000001e890       0xd4 C:/devkitPro/devkitA64/bin/../lib/gcc/aarch64-none-elf/13.2.0/../../../../aarch64-none-elf/lib/pic\libg.a(libc_a-sccl.o)
                0x000000000001e890                __sccl
 *fill*         0x000000000001e964        0xc 
 .text.category
                0x000000000001e970       0x84 C:/devkitPro/devkitA64/bin/../lib/gcc/aarch64-none-elf/13.2.0/../../../../aarch64-none-elf/lib/pic\libg.a(libc_a-categories.o)
                0x000000000001e970                category
 .text.get_arg  0x000000000001e9f4      0x804 C:/devkitPro/devkitA64/bin/../lib/gcc/aarch64-none-elf/13.2.0/../../../../aarch64-none-elf/lib/pic\libg.a(libc_a-vfiprintf.o)
 .text.__sprint_r
                0x000000000001f1f8       0x38 C:/devkitPro/devkitA64/bin/../lib/gcc/aarch64-none-elf/13.2.0/../../../../aarch64-none-elf/lib/pic\libg.a(libc_a-vfiprintf.o)
                0x000000000001f1f8                __sprint_r
 .text._vfiprintf_r
                0x000000000001f230     0x2984 C:/devkitPro/devkitA64/bin/../lib/gcc/aarch64-none-elf/13.2.0/../../../../aarch64-none-elf/lib/pic\libg.a(libc_a-vfiprintf.o)
                0x000000000001f230                _vfiprintf_r
 .text.__sbprintf
                0x0000000000021bb4       0xd0 C:/devkitPro/devkitA64/bin/../lib/gcc/aarch64-none-elf/13.2.0/../../../../aarch64-none-elf/lib/pic\libg.a(libc_a-vfiprintf.o)
 .text.__ssprint_r
                0x0000000000021c84      0x1bc C:/devkitPro/devkitA64/bin/../lib/gcc/aarch64-none-elf/13.2.0/../../../../aarch64-none-elf/lib/pic\libg.a(libc_a-svfiprintf.o)
                0x0000000000021c84                __ssprint_r
 .text._sungetc_r
                0x0000000000021e40       0xf0 C:/devkitPro/devkitA64/bin/../lib/gcc/aarch64-none-elf/13.2.0/../../../../aarch64-none-elf/lib/pic\libg.a(libc_a-svfiscanf.o)
                0x0000000000021e40                _sungetc_r
 .text.__ssrefill_r
                0x0000000000021f30       0x70 C:/devkitPro/devkitA64/bin/../lib/gcc/aarch64-none-elf/13.2.0/../../../../aarch64-none-elf/lib/pic\libg.a(libc_a-svfiscanf.o)
                0x0000000000021f30                __ssrefill_r
 .text._sfread_r
                0x0000000000021fa0       0xe0 C:/devkitPro/devkitA64/bin/../lib/gcc/aarch64-none-elf/13.2.0/../../../../aarch64-none-elf/lib/pic\libg.a(libc_a-svfiscanf.o)
                0x0000000000021fa0                _sfread_r
 .text.__swsetup_r
                0x0000000000022080      0x12c C:/devkitPro/devkitA64/bin/../lib/gcc/aarch64-none-elf/13.2.0/../../../../aarch64-none-elf/lib/pic\libg.a(libc_a-wsetup.o)
                0x0000000000022080                __swsetup_r
 *fill*         0x00000000000221ac        0x4 
 .text.rshift   0x00000000000221b0      0x118 C:/devkitPro/devkitA64/bin/../lib/gcc/aarch64-none-elf/13.2.0/../../../../aarch64-none-elf/lib/pic\libg.a(libc_a-gdtoa-gethex.o)
 *fill*         0x00000000000222c8        0x8 
 .text.__gethex
                0x00000000000222d0      0x814 C:/devkitPro/devkitA64/bin/../lib/gcc/aarch64-none-elf/13.2.0/../../../../aarch64-none-elf/lib/pic\libg.a(libc_a-gdtoa-gethex.o)
                0x00000000000222d0                __gethex
 *fill*         0x0000000000022ae4        0xc 
 .text.quorem   0x0000000000022af0      0x1a4 C:/devkitPro/devkitA64/bin/../lib/gcc/aarch64-none-elf/13.2.0/../../../../aarch64-none-elf/lib/pic\libg.a(libc_a-dtoa.o)
 *fill*         0x0000000000022c94        0xc 