Archive member included to satisfy reference by file (symbol)

C:\devkitPro/libnx/lib\libnx.a(applet.o)
                              main.o (appletMainLoop)
C:\devkitPro/libnx/lib\libnx.a(hosversion.o)
                              C:\devkitPro/libnx/lib\libnx.a(applet.o) (hosversionGet)
C:\devkitPro/libnx/lib\libnx.a(env.o)
                              C:\devkitPro/libnx/lib\libnx.a(applet.o) (envIsNso)
C:\devkitPro/libnx/lib\libnx.a(pad.o)
                              main.o (padConfigureInput)
C:\devkitPro/libnx/lib\libnx.a(diag.o)
                              C:\devkitPro/libnx/lib\libnx.a(applet.o) (diagAbortWithResult)
C:\devkitPro/libnx/lib\libnx.a(console.o)
                              main.o (consoleInit)
C:\devkitPro/libnx/lib\libnx.a(console_sw.o)
                              C:\devkitPro/libnx/lib\libnx.a(console.o) (getDefaultConsoleRenderer)
C:\devkitPro/libnx/lib\libnx.a(svc.o)
                              C:\devkitPro/libnx/lib\libnx.a(applet.o) (svcExitProcess)
C:\devkitPro/libnx/lib\libnx.a(switch_crt0.o)
                              (_start)
C:\devkitPro/libnx/lib\libnx.a(default_font.bin.o)
                              C:\devkitPro/libnx/lib\libnx.a(console.o) (default_font_bin)
C:\devkitPro/libnx/lib\libnx.a(wait.o)
                              C:\devkitPro/libnx/lib\libnx.a(applet.o) (waitObjects)
C:\devkitPro/libnx/lib\libnx.a(tmem.o)
                              C:\devkitPro/libnx/lib\libnx.a(applet.o) (tmemCreate)
C:\devkitPro/libnx/lib\libnx.a(mutex.o)
                              C:\devkitPro/libnx/lib\libnx.a(applet.o) (mutexLock)
C:\devkitPro/libnx/lib\libnx.a(virtmem.o)
                              C:\devkitPro/libnx/lib\libnx.a(tmem.o) (virtmemLock)
C:\devkitPro/libnx/lib\libnx.a(event.o)
                              C:\devkitPro/libnx/lib\libnx.a(applet.o) (eventLoadRemote)
C:\devkitPro/libnx/lib\libnx.a(random.o)
                              C:\devkitPro/libnx/lib\libnx.a(virtmem.o) (randomGet64)
C:\devkitPro/libnx/lib\libnx.a(apm.o)
                              C:\devkitPro/libnx/lib\libnx.a(applet.o) (apmInitialize)
C:\devkitPro/libnx/lib\libnx.a(sm.o)
                              C:\devkitPro/libnx/lib\libnx.a(env.o) (smAddOverrideHandle)
C:\devkitPro/libnx/lib\libnx.a(hid.o)
                              C:\devkitPro/libnx/lib\libnx.a(pad.o) (hidGetNpadStyleSet)
C:\devkitPro/libnx/lib\libnx.a(framebuffer.o)
                              C:\devkitPro/libnx/lib\libnx.a(console_sw.o) (framebufferMakeLinear)
C:\devkitPro/libnx/lib\libnx.a(default_window.o)
                              C:\devkitPro/libnx/lib\libnx.a(console_sw.o) (nwindowGetDefault)
C:\devkitPro/libnx/lib\libnx.a(native_window.o)
                              C:\devkitPro/libnx/lib\libnx.a(framebuffer.o) (nwindowIsValid)
C:\devkitPro/libnx/lib\libnx.a(dynamic.o)
                              C:\devkitPro/libnx/lib\libnx.a(switch_crt0.o) (__nx_dynamic)
C:\devkitPro/libnx/lib\libnx.a(init.o)
                              C:\devkitPro/libnx/lib\libnx.a(switch_crt0.o) (__libnx_init)
C:\devkitPro/libnx/lib\libnx.a(alloc.o)
                              C:\devkitPro/libnx/lib\libnx.a(virtmem.o) (__libnx_alloc)
C:\devkitPro/libnx/lib\libnx.a(newlib.o)
                              C:\devkitPro/libnx/lib\libnx.a(init.o) (__libnx_init_time)
C:\devkitPro/libnx/lib\libnx.a(argv.o)
                              C:\devkitPro/libnx/lib\libnx.a(init.o) (argvSetup)
C:\devkitPro/libnx/lib\libnx.a(fs_dev.o)
                              C:\devkitPro/libnx/lib\libnx.a(init.o) (fsdevMountSdmc)
C:\devkitPro/libnx/lib\libnx.a(decode_utf8.o)
                              C:\devkitPro/libnx/lib\libnx.a(fs_dev.o) (decode_utf8)
C:\devkitPro/libnx/lib\libnx.a(cache.o)
                              C:\devkitPro/libnx/lib\libnx.a(framebuffer.o) (armDCacheFlush)
C:\devkitPro/libnx/lib\libnx.a(exception.o)
                              C:\devkitPro/libnx/lib\libnx.a(switch_crt0.o) (__libnx_exception_entry)
C:\devkitPro/libnx/lib\libnx.a(readtp.o)
                              C:\devkitPro/libnx/lib\libnx.a(fs_dev.o) (__aarch64_read_tp)
C:\devkitPro/libnx/lib\libnx.a(shmem.o)
                              C:\devkitPro/libnx/lib\libnx.a(hid.o) (shmemLoadRemote)
C:\devkitPro/libnx/lib\libnx.a(condvar.o)
                              C:\devkitPro/libnx/lib\libnx.a(newlib.o) (condvarWaitTimeout)
C:\devkitPro/libnx/lib\libnx.a(thread.o)
                              C:\devkitPro/libnx/lib\libnx.a(init.o) (__libnx_init_thread)
C:\devkitPro/libnx/lib\libnx.a(vi.o)
                              C:\devkitPro/libnx/lib\libnx.a(default_window.o) (viInitialize)
C:\devkitPro/libnx/lib\libnx.a(set.o)
                              C:\devkitPro/libnx/lib\libnx.a(init.o) (setsysInitialize)
C:\devkitPro/libnx/lib\libnx.a(fs.o)
                              C:\devkitPro/libnx/lib\libnx.a(init.o) (fsInitialize)
C:\devkitPro/libnx/lib\libnx.a(nv.o)
                              C:\devkitPro/libnx/lib\libnx.a(framebuffer.o) (nvInitialize)
[...]
Memory Configuration

Name             Origin             Length             Attributes
*default*        0x0000000000000000 0xffffffffffffffff

Linker script and memory map

                0x0000000000000000                PROVIDE (__start__ = 0x0)
                0x0000000000000000                . = __start__
                [!provide]                        PROVIDE (__code_start = .)

.text           0x0000000000000000    0x31a60
 *(.crt0)
 .crt0          0x0000000000000000      0x124 C:\devkitPro/libnx/lib\libnx.a(switch_crt0.o)
                0x0000000000000000                _start
                0x00000000000000e0                __nx_exit
                0x00000000000000f0                __nx_mod0
 *(.text.unlikely .text.*_unlikely .text.unlikely.*)
 .text.unlikely._ZN9__gnu_cxx30__throw_concurrence_lock_errorEv
                0x0000000000000124       0x34 C:/devkitPro/devkitA64/bin/../lib/gcc/aarch64-none-elf/13.2.0/../../../../aarch64-none-elf/lib/pic\libstdc++.a(eh_alloc.o)
                0x0000000000000124                __gnu_cxx::__throw_concurrence_lock_error()
 .text.unlikely._ZN9__gnu_cxx32__throw_concurrence_unlock_errorEv
                0x0000000000000158       0x34 C:/devkitPro/devkitA64/bin/../lib/gcc/aarch64-none-elf/13.2.0/../../../../aarch64-none-elf/lib/pic\libstdc++.a(eh_alloc.o)
                0x0000000000000158                __gnu_cxx::__throw_concurrence_unlock_error()
 *(.text.exit .text.exit.*)
 *fill*         0x000000000000018c        0x4 
 .text.exit._GLOBAL__sub_D_eh_globals.cc
                0x0000000000000190       0x34 C:/devkitPro/devkitA64/bin/../lib/gcc/aarch64-none-elf/13.2.0/../../../../aarch64-none-elf/lib/pic\libstdc++.a(eh_globals.o)
 *fill*         0x00000000000001c4        0xc 
 .text.exit     0x00000000000001d0       0x34 C:/devkitPro/devkitA64/bin/../lib/gcc/aarch64-none-elf/13.2.0/../../../../aarch64-none-elf/lib/pic\libg.a(libc_a-exit.o)
                0x00000000000001d0                exit
 *(.text.startup .text.startup.*)
 *fill*         0x0000000000000204        0xc 
 .text.startup.main
                0x0000000000000210      0x12c main.o
                0x0000000000000210                main
 *fill*         0x000000000000033c        0x4 
 .text.startup._GLOBAL__sub_I_eh_alloc.cc
                0x0000000000000340      0x204 C:/devkitPro/devkitA64/bin/../lib/gcc/aarch64-none-elf/13.2.0/../../../../aarch64-none-elf/lib/pic\libstdc++.a(eh_alloc.o)
 *fill*         0x0000000000000544        0xc 
 .text.startup._GLOBAL__sub_I_eh_globals.cc
                0x0000000000000550       0x38 C:/devkitPro/devkitA64/bin/../lib/gcc/aarch64-none-elf/13.2.0/../../../../aarch64-none-elf/lib/pic\libstdc++.a(eh_globals.o)
 *(.text.hot .text.hot.*)
 *(.text .stub .text.* .gnu.linkonce.t.*)
 *fill*         0x0000000000000588        0x8 
 .text.__do_global_dtors_aux
                0x0000000000000590       0x44 C:/devkitPro/devkitA64/bin/../lib/gcc/aarch64-none-elf/13.2.0/pic/crtbegin.o
 *fill*         0x00000000000005d4        0xc 
 .text.frame_dummy
                0x00000000000005e0       0x24 C:/devkitPro/devkitA64/bin/../lib/gcc/aarch64-none-elf/13.2.0/pic/crtbegin.o
 *fill*         0x0000000000000604        0xc 
 .text._ZN4GameC2Ev
                0x0000000000000610        0x4 settings.o
                0x0000000000000610                Game::Game()
                0x0000000000000610                Game::Game()
 *fill*         0x0000000000000614        0xc 
 .text._appletInfiniteSleepLoop
                0x0000000000000620       0x24 C:\devkitPro/libnx/lib\libnx.a(applet.o)
 *fill*         0x0000000000000644        0xc 
 .text._appletCmdGetSession
                0x0000000000000650      0x108 C:\devkitPro/libnx/lib\libnx.a(applet.o)
 *fill*         0x0000000000000758        0x8 
 .text._appletCmdInU8NoOut
                0x0000000000000760       0xcc C:\devkitPro/libnx/lib\libnx.a(applet.o)
 *fill*         0x000000000000082c        0x4 
 .text._appletGetLaunchReason
                0x0000000000000830      0x104 C:\devkitPro/libnx/lib\libnx.a(applet.o)
 *fill*         0x0000000000000934        0xc 
 .text._appletSetFocusHandlingMode
                0x0000000000000940       0xe4 C:\devkitPro/libnx/lib\libnx.a(applet.o)
 *fill*         0x0000000000000a24        0xc 
 .text._appletCmdInU32NoOut
                0x0000000000000a30       0xcc C:\devkitPro/libnx/lib\libnx.a(applet.o)
 *fill*         0x0000000000000afc        0x4 
 .text._appletGetSessionProxy.constprop.0
                0x0000000000000b00      0x138 C:\devkitPro/libnx/lib\libnx.a(applet.o)
 *fill*         0x0000000000000c38        0x8 
 .text._appletOpenLibraryAppletProxy.constprop.0
                0x0000000000000c40      0x154 C:\devkitPro/libnx/lib\libnx.a(applet.o)
 *fill*         0x0000000000000d94        0xc 
 .text._appletCmdGetHandle.constprop.0.isra.0
                0x0000000000000da0       0xd0 C:\devkitPro/libnx/lib\libnx.a(applet.o)
 .text._appletCmdNoInOutU8.isra.0
                0x0000000000000e70       0xd4 C:\devkitPro/libnx/lib\libnx.a(applet.o)
 *fill*         0x0000000000000f44        0xc 
 .text._appletCmdNoInOutU32.isra.0
                0x0000000000000f50       0xd4 C:\devkitPro/libnx/lib\libnx.a(applet.o)
 *fill*         0x0000000000001024        0xc 
 .text._appletCmdNoInOutU64.isra.0
                0x0000000000001030       0xd4 C:\devkitPro/libnx/lib\libnx.a(applet.o)
 *fill*         0x0000000000001104        0xc 
 .text._appletCmdNoIO.isra.0
                0x0000000000001110       0xc0 C:\devkitPro/libnx/lib\libnx.a(applet.o)
 .text.appletGetAppletType
                0x00000000000011d0       0x10 C:\devkitPro/libnx/lib\libnx.a(applet.o)
                0x00000000000011d0                appletGetAppletType
 .text.appletSetFocusHandlingMode
                0x00000000000011e0      0x114 C:\devkitPro/libnx/lib\libnx.a(applet.o)
                0x00000000000011e0                appletSetFocusHandlingMode
 *fill*         0x00000000000012f4        0xc 
 .text.appletSetCpuBoostMode
                0x0000000000001300       0x5c C:\devkitPro/libnx/lib\libnx.a(applet.o)
                0x0000000000001300                appletSetCpuBoostMode
 *fill*         0x000000000000135c        0x4 
 .text.appletCreateManagedDisplayLayer
                0x0000000000001360       0x2c C:\devkitPro/libnx/lib\libnx.a(applet.o)
                0x0000000000001360                appletCreateManagedDisplayLayer
 *fill*         0x000000000000138c        0x4 
 .text.appletGetAppletResourceUserId
                0x0000000000001390        0xc C:\devkitPro/libnx/lib\libnx.a(applet.o)
                0x0000000000001390                appletGetAppletResourceUserId
 *fill*         0x000000000000139c        0x4 
 .text._appletGetIndirectLayerConsumerHandle
                0x00000000000013a0       0xf4 C:\devkitPro/libnx/lib\libnx.a(applet.o)
 *fill*         0x0000000000001494        0xc 
 .text._appletHolderCreateState
                0x00000000000014a0       0x88 C:\devkitPro/libnx/lib\libnx.a(applet.o)
 *fill*         0x0000000000001528        0x8 
 .text.appletHolderClose
                0x0000000000001530       0xac C:\devkitPro/libnx/lib\libnx.a(applet.o)
                0x0000000000001530                appletHolderClose
 *fill*         0x00000000000015dc        0x4 
 .text.appletHolderGetLibraryAppletInfo
                0x00000000000015e0       0x24 C:\devkitPro/libnx/lib\libnx.a(applet.o)
                0x00000000000015e0                appletHolderGetLibraryAppletInfo
 *fill*         0x0000000000001604        0xc 
 .text.appletNotifyRunning
                0x0000000000001610       0x90 C:\devkitPro/libnx/lib\libnx.a(applet.o)
                0x0000000000001610                appletNotifyRunning
 .text.appletSetGamePlayRecordingState
                0x00000000000016a0       0x8c C:\devkitPro/libnx/lib\libnx.a(applet.o)
                0x00000000000016a0                appletSetGamePlayRecordingState
 *fill*         0x000000000000172c        0x4 
 .text._appletCleanup
                0x0000000000001730      0xad4 C:\devkitPro/libnx/lib\libnx.a(applet.o)
 *fill*         0x0000000000002204        0xc 
 .text.appletExit
                0x0000000000002210       0x44 C:\devkitPro/libnx/lib\libnx.a(applet.o)
                0x0000000000002210                appletExit
 *fill*         0x0000000000002254        0xc 
 .text.appletGetLibraryAppletInfo
                0x0000000000002260       0x40 C:\devkitPro/libnx/lib\libnx.a(applet.o)
                0x0000000000002260                appletGetLibraryAppletInfo
 .text.appletInitialize
                0x00000000000022a0      0xa94 C:\devkitPro/libnx/lib\libnx.a(applet.o)
                0x00000000000022a0                appletInitialize
 *fill*         0x0000000000002d34        0xc 
 .text._appletExitProcess
                0x0000000000002d40       0x24 C:\devkitPro/libnx/lib\libnx.a(applet.o)
 *fill*         0x0000000000002d64        0xc 
 .text.appletGetMessage
                0x0000000000002d70       0x74 C:\devkitPro/libnx/lib\libnx.a(applet.o)
                0x0000000000002d70                appletGetMessage
 *fill*         0x0000000000002de4        0xc 
 .text.appletProcessMessage
                0x0000000000002df0      0x28c C:\devkitPro/libnx/lib\libnx.a(applet.o)
                0x0000000000002df0                appletProcessMessage
 *fill*         0x000000000000307c        0x4 
 .text.appletMainLoop
                0x0000000000003080       0x34 C:\devkitPro/libnx/lib\libnx.a(applet.o)
                0x0000000000003080                appletMainLoop
 *fill*         0x00000000000030b4        0xc 
 .text.hosversionGet
                0x00000000000030c0       0x14 C:\devkitPro/libnx/lib\libnx.a(hosversion.o)
                0x00000000000030c0                hosversionGet
 *fill*         0x00000000000030d4        0xc 
 .text.hosversionSet
                0x00000000000030e0       0x10 C:\devkitPro/libnx/lib\libnx.a(hosversion.o)
                0x00000000000030e0                hosversionSet
 .text.envSetup
                0x00000000000030f0      0x208 C:\devkitPro/libnx/lib\libnx.a(env.o)
                0x00000000000030f0                envSetup
 *fill*         0x00000000000032f8        0x8 
 .text.envGetMainThreadHandle
                0x0000000000003300       0x20 C:\devkitPro/libnx/lib\libnx.a(env.o)
                0x0000000000003300                envGetMainThreadHandle
 .text.envIsNso
                0x0000000000003320        0xc C:\devkitPro/libnx/lib\libnx.a(env.o)
                0x0000000000003320                envIsNso
 *fill*         0x000000000000332c        0x4 
 .text.envHasHeapOverride
                0x0000000000003330       0x14 C:\devkitPro/libnx/lib\libnx.a(env.o)
                0x0000000000003330                envHasHeapOverride
 *fill*         0x0000000000003344        0xc 
 .text.envGetHeapOverrideAddr
                0x0000000000003350        0xc C:\devkitPro/libnx/lib\libnx.a(env.o)
                0x0000000000003350                envGetHeapOverrideAddr
 *fill*         0x000000000000335c        0x4 
 .text.envGetHeapOverrideSize
                0x0000000000003360        0xc C:\devkitPro/libnx/lib\libnx.a(env.o)
                0x0000000000003360                envGetHeapOverrideSize
 *fill*         0x000000000000336c        0x4 
 .text.envHasArgv
                0x0000000000003370       0x14 C:\devkitPro/libnx/lib\libnx.a(env.o)
                0x0000000000003370                envHasArgv
 *fill*         0x0000000000003384        0xc 
 .text.envGetArgv
                0x0000000000003390        0xc C:\devkitPro/libnx/lib\libnx.a(env.o)
                0x0000000000003390                envGetArgv
 *fill*         0x000000000000339c        0x4 
 .text.envGetExitFuncPtr
                0x00000000000033a0        0xc C:\devkitPro/libnx/lib\libnx.a(env.o)
                0x00000000000033a0                envGetExitFuncPtr
 *fill*         0x00000000000033ac        0x4 
 .text.envSetExitFuncPtr
                0x00000000000033b0        0xc C:\devkitPro/libnx/lib\libnx.a(env.o)
                0x00000000000033b0                envSetExitFuncPtr
 *fill*         0x00000000000033bc        0x4 
 .text.envHasRandomSeed
                0x00000000000033c0        0xc C:\devkitPro/libnx/lib\libnx.a(env.o)
                0x00000000000033c0                envHasRandomSeed
 *fill*         0x00000000000033cc        0x4 
 .text.envGetRandomSeed
                0x00000000000033d0       0x10 C:\devkitPro/libnx/lib\libnx.a(env.o)
                0x00000000000033d0                envGetRandomSeed
 .text._padUpdateWithCommonState
                0x00000000000033e0       0x5c C:\devkitPro/libnx/lib\libnx.a(pad.o)
 *fill*         0x000000000000343c        0x4 
 .text.padConfigureInput
                0x0000000000003440       0x9c C:\devkitPro/libnx/lib\libnx.a(pad.o)
                0x0000000000003440                padConfigureInput
 *fill*         0x00000000000034dc        0x4 
 .text.padInitializeWithMask
                0x00000000000034e0       0x24 C:\devkitPro/libnx/lib\libnx.a(pad.o)
                0x00000000000034e0                padInitializeWithMask
 *fill*         0x0000000000003504        0xc 
 .text.padUpdate
                0x0000000000003510      0x240 C:\devkitPro/libnx/lib\libnx.a(pad.o)
                0x0000000000003510                padUpdate
 .text.diagAbortWithResult
                0x0000000000003750       0x1c C:\devkitPro/libnx/lib\libnx.a(diag.o)
                0x0000000000003750                diagAbortWithResult
 *fill*         0x000000000000376c        0x4 
 .text.consoleDrawChar
                0x0000000000003770       0x48 C:\devkitPro/libnx/lib\libnx.a(console.o)
 *fill*         0x00000000000037b8        0x8 
 .text.parseColor
                0x00000000000037c0      0x20c C:\devkitPro/libnx/lib\libnx.a(console.o)
 *fill*         0x00000000000039cc        0x4 
 .text.consoleNewRow
                0x00000000000039d0       0xb0 C:\devkitPro/libnx/lib\libnx.a(console.o)
 .text.con_write
                0x0000000000003a80      0xc98 C:\devkitPro/libnx/lib\libnx.a(console.o)
 *fill*         0x0000000000004718        0x8 
 .text.consoleInit
                0x0000000000004720      0x154 C:\devkitPro/libnx/lib\libnx.a(console.o)
                0x0000000000004720                consoleInit
 *fill*         0x0000000000004874        0xc 
 .text.consoleExit
                0x0000000000004880       0x48 C:\devkitPro/libnx/lib\libnx.a(console.o)
                0x0000000000004880                consoleExit
 *fill*         0x00000000000048c8        0x8 
 .text.consoleUpdate
                0x00000000000048d0       0x2c C:\devkitPro/libnx/lib\libnx.a(console.o)
                0x00000000000048d0                consoleUpdate
 *fill*         0x00000000000048fc        0x4 
 .text.ConsoleSwRenderer_drawChar
                0x0000000000004900      0x1c8 C:\devkitPro/libnx/lib\libnx.a(console_sw.o)
 *fill*         0x0000000000004ac8        0x8 
 .text.ConsoleSwRenderer_init
                0x0000000000004ad0       0xf8 C:\devkitPro/libnx/lib\libnx.a(console_sw.o)
 *fill*         0x0000000000004bc8        0x8 
 .text.ConsoleSwRenderer_flushAndSwap
                0x0000000000004bd0       0x70 C:\devkitPro/libnx/lib\libnx.a(console_sw.o)
 .text.ConsoleSwRenderer_scrollWindow
                0x0000000000004c40       0xd0 C:\devkitPro/libnx/lib\libnx.a(console_sw.o)
 .text.ConsoleSwRenderer_deinit
                0x0000000000004d10       0x4c C:\devkitPro/libnx/lib\libnx.a(console_sw.o)
 *fill*         0x0000000000004d5c        0x4 
 .text.getDefaultConsoleRenderer
                0x0000000000004d60        0xc C:\devkitPro/libnx/lib\libnx.a(console_sw.o)
                0x0000000000004d60                getDefaultConsoleRenderer
 .text.svcSetHeapSize
                0x0000000000004d6c       0x14 C:\devkitPro/libnx/lib\libnx.a(svc.o)
                0x0000000000004d6c                svcSetHeapSize
 .text.svcSetMemoryPermission
                0x0000000000004d80        0x8 C:\devkitPro/libnx/lib\libnx.a(svc.o)
                0x0000000000004d80                svcSetMemoryPermission
 .text.svcSetMemoryAttribute
                0x0000000000004d88        0x8 C:\devkitPro/libnx/lib\libnx.a(svc.o)
                0x0000000000004d88                svcSetMemoryAttribute
 .text.svcUnmapMemory
                0x0000000000004d90        0x8 C:\devkitPro/libnx/lib\libnx.a(svc.o)
                0x0000000000004d90                svcUnmapMemory
 .text.svcQueryMemory
                0x0000000000004d98       0x14 C:\devkitPro/libnx/lib\libnx.a(svc.o)
                0x0000000000004d98                svcQueryMemory
 .text.svcExitProcess
                0x0000000000004dac        0x8 C:\devkitPro/libnx/lib\libnx.a(svc.o)
                0x0000000000004dac                svcExitProcess
 .text.svcSleepThread
                0x0000000000004db4        0x8 C:\devkitPro/libnx/lib\libnx.a(svc.o)
                0x0000000000004db4                svcSleepThread
 .text.svcMapSharedMemory
                0x0000000000004dbc        0x8 C:\devkitPro/libnx/lib\libnx.a(svc.o)
                0x0000000000004dbc                svcMapSharedMemory
 .text.svcUnmapSharedMemory
                0x0000000000004dc4        0x8 C:\devkitPro/libnx/lib\libnx.a(svc.o)
                0x0000000000004dc4                svcUnmapSharedMemory
 .text.svcCreateTransferMemory
                0x0000000000004dcc       0x14 C:\devkitPro/libnx/lib\libnx.a(svc.o)
                0x0000000000004dcc                svcCreateTransferMemory
 .text.svcCloseHandle
                0x0000000000004de0        0x8 C:\devkitPro/libnx/lib\libnx.a(svc.o)
                0x0000000000004de0                svcCloseHandle
 .text.svcResetSignal
                0x0000000000004de8        0x8 C:\devkitPro/libnx/lib\libnx.a(svc.o)
                0x0000000000004de8                svcResetSignal
 .text.svcWaitSynchronization
                0x0000000000004df0       0x14 C:\devkitPro/libnx/lib\libnx.a(svc.o)
                0x0000000000004df0                svcWaitSynchronization
 .text.svcArbitrateLock
                0x0000000000004e04        0x8 C:\devkitPro/libnx/lib\libnx.a(svc.o)
                0x0000000000004e04                svcArbitrateLock
 .text.svcArbitrateUnlock
                0x0000000000004e0c        0x8 C:\devkitPro/libnx/lib\libnx.a(svc.o)
                0x0000000000004e0c                svcArbitrateUnlock
 .text.svcWaitProcessWideKeyAtomic
                0x0000000000004e14        0x8 C:\devkitPro/libnx/lib\libnx.a(svc.o)
                0x0000000000004e14                svcWaitProcessWideKeyAtomic
 .text.svcSignalProcessWideKey
                0x0000000000004e1c        0x8 C:\devkitPro/libnx/lib\libnx.a(svc.o)
                0x0000000000004e1c                svcSignalProcessWideKey
 .text.svcConnectToNamedPort
                0x0000000000004e24       0x14 C:\devkitPro/libnx/lib\libnx.a(svc.o)
                0x0000000000004e24                svcConnectToNamedPort
 .text.svcSendSyncRequest
                0x0000000000004e38        0x8 C:\devkitPro/libnx/lib\libnx.a(svc.o)
                0x0000000000004e38                svcSendSyncRequest
 .text.svcBreak
                0x0000000000004e40        0x8 C:\devkitPro/libnx/lib\libnx.a(svc.o)
                0x0000000000004e40                svcBreak
 .text.svcReturnFromException
                0x0000000000004e48        0x8 C:\devkitPro/libnx/lib\libnx.a(svc.o)
                0x0000000000004e48                svcReturnFromException
 .text.svcGetInfo
                0x0000000000004e50       0x14 C:\devkitPro/libnx/lib\libnx.a(svc.o)
                0x0000000000004e50                svcGetInfo
 .text.svcUnmapTransferMemory
                0x0000000000004e64        0x8 C:\devkitPro/libnx/lib\libnx.a(svc.o)
                0x0000000000004e64                svcUnmapTransferMemory
 *fill*         0x0000000000004e6c        0x4 
 .text.waitObjects
                0x0000000000004e70      0x524 C:\devkitPro/libnx/lib\libnx.a(wait.o)
                0x0000000000004e70                waitObjects
 *fill*         0x0000000000005394        0xc 
 .text.tmemCreate
                0x00000000000053a0       0xa8 C:\devkitPro/libnx/lib\libnx.a(tmem.o)
                0x00000000000053a0                tmemCreate
 *fill*         0x0000000000005448        0x8 
 .text.tmemUnmap
                0x0000000000005450       0x34 C:\devkitPro/libnx/lib\libnx.a(tmem.o)
                0x0000000000005450                tmemUnmap
 *fill*         0x0000000000005484        0xc 
 .text.tmemCloseHandle
                0x0000000000005490       0x38 C:\devkitPro/libnx/lib\libnx.a(tmem.o)
                0x0000000000005490                tmemCloseHandle
 *fill*         0x00000000000054c8        0x8 
 .text.tmemWaitForPermission
                0x00000000000054d0       0xf0 C:\devkitPro/libnx/lib\libnx.a(tmem.o)
                0x00000000000054d0                tmemWaitForPermission
 .text.tmemClose
                0x00000000000055c0       0x54 C:\devkitPro/libnx/lib\libnx.a(tmem.o)
                0x00000000000055c0                tmemClose
 *fill*         0x0000000000005614        0xc 
 .text.mutexLock
                0x0000000000005620       0x80 C:\devkitPro/libnx/lib\libnx.a(mutex.o)
                0x0000000000005620                mutexLock
 .text.mutexUnlock
                0x00000000000056a0       0x68 C:\devkitPro/libnx/lib\libnx.a(mutex.o)
                0x00000000000056a0                mutexUnlock
 *fill*         0x0000000000005708        0x8 
 .text.mutexIsLockedByCurrentThread
                0x0000000000005710       0x1c C:\devkitPro/libnx/lib\libnx.a(mutex.o)
                0x0000000000005710                mutexIsLockedByCurrentThread
 *fill*         0x000000000000572c        0x4 
 .text.rmutexLock
                0x0000000000005730       0x4c C:\devkitPro/libnx/lib\libnx.a(mutex.o)
                0x0000000000005730                rmutexLock
 *fill*         0x000000000000577c        0x4 
 .text.rmutexUnlock
                0x0000000000005780       0x1c C:\devkitPro/libnx/lib\libnx.a(mutex.o)
                0x0000000000005780                rmutexUnlock
 *fill*         0x000000000000579c        0x4 
 .text._memregionInitWithInfo
                0x00000000000057a0       0x64 C:\devkitPro/libnx/lib\libnx.a(virtmem.o)
 *fill*         0x0000000000005804        0xc 
 .text.__libnx_virtmem_rng
                0x0000000000005810        0x4 C:\devkitPro/libnx/lib\libnx.a(virtmem.o)
                0x0000000000005810                __libnx_virtmem_rng
 *fill*         0x0000000000005814        0xc 
 .text._memregionFindRandom
                0x0000000000005820      0x16c C:\devkitPro/libnx/lib\libnx.a(virtmem.o)
 *fill*         0x000000000000598c        0x4 
 .text.virtmemSetup
                0x0000000000005990      0x120 C:\devkitPro/libnx/lib\libnx.a(virtmem.o)
                0x0000000000005990                virtmemSetup
 .text.virtmemLock
                0x0000000000005ab0        0xc C:\devkitPro/libnx/lib\libnx.a(virtmem.o)
                0x0000000000005ab0                virtmemLock
 *fill*         0x0000000000005abc        0x4 
 .text.virtmemUnlock
                0x0000000000005ac0        0xc C:\devkitPro/libnx/lib\libnx.a(virtmem.o)
                0x0000000000005ac0                virtmemUnlock
 *fill*         0x0000000000005acc        0x4 
 .text.virtmemFindAslr
                0x0000000000005ad0       0x50 C:\devkitPro/libnx/lib\libnx.a(virtmem.o)
                0x0000000000005ad0                virtmemFindAslr
 .text.eventLoadRemote
                0x0000000000005b20        0xc C:\devkitPro/libnx/lib\libnx.a(event.o)
                0x0000000000005b20                eventLoadRemote
 *fill*         0x0000000000005b2c        0x4 
 .text.eventWait
                0x0000000000005b30       0x38 C:\devkitPro/libnx/lib\libnx.a(event.o)
                0x0000000000005b30                eventWait
 *fill*         0x0000000000005b68        0x8 
 .text.eventClose
                0x0000000000005b70       0x50 C:\devkitPro/libnx/lib\libnx.a(event.o)
                0x0000000000005b70                eventClose
 .text.randomGet
                0x0000000000005bc0      0x3d4 C:\devkitPro/libnx/lib\libnx.a(random.o)
                0x0000000000005bc0                randomGet
 *fill*         0x0000000000005f94        0xc 
 .text.randomGet64
                0x0000000000005fa0       0x20 C:\devkitPro/libnx/lib\libnx.a(random.o)
                0x0000000000005fa0                randomGet64
 .text._apmCleanup
                0x0000000000005fc0       0xc0 C:\devkitPro/libnx/lib\libnx.a(apm.o)
 .text._apmCmdGetSession.constprop.0
                0x0000000000006080       0xfc C:\devkitPro/libnx/lib\libnx.a(apm.o)
 *fill*         0x000000000000617c        0x4 
 .text.apmInitialize
                0x0000000000006180       0xa0 C:\devkitPro/libnx/lib\libnx.a(apm.o)
                0x0000000000006180                apmInitialize
 .text.apmExit  0x0000000000006220       0x44 C:\devkitPro/libnx/lib\libnx.a(apm.o)
                0x0000000000006220                apmExit
 *fill*         0x0000000000006264        0xc 
 .text.apmSetPerformanceConfiguration
                0x0000000000006270       0xc8 C:\devkitPro/libnx/lib\libnx.a(apm.o)
                0x0000000000006270                apmSetPerformanceConfiguration
 *fill*         0x0000000000006338        0x8 
 .text._smCmifCmdInPid
                0x0000000000006340       0xd0 C:\devkitPro/libnx/lib\libnx.a(sm.o)
 .text._smCleanup
                0x0000000000006410       0x68 C:\devkitPro/libnx/lib\libnx.a(sm.o)
 *fill*         0x0000000000006478        0x8 
 .text.smAddOverrideHandle
                0x0000000000006480       0x48 C:\devkitPro/libnx/lib\libnx.a(sm.o)
                0x0000000000006480                smAddOverrideHandle
 *fill*         0x00000000000064c8        0x8 
 .text.smGetServiceOverride
                0x00000000000064d0       0x54 C:\devkitPro/libnx/lib\libnx.a(sm.o)
                0x00000000000064d0                smGetServiceOverride
 *fill*         0x0000000000006524        0xc 
 .text.smInitialize
                0x0000000000006530      0x1c0 C:\devkitPro/libnx/lib\libnx.a(sm.o)
                0x0000000000006530                smInitialize
 .text.smExit   0x00000000000066f0       0x44 C:\devkitPro/libnx/lib\libnx.a(sm.o)
                0x00000000000066f0                smExit
 *fill*         0x0000000000006734        0xc 
 .text.smGetServiceOriginal
                0x0000000000006740       0xd0 C:\devkitPro/libnx/lib\libnx.a(sm.o)
                0x0000000000006740                smGetServiceOriginal
 .text.smGetServiceWrapper
                0x0000000000006810      0x120 C:\devkitPro/libnx/lib\libnx.a(sm.o)
                0x0000000000006810                smGetServiceWrapper
 .text._hidCleanup
                0x0000000000006930      0x108 C:\devkitPro/libnx/lib\libnx.a(hid.o)
 *fill*         0x0000000000006a38        0x8 
 .text._hidCmdInAruidNoOut
                0x0000000000006a40       0xd8 C:\devkitPro/libnx/lib\libnx.a(hid.o)
 *fill*         0x0000000000006b18        0x8 
 .text._hidCmdInU32AruidNoOut
                0x0000000000006b20       0xe4 C:\devkitPro/libnx/lib\libnx.a(hid.o)
 *fill*         0x0000000000006c04        0xc 
 .text._hidGetStates
                0x0000000000006c10      0x1a8 C:\devkitPro/libnx/lib\libnx.a(hid.o)
 *fill*         0x0000000000006db8        0x8 
 .text._hidCreateAppletResource.constprop.0
                0x0000000000006dc0      0x114 C:\devkitPro/libnx/lib\libnx.a(hid.o)
 *fill*         0x0000000000006ed4        0xc 
 .text._hidCmdGetHandle.constprop.0
                0x0000000000006ee0       0xc8 C:\devkitPro/libnx/lib\libnx.a(hid.o)
 *fill*         0x0000000000006fa8        0x8 
 .text.hidInitialize
                0x0000000000006fb0       0xdc C:\devkitPro/libnx/lib\libnx.a(hid.o)
                0x0000000000006fb0                hidInitialize
 *fill*         0x000000000000708c        0x4 
 .text.hidExit  0x0000000000007090       0x44 C:\devkitPro/libnx/lib\libnx.a(hid.o)
                0x0000000000007090                hidExit
 *fill*         0x00000000000070d4        0xc 
 .text.hidGetSharedmemAddr
                0x00000000000070e0        0xc C:\devkitPro/libnx/lib\libnx.a(hid.o)
                0x00000000000070e0                hidGetSharedmemAddr
 *fill*         0x00000000000070ec        0x4 
 .text.hidGetNpadStyleSet
                0x00000000000070f0       0x94 C:\devkitPro/libnx/lib\libnx.a(hid.o)
                0x00000000000070f0                hidGetNpadStyleSet
 *fill*         0x0000000000007184        0xc 
 .text.hidInitializeNpad
                0x0000000000007190       0x6c C:\devkitPro/libnx/lib\libnx.a(hid.o)
                0x0000000000007190                hidInitializeNpad
 *fill*         0x00000000000071fc        0x4 
 .text.hidGetNpadStatesFullKey
                0x0000000000007200       0xac C:\devkitPro/libnx/lib\libnx.a(hid.o)
                0x0000000000007200                hidGetNpadStatesFullKey
 *fill*         0x00000000000072ac        0x4 
 .text.hidGetNpadStatesHandheld
                0x00000000000072b0       0xac C:\devkitPro/libnx/lib\libnx.a(hid.o)
                0x00000000000072b0                hidGetNpadStatesHandheld
 *fill*         0x000000000000735c        0x4 
 .text.hidGetNpadStatesJoyDual
                0x0000000000007360       0xac C:\devkitPro/libnx/lib\libnx.a(hid.o)
                0x0000000000007360                hidGetNpadStatesJoyDual
 *fill*         0x000000000000740c        0x4 
 .text.hidGetNpadStatesJoyLeft
                0x0000000000007410       0xac C:\devkitPro/libnx/lib\libnx.a(hid.o)
                0x0000000000007410                hidGetNpadStatesJoyLeft
 *fill*         0x00000000000074bc        0x4 
 .text.hidGetNpadStatesJoyRight
                0x00000000000074c0       0xac C:\devkitPro/libnx/lib\libnx.a(hid.o)
                0x00000000000074c0                hidGetNpadStatesJoyRight
 *fill*         0x000000000000756c        0x4 
 .text.hidGetNpadStatesGc
                0x0000000000007570      0x164 C:\devkitPro/libnx/lib\libnx.a(hid.o)
                0x0000000000007570                hidGetNpadStatesGc
 *fill*         0x00000000000076d4        0xc 
 .text.hidGetNpadStatesSystemExt
                0x00000000000076e0       0xb0 C:\devkitPro/libnx/lib\libnx.a(hid.o)
                0x00000000000076e0                hidGetNpadStatesSystemExt
 .text.hidSetSupportedNpadStyleSet
                0x0000000000007790        0x8 C:\devkitPro/libnx/lib\libnx.a(hid.o)
                0x0000000000007790                hidSetSupportedNpadStyleSet
 *fill*         0x0000000000007798        0x8 
 .text.hidSetSupportedNpadIdType
                0x00000000000077a0      0x100 C:\devkitPro/libnx/lib\libnx.a(hid.o)
                0x00000000000077a0                hidSetSupportedNpadIdType
 .text.framebufferMakeLinear
                0x00000000000078a0       0x8c C:\devkitPro/libnx/lib\libnx.a(framebuffer.o)
                0x00000000000078a0                framebufferMakeLinear
 *fill*         0x000000000000792c        0x4 
 .text.framebufferClose
                0x0000000000007930       0x80 C:\devkitPro/libnx/lib\libnx.a(framebuffer.o)
                0x0000000000007930                framebufferClose
 .text.framebufferCreate
                0x00000000000079b0      0x2b0 C:\devkitPro/libnx/lib\libnx.a(framebuffer.o)
                0x00000000000079b0                framebufferCreate
 .text.framebufferBegin
                0x0000000000007c60       0x88 C:\devkitPro/libnx/lib\libnx.a(framebuffer.o)
                0x0000000000007c60                framebufferBegin
 *fill*         0x0000000000007ce8        0x8 
 .text.framebufferEnd
                0x0000000000007cf0      0x18c C:\devkitPro/libnx/lib\libnx.a(framebuffer.o)
                0x0000000000007cf0                framebufferEnd
 *fill*         0x0000000000007e7c        0x4 
 .text.nwindowGetDefault
                0x0000000000007e80        0xc C:\devkitPro/libnx/lib\libnx.a(default_window.o)
                0x0000000000007e80                nwindowGetDefault
 *fill*         0x0000000000007e8c        0x4 
 .text.__nx_win_init
                0x0000000000007e90       0xb0 C:\devkitPro/libnx/lib\libnx.a(default_window.o)
                0x0000000000007e90                __nx_win_init
 .text.__nx_win_exit
                0x0000000000007f40       0x34 C:\devkitPro/libnx/lib\libnx.a(default_window.o)
                0x0000000000007f40                __nx_win_exit
 *fill*         0x0000000000007f74        0xc 
 .text.nwindowIsValid
                0x0000000000007f80       0x24 C:\devkitPro/libnx/lib\libnx.a(native_window.o)
                0x0000000000007f80                nwindowIsValid
 *fill*         0x0000000000007fa4        0xc 
 .text.nwindowClose
                0x0000000000007fb0       0x7c C:\devkitPro/libnx/lib\libnx.a(native_window.o)
                0x0000000000007fb0                nwindowClose
 *fill*         0x000000000000802c        0x4 
 .text.nwindowCreate
                0x0000000000008030       0xf4 C:\devkitPro/libnx/lib\libnx.a(native_window.o)
                0x0000000000008030                nwindowCreate
 *fill*         0x0000000000008124        0xc 
 .text.nwindowCreateFromLayer
                0x0000000000008130       0x34 C:\devkitPro/libnx/lib\libnx.a(native_window.o)
                0x0000000000008130                nwindowCreateFromLayer
 *fill*         0x0000000000008164        0xc 
 .text.nwindowSetDimensions
                0x0000000000008170       0x84 C:\devkitPro/libnx/lib\libnx.a(native_window.o)
                0x0000000000008170                nwindowSetDimensions
 *fill*         0x00000000000081f4        0xc 
 .text.nwindowConfigureBuffer
                0x0000000000008200      0x18c C:\devkitPro/libnx/lib\libnx.a(native_window.o)
                0x0000000000008200                nwindowConfigureBuffer
 *fill*         0x000000000000838c        0x4 
 .text.nwindowDequeueBuffer
                0x0000000000008390      0x1e0 C:\devkitPro/libnx/lib\libnx.a(native_window.o)
                0x0000000000008390                nwindowDequeueBuffer
 .text.nwindowQueueBuffer
                0x0000000000008570      0x13c C:\devkitPro/libnx/lib\libnx.a(native_window.o)
                0x0000000000008570                nwindowQueueBuffer
 *fill*         0x00000000000086ac        0x4 
 .text.nwindowReleaseBuffers
                0x00000000000086b0       0x94 C:\devkitPro/libnx/lib\libnx.a(native_window.o)
                0x00000000000086b0                nwindowReleaseBuffers
 *fill*         0x0000000000008744        0xc 
 .text.__nx_dynamic
                0x0000000000008750      0x154 C:\devkitPro/libnx/lib\libnx.a(dynamic.o)
                0x0000000000008750                __nx_dynamic
 *fill*         0x00000000000088a4        0xc 
 .text.__libnx_initheap
                0x00000000000088b0       0xd4 C:\devkitPro/libnx/lib\libnx.a(init.o)
                0x00000000000088b0                __libnx_initheap
 *fill*         0x0000000000008984        0xc 
 .text.__appInit
                0x0000000000008990       0xec C:\devkitPro/libnx/lib\libnx.a(init.o)
                0x0000000000008990                __appInit
 *fill*         0x0000000000008a7c        0x4 
 .text.__appExit
                0x0000000000008a80       0x44 C:\devkitPro/libnx/lib\libnx.a(init.o)
                0x0000000000008a80                __appExit
 *fill*         0x0000000000008ac4        0xc 
 .text.__libnx_init
                0x0000000000008ad0       0x2c C:\devkitPro/libnx/lib\libnx.a(init.o)
                0x0000000000008ad0                __libnx_init
 *fill*         0x0000000000008afc        0x4 
 .text.__libnx_exit
                0x0000000000008b00       0x20 C:\devkitPro/libnx/lib\libnx.a(init.o)
                0x0000000000008b00                __libnx_exit
 .text.__libnx_alloc
                0x0000000000008b20        0x4 C:\devkitPro/libnx/lib\libnx.a(alloc.o)
                0x0000000000008b20                __libnx_alloc
 *fill*         0x0000000000008b24        0xc 
 .text.__libnx_aligned_alloc
                0x0000000000008b30       0x14 C:\devkitPro/libnx/lib\libnx.a(alloc.o)
                0x0000000000008b30                __libnx_aligned_alloc
 *fill*         0x0000000000008b44        0xc 
 .text.__libnx_free
                0x0000000000008b50        0x4 C:\devkitPro/libnx/lib\libnx.a(alloc.o)
                0x0000000000008b50                __libnx_free
 *fill*         0x0000000000008b54        0xc 
 .text.__syscall_exit
                0x0000000000008b60       0x1c C:\devkitPro/libnx/lib\libnx.a(newlib.o)
                0x0000000000008b60                __syscall_exit
 *fill*         0x0000000000008b7c        0x4 
 .text.__syscall_getreent
                0x0000000000008b80       0x34 C:\devkitPro/libnx/lib\libnx.a(newlib.o)
                0x0000000000008b80                __syscall_getreent
 *fill*         0x0000000000008bb4        0xc 
 .text.__syscall_lock_acquire
                0x0000000000008bc0        0x4 C:\devkitPro/libnx/lib\libnx.a(newlib.o)
                0x0000000000008bc0                __syscall_lock_acquire
 *fill*         0x0000000000008bc4        0xc 
 .text.__syscall_lock_release
                0x0000000000008bd0        0x4 C:\devkitPro/libnx/lib\libnx.a(newlib.o)
                0x0000000000008bd0                __syscall_lock_release
 *fill*         0x0000000000008bd4        0xc 
 .text.__syscall_lock_acquire_recursive
                0x0000000000008be0        0x4 C:\devkitPro/libnx/lib\libnx.a(newlib.o)
                0x0000000000008be0                __syscall_lock_acquire_recursive
 *fill*         0x0000000000008be4        0xc 
 .text.__syscall_lock_release_recursive
                0x0000000000008bf0        0x4 C:\devkitPro/libnx/lib\libnx.a(newlib.o)
                0x0000000000008bf0                __syscall_lock_release_recursive
 *fill*         0x0000000000008bf4        0xc 
 .text.__syscall_cond_broadcast
                0x0000000000008c00       0x1c C:\devkitPro/libnx/lib\libnx.a(newlib.o)
                0x0000000000008c00                __syscall_cond_broadcast
 *fill*         0x0000000000008c1c        0x4 
 .text.__syscall_cond_wait
                0x0000000000008c20       0x3c C:\devkitPro/libnx/lib\libnx.a(newlib.o)
                0x0000000000008c20                __syscall_cond_wait
 *fill*         0x0000000000008c5c        0x4 
 .text.__syscall_tls_create
                0x0000000000008c60       0x44 C:\devkitPro/libnx/lib\libnx.a(newlib.o)
                0x0000000000008c60                __syscall_tls_create
 *fill*         0x0000000000008ca4        0xc 
 .text.__syscall_tls_set
                0x0000000000008cb0       0x18 C:\devkitPro/libnx/lib\libnx.a(newlib.o)
                0x0000000000008cb0                __syscall_tls_set
 *fill*         0x0000000000008cc8        0x8 
 .text.__syscall_tls_get
                0x0000000000008cd0        0x4 C:\devkitPro/libnx/lib\libnx.a(newlib.o)
                0x0000000000008cd0                __syscall_tls_get
 *fill*         0x0000000000008cd4        0xc 
 .text.__syscall_tls_delete
                0x0000000000008ce0       0x18 C:\devkitPro/libnx/lib\libnx.a(newlib.o)
                0x0000000000008ce0                __syscall_tls_delete
 *fill*         0x0000000000008cf8        0x8 
 .text.__libnx_init_time
                0x0000000000008d00      0x238 C:\devkitPro/libnx/lib\libnx.a(newlib.o)
                0x0000000000008d00                __libnx_init_time
 *fill*         0x0000000000008f38        0x8 
 .text.__syscall_gettod_r
                0x0000000000008f40       0x8c C:\devkitPro/libnx/lib\libnx.a(newlib.o)
                0x0000000000008f40                __syscall_gettod_r
 *fill*         0x0000000000008fcc        0x4 
 .text.newlibSetup
                0x0000000000008fd0       0x9c C:\devkitPro/libnx/lib\libnx.a(newlib.o)
                0x0000000000008fd0                newlibSetup
 *fill*         0x000000000000906c        0x4 
 .text.argvSetup
                0x0000000000009070      0x2f8 C:\devkitPro/libnx/lib\libnx.a(argv.o)
                0x0000000000009070                argvSetup
 *fill*         0x0000000000009368        0x8 
 .text.fsdev_link
                0x0000000000009370       0x14 C:\devkitPro/libnx/lib\libnx.a(fs_dev.o)
 *fill*         0x0000000000009384        0xc 
 .text.fsdev_dirreset
                0x0000000000009390       0x14 C:\devkitPro/libnx/lib\libnx.a(fs_dev.o)
 *fill*         0x00000000000093a4        0xc 
 .text.fsdev_chmod
                0x00000000000093b0       0x14 C:\devkitPro/libnx/lib\libnx.a(fs_dev.o)
 *fill*         0x00000000000093c4        0xc 
 .text.error_cmp
                0x00000000000093d0       0x18 C:\devkitPro/libnx/lib\libnx.a(fs_dev.o)
 *fill*         0x00000000000093e8        0x8 
 .text.fsdev_dirclose
                0x00000000000093f0       0x20 C:\devkitPro/libnx/lib\libnx.a(fs_dev.o)
 .text.fsdev_close
                0x0000000000009410       0x1c C:\devkitPro/libnx/lib\libnx.a(fs_dev.o)
 *fill*         0x000000000000942c        0x4 
 .text.fsdev_converttimetoutc
                0x0000000000009430       0x80 C:\devkitPro/libnx/lib\libnx.a(fs_dev.o)
 .text.fsdevFindDevice.part.0
                0x00000000000094b0       0xe0 C:\devkitPro/libnx/lib\libnx.a(fs_dev.o)
 .text.fsdev_fixpath
                0x0000000000009590      0x1c0 C:\devkitPro/libnx/lib\libnx.a(fs_dev.o)
 .text._fsdevUnmountDeviceStruct.part.0
                0x0000000000009750       0xa0 C:\devkitPro/libnx/lib\libnx.a(fs_dev.o)
 .text.fsdev_fchmod
                0x00000000000097f0       0x14 C:\devkitPro/libnx/lib\libnx.a(fs_dev.o)
 *fill*         0x0000000000009804        0xc 
 .text.fsdev_diropen
                0x0000000000009810      0x108 C:\devkitPro/libnx/lib\libnx.a(fs_dev.o)
 *fill*         0x0000000000009918        0x8 
 .text.fsdev_statvfs
                0x0000000000009920       0xfc C:\devkitPro/libnx/lib\libnx.a(fs_dev.o)
 *fill*         0x0000000000009a1c        0x4 
 .text.fsdev_fsync
                0x0000000000009a20       0x7c C:\devkitPro/libnx/lib\libnx.a(fs_dev.o)
 *fill*         0x0000000000009a9c        0x4 
 .text.fsdev_fstat
                0x0000000000009aa0       0xf4 C:\devkitPro/libnx/lib\libnx.a(fs_dev.o)
 *fill*         0x0000000000009b94        0xc 
 .text.fsdev_ftruncate
                0x0000000000009ba0       0x94 C:\devkitPro/libnx/lib\libnx.a(fs_dev.o)
 *fill*         0x0000000000009c34        0xc 
 .text.fsdev_stat
                0x0000000000009c40      0x1fc C:\devkitPro/libnx/lib\libnx.a(fs_dev.o)
 *fill*         0x0000000000009e3c        0x4 
 .text.fsdev_rename
                0x0000000000009e40      0x14c C:\devkitPro/libnx/lib\libnx.a(fs_dev.o)
 *fill*         0x0000000000009f8c        0x4 
 .text.fsdev_chdir
                0x0000000000009f90      0x140 C:\devkitPro/libnx/lib\libnx.a(fs_dev.o)
 .text.fsdev_mkdir
                0x000000000000a0d0       0xa4 C:\devkitPro/libnx/lib\libnx.a(fs_dev.o)
 *fill*         0x000000000000a174        0xc 
 .text.fsdev_unlink
                0x000000000000a180       0xa4 C:\devkitPro/libnx/lib\libnx.a(fs_dev.o)
 *fill*         0x000000000000a224        0xc 
 .text.fsdev_rmdir
                0x000000000000a230       0xa4 C:\devkitPro/libnx/lib\libnx.a(fs_dev.o)
 *fill*         0x000000000000a2d4        0xc 
 .text.fsdev_write_safe
                0x000000000000a2e0      0x144 C:\devkitPro/libnx/lib\libnx.a(fs_dev.o)
 *fill*         0x000000000000a424        0xc 
 .text.fsdev_read_safe
                0x000000000000a430      0x13c C:\devkitPro/libnx/lib\libnx.a(fs_dev.o)
 *fill*         0x000000000000a56c        0x4 
 .text.fsdev_read
                0x000000000000a570      0x100 C:\devkitPro/libnx/lib\libnx.a(fs_dev.o)
 .text.fsdev_dirnext
                0x000000000000a670      0x1b8 C:\devkitPro/libnx/lib\libnx.a(fs_dev.o)
 *fill*         0x000000000000a828        0x8 
 .text.fsdev_write
                0x000000000000a830      0x124 C:\devkitPro/libnx/lib\libnx.a(fs_dev.o)
 *fill*         0x000000000000a954        0xc 
 .text.fsdev_seek
                0x000000000000a960       0xec C:\devkitPro/libnx/lib\libnx.a(fs_dev.o)
 *fill*         0x000000000000aa4c        0x4 
 .text.fsdev_open
                0x000000000000aa50      0x244 C:\devkitPro/libnx/lib\libnx.a(fs_dev.o)
 *fill*         0x000000000000ac94        0xc 
 .text.fsdevMountDevice
                0x000000000000aca0      0x224 C:\devkitPro/libnx/lib\libnx.a(fs_dev.o)
                0x000000000000aca0                fsdevMountDevice
 *fill*         0x000000000000aec4        0xc 
 .text.fsdevMountSdmc
                0x000000000000aed0       0x40 C:\devkitPro/libnx/lib\libnx.a(fs_dev.o)
                0x000000000000aed0                fsdevMountSdmc
 .text.__libnx_init_cwd
                0x000000000000af10       0xc0 C:\devkitPro/libnx/lib\libnx.a(fs_dev.o)
                0x000000000000af10                __libnx_init_cwd
 .text.fsdevUnmountAll
                0x000000000000afd0       0x64 C:\devkitPro/libnx/lib\libnx.a(fs_dev.o)
                0x000000000000afd0                fsdevUnmountAll
 *fill*         0x000000000000b034        0xc 
 .text.decode_utf8
                0x000000000000b040      0x12c C:\devkitPro/libnx/lib\libnx.a(decode_utf8.o)
                0x000000000000b040                decode_utf8
 .text.armDCacheFlush
                0x000000000000b16c       0x4c C:\devkitPro/libnx/lib\libnx.a(cache.o)
                0x000000000000b16c                armDCacheFlush
 .text.__libnx_exception_entry
                0x000000000000b1b8      0x1c0 C:\devkitPro/libnx/lib\libnx.a(exception.o)
                0x000000000000b1b8                __libnx_exception_entry
 .text.__libnx_exception_returnentry
                0x000000000000b378       0x18 C:\devkitPro/libnx/lib\libnx.a(exception.o)
                0x000000000000b378                __libnx_exception_returnentry
 .text.__aarch64_read_tp
                0x000000000000b390        0xc C:\devkitPro/libnx/lib\libnx.a(readtp.o)
                0x000000000000b390                __aarch64_read_tp
 *fill*         0x000000000000b39c        0x4 
 .text.shmemLoadRemote
                0x000000000000b3a0       0x14 C:\devkitPro/libnx/lib\libnx.a(shmem.o)
                0x000000000000b3a0                shmemLoadRemote
 *fill*         0x000000000000b3b4        0xc 
 .text.shmemMap
                0x000000000000b3c0       0x88 C:\devkitPro/libnx/lib\libnx.a(shmem.o)
                0x000000000000b3c0                shmemMap
 *fill*         0x000000000000b448        0x8 
 .text.shmemUnmap
                0x000000000000b450       0x34 C:\devkitPro/libnx/lib\libnx.a(shmem.o)
                0x000000000000b450                shmemUnmap
 *fill*         0x000000000000b484        0xc 
 .text.shmemClose
                0x000000000000b490       0x44 C:\devkitPro/libnx/lib\libnx.a(shmem.o)
                0x000000000000b490                shmemClose
 *fill*         0x000000000000b4d4        0xc 
 .text.condvarWaitTimeout
                0x000000000000b4e0       0x64 C:\devkitPro/libnx/lib\libnx.a(condvar.o)
                0x000000000000b4e0                condvarWaitTimeout
 *fill*         0x000000000000b544        0xc 
 .text.__libnx_init_thread
                0x000000000000b550       0xb0 C:\devkitPro/libnx/lib\libnx.a(thread.o)
                0x000000000000b550                __libnx_init_thread
 .text.threadTlsGet
                0x000000000000b600       0x10 C:\devkitPro/libnx/lib\libnx.a(thread.o)
                0x000000000000b600                threadTlsGet
 .text.threadTlsSet
                0x000000000000b610       0x10 C:\devkitPro/libnx/lib\libnx.a(thread.o)
                0x000000000000b610                threadTlsSet
 .text.threadTlsAlloc
                0x000000000000b620       0xd8 C:\devkitPro/libnx/lib\libnx.a(thread.o)
                0x000000000000b620                threadTlsAlloc
 *fill*         0x000000000000b6f8        0x8 
 .text.threadTlsFree
                0x000000000000b700       0x48 C:\devkitPro/libnx/lib\libnx.a(thread.o)
                0x000000000000b700                threadTlsFree
 *fill*         0x000000000000b748        0x8 
 .text._viCleanup
                0x000000000000b750      0x1dc C:\devkitPro/libnx/lib\libnx.a(vi.o)
 *fill*         0x000000000000b92c        0x4 
 .text._viCmdGetSessionNoParams.constprop.0
                0x000000000000b930      0x100 C:\devkitPro/libnx/lib\libnx.a(vi.o)
 .text._viCmdGetSession.constprop.0
                0x000000000000ba30       0xfc C:\devkitPro/libnx/lib\libnx.a(vi.o)
 *fill*         0x000000000000bb2c        0x4 
 .text.viInitialize
                0x000000000000bb30      0x28c C:\devkitPro/libnx/lib\libnx.a(vi.o)
                0x000000000000bb30                viInitialize
 *fill*         0x000000000000bdbc        0x4 
 .text.viExit   0x000000000000bdc0       0x44 C:\devkitPro/libnx/lib\libnx.a(vi.o)
                0x000000000000bdc0                viExit
 *fill*         0x000000000000be04        0xc 
 .text.viGetSession_IHOSBinderDriverRelay
                0x000000000000be10        0xc C:\devkitPro/libnx/lib\libnx.a(vi.o)
                0x000000000000be10                viGetSession_IHOSBinderDriverRelay
 *fill*         0x000000000000be1c        0x4 
 .text.viOpenDisplay
                0x000000000000be20      0x110 C:\devkitPro/libnx/lib\libnx.a(vi.o)
                0x000000000000be20                viOpenDisplay
 .text.viCloseDisplay
                0x000000000000bf30       0xf4 C:\devkitPro/libnx/lib\libnx.a(vi.o)
                0x000000000000bf30                viCloseDisplay
 *fill*         0x000000000000c024        0xc 
 .text.viCloseLayer
                0x000000000000c030       0xfc C:\devkitPro/libnx/lib\libnx.a(vi.o)
                0x000000000000c030                viCloseLayer
 *fill*         0x000000000000c12c        0x4 
 .text.viCreateLayer
                0x000000000000c130      0x378 C:\devkitPro/libnx/lib\libnx.a(vi.o)
                0x000000000000c130                viCreateLayer
 *fill*         0x000000000000c4a8        0x8 
 .text.viSetLayerScalingMode
                0x000000000000c4b0       0xd8 C:\devkitPro/libnx/lib\libnx.a(vi.o)
                0x000000000000c4b0                viSetLayerScalingMode
 *fill*         0x000000000000c588        0x8 
 .text._setsysGetFirmwareVersionImpl
                0x000000000000c590       0xd4 C:\devkitPro/libnx/lib\libnx.a(set.o)
 *fill*         0x000000000000c664        0xc 
 .text._setsysCleanup
                0x000000000000c670       0x68 C:\devkitPro/libnx/lib\libnx.a(set.o)
 *fill*         0x000000000000c6d8        0x8 
 .text.setsysInitialize
                0x000000000000c6e0       0xa0 C:\devkitPro/libnx/lib\libnx.a(set.o)
                0x000000000000c6e0                setsysInitialize
 .text.setsysExit
                0x000000000000c780       0x44 C:\devkitPro/libnx/lib\libnx.a(set.o)
                0x000000000000c780                setsysExit
 *fill*         0x000000000000c7c4        0xc 
 .text.setsysGetFirmwareVersion
                0x000000000000c7d0       0x44 C:\devkitPro/libnx/lib\libnx.a(set.o)
                0x000000000000c7d0                setsysGetFirmwareVersion
 *fill*         0x000000000000c814        0xc 
 .text._fsCleanup
                0x000000000000c820       0xb4 C:\devkitPro/libnx/lib\libnx.a(fs.o)
 *fill*         0x000000000000c8d4        0xc 
 .text._fsCmdNoIO
                0x000000000000c8e0      0x1a8 C:\devkitPro/libnx/lib\libnx.a(fs.o)
 *fill*         0x000000000000ca88        0x8 
 .text._fsFsCmdWithInPath
                0x000000000000ca90      0x1d8 C:\devkitPro/libnx/lib\libnx.a(fs.o)
 *fill*         0x000000000000cc68        0x8 
 .text._fsFsCmdWithTwoInPaths
                0x000000000000cc70      0x1f4 C:\devkitPro/libnx/lib\libnx.a(fs.o)
 *fill*         0x000000000000ce64        0xc 
 .text._fsFsOpenCommon
                0x000000000000ce70      0x25c C:\devkitPro/libnx/lib\libnx.a(fs.o)
 *fill*         0x000000000000d0cc        0x4 
 .text._fsFsCmdWithInPathAndOutU64
                0x000000000000d0d0      0x1ec C:\devkitPro/libnx/lib\libnx.a(fs.o)
 *fill*         0x000000000000d2bc        0x4 
 .text._fsObjectClose
                0x000000000000d2c0       0xf4 C:\devkitPro/libnx/lib\libnx.a(fs.o)
 *fill*         0x000000000000d3b4        0xc 
 .text._fsCmdGetSession.constprop.0
                0x000000000000d3c0      0x1f4 C:\devkitPro/libnx/lib\libnx.a(fs.o)
 *fill*         0x000000000000d5b4        0xc 
 .text.fsInitialize
                0x000000000000d5c0      0x2f8 C:\devkitPro/libnx/lib\libnx.a(fs.o)
                0x000000000000d5c0                fsInitialize
 *fill*         0x000000000000d8b8        0x8 
 .text.fsExit   0x000000000000d8c0       0x44 C:\devkitPro/libnx/lib\libnx.a(fs.o)
                0x000000000000d8c0                fsExit
 *fill*         0x000000000000d904        0xc 
 .text.fsOpenSdCardFileSystem
                0x000000000000d910        0x8 C:\devkitPro/libnx/lib\libnx.a(fs.o)
                0x000000000000d910                fsOpenSdCardFileSystem
 *fill*         0x000000000000d918        0x8 
 .text.fsFsCreateFile
                0x000000000000d920      0x1f0 C:\devkitPro/libnx/lib\libnx.a(fs.o)
                0x000000000000d920                fsFsCreateFile
 .text.fsFsDeleteFile
                0x000000000000db10        0x8 C:\devkitPro/libnx/lib\libnx.a(fs.o)
                0x000000000000db10                fsFsDeleteFile
 *fill*         0x000000000000db18        0x8 
 .text.fsFsCreateDirectory
                0x000000000000db20        0x8 C:\devkitPro/libnx/lib\libnx.a(fs.o)
                0x000000000000db20                fsFsCreateDirectory
 *fill*         0x000000000000db28        0x8 
 .text.fsFsDeleteDirectory
                0x000000000000db30        0x8 C:\devkitPro/libnx/lib\libnx.a(fs.o)
                0x000000000000db30                fsFsDeleteDirectory
 *fill*         0x000000000000db38        0x8 
 .text.fsFsRenameFile
                0x000000000000db40        0x8 C:\devkitPro/libnx/lib\libnx.a(fs.o)
                0x000000000000db40                fsFsRenameFile
 *fill*         0x000000000000db48        0x8 
 .text.fsFsRenameDirectory
                0x000000000000db50        0x8 C:\devkitPro/libnx/lib\libnx.a(fs.o)
                0x000000000000db50                fsFsRenameDirectory
 *fill*         0x000000000000db58        0x8 
 .text.fsFsGetEntryType
                0x000000000000db60      0x1f0 C:\devkitPro/libnx/lib\libnx.a(fs.o)
                0x000000000000db60                fsFsGetEntryType
 .text.fsFsOpenFile
                0x000000000000dd50        0x8 C:\devkitPro/libnx/lib\libnx.a(fs.o)
                0x000000000000dd50                fsFsOpenFile
 *fill*         0x000000000000dd58        0x8 
 .text.fsFsOpenDirectory
                0x000000000000dd60        0x8 C:\devkitPro/libnx/lib\libnx.a(fs.o)
                0x000000000000dd60                fsFsOpenDirectory
 *fill*         0x000000000000dd68        0x8 
 .text.fsFsGetFreeSpace
                0x000000000000dd70        0x8 C:\devkitPro/libnx/lib\libnx.a(fs.o)
                0x000000000000dd70                fsFsGetFreeSpace
 *fill*         0x000000000000dd78        0x8 
 .text.fsFsGetTotalSpace
                0x000000000000dd80        0x8 C:\devkitPro/libnx/lib\libnx.a(fs.o)
                0x000000000000dd80                fsFsGetTotalSpace
 *fill*         0x000000000000dd88        0x8 
 .text.fsFsGetFileTimeStampRaw
                0x000000000000dd90      0x230 C:\devkitPro/libnx/lib\libnx.a(fs.o)
                0x000000000000dd90                fsFsGetFileTimeStampRaw
 .text.fsFsClose
                0x000000000000dfc0        0x4 C:\devkitPro/libnx/lib\libnx.a(fs.o)
                0x000000000000dfc0                fsFsClose
 *fill*         0x000000000000dfc4        0xc 
 .text.fsFileRead
                0x000000000000dfd0      0x218 C:\devkitPro/libnx/lib\libnx.a(fs.o)
                0x000000000000dfd0                fsFileRead
 *fill*         0x000000000000e1e8        0x8 
 .text.fsFileWrite
                0x000000000000e1f0      0x200 C:\devkitPro/libnx/lib\libnx.a(fs.o)
                0x000000000000e1f0                fsFileWrite
 .text.fsFileFlush
                0x000000000000e3f0        0x8 C:\devkitPro/libnx/lib\libnx.a(fs.o)
                0x000000000000e3f0                fsFileFlush
 *fill*         0x000000000000e3f8        0x8 
 .text.fsFileSetSize
                0x000000000000e400      0x1b8 C:\devkitPro/libnx/lib\libnx.a(fs.o)
                0x000000000000e400                fsFileSetSize
 *fill*         0x000000000000e5b8        0x8 
 .text.fsFileGetSize
                0x000000000000e5c0      0x1c4 C:\devkitPro/libnx/lib\libnx.a(fs.o)
                0x000000000000e5c0                fsFileGetSize
 *fill*         0x000000000000e784        0xc 
 .text.fsFileClose
                0x000000000000e790        0x4 C:\devkitPro/libnx/lib\libnx.a(fs.o)
                0x000000000000e790                fsFileClose
 *fill*         0x000000000000e794        0xc 
 .text.fsDirClose
                0x000000000000e7a0        0x4 C:\devkitPro/libnx/lib\libnx.a(fs.o)
                0x000000000000e7a0                fsDirClose
 *fill*         0x000000000000e7a4        0xc 
 .text.fsDirRead
                0x000000000000e7b0      0x1fc C:\devkitPro/libnx/lib\libnx.a(fs.o)
                0x000000000000e7b0                fsDirRead
 *fill*         0x000000000000e9ac        0x4 
 .text._nvSetClientPID
                0x000000000000e9b0       0xd0 C:\devkitPro/libnx/lib\libnx.a(nv.o)
 .text._nvCleanup
                0x000000000000ea80       0xc8 C:\devkitPro/libnx/lib\libnx.a(nv.o)
 *fill*         0x000000000000eb48        0x8 
 .text._nvCmdInitialize.constprop.0
                0x000000000000eb50       0xd8 C:\devkitPro/libnx/lib\libnx.a(nv.o)
 *fill*         0x000000000000ec28        0x8 
 .text.__nx_nv_create_tmem
                0x000000000000ec30       0x1c C:\devkitPro/libnx/lib\libnx.a(nv.o)
                0x000000000000ec30                __nx_nv_create_tmem
 *fill*         0x000000000000ec4c        0x4 
 .text.nvInitialize
                0x000000000000ec50      0x258 C:\devkitPro/libnx/lib\libnx.a(nv.o)
                0x000000000000ec50                nvInitialize
 *fill*         0x000000000000eea8        0x8 
 .text.nvExit   0x000000000000eeb0       0x44 C:\devkitPro/libnx/lib\libnx.a(nv.o)
                0x000000000000eeb0                nvExit
 *fill*         0x000000000000eef4        0xc 
 .text.nvConvertError
                0x000000000000ef00       0xf4 C:\devkitPro/libnx/lib\libnx.a(nv.o)
                0x000000000000ef00                nvConvertError
 *fill*         0x000000000000eff4        0xc 
 .text.nvOpen   0x000000000000f000      0x118 C:\devkitPro/libnx/lib\libnx.a(nv.o)
                0x000000000000f000                nvOpen
 *fill*         0x000000000000f118        0x8 
 .text.nvIoctl  0x000000000000f120      0x2fc C:\devkitPro/libnx/lib\libnx.a(nv.o)
                0x000000000000f120                nvIoctl
 *fill*         0x000000000000f41c        0x4 
 .text.nvClose  0x000000000000f420       0xd8 C:\devkitPro/libnx/lib\libnx.a(nv.o)
                0x000000000000f420                nvClose
 *fill*         0x000000000000f4f8        0x8 
 .text.nvQueryEvent
                0x000000000000f500      0x108 C:\devkitPro/libnx/lib\libnx.a(nv.o)
                0x000000000000f500                nvQueryEvent
 *fill*         0x000000000000f608        0x8 
 .text._timeCleanup
                0x000000000000f610      0x228 C:\devkitPro/libnx/lib\libnx.a(time.o)
 *fill*         0x000000000000f838        0x8 
 .text._timeCmdGetSession.constprop.0
                0x000000000000f840      0x100 C:\devkitPro/libnx/lib\libnx.a(time.o)
 .text._timeGetSharedMemoryNativeHandle.constprop.0
                0x000000000000f940       0xcc C:\devkitPro/libnx/lib\libnx.a(time.o)
 *fill*         0x000000000000fa0c        0x4 
 .text._timeCmdNoInOutU64.constprop.0.isra.0
                0x000000000000fa10       0xc4 C:\devkitPro/libnx/lib\libnx.a(time.o)
 *fill*         0x000000000000fad4        0xc 
 .text._timeReadClockFromSharedMem
                0x000000000000fae0      0x110 C:\devkitPro/libnx/lib\libnx.a(time.o)
 .text.timeInitialize
                0x000000000000fbf0      0x238 C:\devkitPro/libnx/lib\libnx.a(time.o)
                0x000000000000fbf0                timeInitialize
 *fill*         0x000000000000fe28        0x8 
 .text.timeExit
                0x000000000000fe30       0x44 C:\devkitPro/libnx/lib\libnx.a(time.o)
                0x000000000000fe30                timeExit
 *fill*         0x000000000000fe74        0xc 
 .text.timeGetServiceSession_SystemClock
                0x000000000000fe80       0x38 C:\devkitPro/libnx/lib\libnx.a(time.o)
                0x000000000000fe80                timeGetServiceSession_SystemClock
 *fill*         0x000000000000feb8        0x8 
 .text.timeGetCurrentTime
                0x000000000000fec0       0x68 C:\devkitPro/libnx/lib\libnx.a(time.o)
                0x000000000000fec0                timeGetCurrentTime
 *fill*         0x000000000000ff28        0x8 
 .text.timeToCalendarTimeWithMyRule
                0x000000000000ff30      0x110 C:\devkitPro/libnx/lib\libnx.a(time.o)
                0x000000000000ff30                timeToCalendarTimeWithMyRule
 .text.timeToPosixTimeWithMyRule
                0x0000000000010040      0x104 C:\devkitPro/libnx/lib\libnx.a(time.o)
                0x0000000000010040                timeToPosixTimeWithMyRule
 *fill*         0x0000000000010144        0xc 
 .text._nvFenceCleanup
                0x0000000000010150       0x7c C:\devkitPro/libnx/lib\libnx.a(fence.o)
 *fill*         0x00000000000101cc        0x4 
 .text.nvFenceInit
                0x00000000000101d0       0x98 C:\devkitPro/libnx/lib\libnx.a(fence.o)
                0x00000000000101d0                nvFenceInit
 *fill*         0x0000000000010268        0x8 
 .text.nvFenceExit
                0x0000000000010270       0x44 C:\devkitPro/libnx/lib\libnx.a(fence.o)
                0x0000000000010270                nvFenceExit
 *fill*         0x00000000000102b4        0xc 
 .text.nvFenceWait
                0x00000000000102c0      0x240 C:\devkitPro/libnx/lib\libnx.a(fence.o)
                0x00000000000102c0                nvFenceWait
 .text.nvMultiFenceWait
                0x0000000000010500       0x74 C:\devkitPro/libnx/lib\libnx.a(fence.o)
                0x0000000000010500                nvMultiFenceWait
 *fill*         0x0000000000010574        0xc 
 .text.nvMapInit
                0x0000000000010580       0xb4 C:\devkitPro/libnx/lib\libnx.a(map.o)
                0x0000000000010580                nvMapInit
 *fill*         0x0000000000010634        0xc 
 .text.nvMapExit
                0x0000000000010640       0x6c C:\devkitPro/libnx/lib\libnx.a(map.o)
                0x0000000000010640                nvMapExit
 *fill*         0x00000000000106ac        0x4 
 .text.nvMapClose
                0x00000000000106b0       0x80 C:\devkitPro/libnx/lib\libnx.a(map.o)
                0x00000000000106b0                nvMapClose
 .text.nvMapCreate
                0x0000000000010730      0x154 C:\devkitPro/libnx/lib\libnx.a(map.o)
                0x0000000000010730                nvMapCreate
 *fill*         0x0000000000010884        0xc 
 .text.nvioctlNvhostCtrl_EventSignal
                0x0000000000010890       0x28 C:\devkitPro/libnx/lib\libnx.a(nvhost-ctrl.o)
                0x0000000000010890                nvioctlNvhostCtrl_EventSignal
 *fill*         0x00000000000108b8        0x8 
 .text.nvioctlNvhostCtrl_EventWait
                0x00000000000108c0       0x44 C:\devkitPro/libnx/lib\libnx.a(nvhost-ctrl.o)
                0x00000000000108c0                nvioctlNvhostCtrl_EventWait
 *fill*         0x0000000000010904        0xc 
 .text.nvioctlNvhostCtrl_EventWaitAsync
                0x0000000000010910       0x30 C:\devkitPro/libnx/lib\libnx.a(nvhost-ctrl.o)
                0x0000000000010910                nvioctlNvhostCtrl_EventWaitAsync
 .text.nvioctlNvhostCtrl_EventRegister
                0x0000000000010940       0x28 C:\devkitPro/libnx/lib\libnx.a(nvhost-ctrl.o)
                0x0000000000010940                nvioctlNvhostCtrl_EventRegister
 *fill*         0x0000000000010968        0x8 
 .text.nvioctlNvhostCtrl_EventUnregister
                0x0000000000010970       0x28 C:\devkitPro/libnx/lib\libnx.a(nvhost-ctrl.o)
                0x0000000000010970                nvioctlNvhostCtrl_EventUnregister
 *fill*         0x0000000000010998        0x8 
 .text.nvioctlNvmap_Create
                0x00000000000109a0       0x40 C:\devkitPro/libnx/lib\libnx.a(nvmap.o)
                0x00000000000109a0                nvioctlNvmap_Create
 .text.nvioctlNvmap_Alloc
                0x00000000000109e0       0x38 C:\devkitPro/libnx/lib\libnx.a(nvmap.o)
                0x00000000000109e0                nvioctlNvmap_Alloc
 *fill*         0x0000000000010a18        0x8 
 .text.nvioctlNvmap_Free
                0x0000000000010a20       0x34 C:\devkitPro/libnx/lib\libnx.a(nvmap.o)
                0x0000000000010a20                nvioctlNvmap_Free
 *fill*         0x0000000000010a54        0xc 
 .text.nvioctlNvmap_GetId
                0x0000000000010a60       0x40 C:\devkitPro/libnx/lib\libnx.a(nvmap.o)
                0x0000000000010a60                nvioctlNvmap_GetId
 .text.bqRequestBuffer
                0x0000000000010aa0       0xd8 C:\devkitPro/libnx/lib\libnx.a(buffer_producer.o)
                0x0000000000010aa0                bqRequestBuffer
 *fill*         0x0000000000010b78        0x8 
 .text.bqDequeueBuffer
                0x0000000000010b80      0x160 C:\devkitPro/libnx/lib\libnx.a(buffer_producer.o)
                0x0000000000010b80                bqDequeueBuffer
 .text.bqQueueBuffer
                0x0000000000010ce0       0xdc C:\devkitPro/libnx/lib\libnx.a(buffer_producer.o)
                0x0000000000010ce0                bqQueueBuffer
 *fill*         0x0000000000010dbc        0x4 
 .text.bqCancelBuffer
                0x0000000000010dc0       0x94 C:\devkitPro/libnx/lib\libnx.a(buffer_producer.o)
                0x0000000000010dc0                bqCancelBuffer
 *fill*         0x0000000000010e54        0xc 
 .text.bqConnect
                0x0000000000010e60       0xe4 C:\devkitPro/libnx/lib\libnx.a(buffer_producer.o)
                0x0000000000010e60                bqConnect
 *fill*         0x0000000000010f44        0xc 
 .text.bqDisconnect
                0x0000000000010f50       0x9c C:\devkitPro/libnx/lib\libnx.a(buffer_producer.o)
                0x0000000000010f50                bqDisconnect
 *fill*         0x0000000000010fec        0x4 
 .text.bqSetPreallocatedBuffer
                0x0000000000010ff0      0x17c C:\devkitPro/libnx/lib\libnx.a(buffer_producer.o)
                0x0000000000010ff0                bqSetPreallocatedBuffer
 *fill*         0x000000000001116c        0x4 
 .text.binderCreate
                0x0000000000011170       0x1c C:\devkitPro/libnx/lib\libnx.a(binder.o)
                0x0000000000011170                binderCreate
 *fill*         0x000000000001118c        0x4 
 .text.binderTransactParcel
                0x0000000000011190      0x3d0 C:\devkitPro/libnx/lib\libnx.a(binder.o)
                0x0000000000011190                binderTransactParcel
 .text.binderConvertErrorCode
                0x0000000000011560       0xe8 C:\devkitPro/libnx/lib\libnx.a(binder.o)
                0x0000000000011560                binderConvertErrorCode
 *fill*         0x0000000000011648        0x8 
 .text.binderAdjustRefcount
                0x0000000000011650      0x124 C:\devkitPro/libnx/lib\libnx.a(binder.o)
                0x0000000000011650                binderAdjustRefcount
 *fill*         0x0000000000011774        0xc 
 .text.binderInitSession
                0x0000000000011780       0x98 C:\devkitPro/libnx/lib\libnx.a(binder.o)
                0x0000000000011780                binderInitSession
 *fill*         0x0000000000011818        0x8 
 .text.binderClose
                0x0000000000011820       0x68 C:\devkitPro/libnx/lib\libnx.a(binder.o)
                0x0000000000011820                binderClose
 *fill*         0x0000000000011888        0x8 
 .text.binderGetNativeHandle
                0x0000000000011890      0x158 C:\devkitPro/libnx/lib\libnx.a(binder.o)
                0x0000000000011890                binderGetNativeHandle
 *fill*         0x00000000000119e8        0x8 
 .text.parcelCreate
                0x00000000000119f0       0x30 C:\devkitPro/libnx/lib\libnx.a(parcel.o)
                0x00000000000119f0                parcelCreate
 .text.parcelTransact
                0x0000000000011a20      0x19c C:\devkitPro/libnx/lib\libnx.a(parcel.o)
                0x0000000000011a20                parcelTransact
 *fill*         0x0000000000011bbc        0x4 
 .text.parcelWriteData
                0x0000000000011bc0       0x88 C:\devkitPro/libnx/lib\libnx.a(parcel.o)
                0x0000000000011bc0                parcelWriteData
 *fill*         0x0000000000011c48        0x8 
 .text.parcelReadData
                0x0000000000011c50       0x98 C:\devkitPro/libnx/lib\libnx.a(parcel.o)
                0x0000000000011c50                parcelReadData
 *fill*         0x0000000000011ce8        0x8 
 .text.parcelWriteInt32
                0x0000000000011cf0       0x20 C:\devkitPro/libnx/lib\libnx.a(parcel.o)
                0x0000000000011cf0                parcelWriteInt32
 .text.parcelWriteUInt32
                0x0000000000011d10       0x20 C:\devkitPro/libnx/lib\libnx.a(parcel.o)
                0x0000000000011d10                parcelWriteUInt32
 .text.parcelWriteString16
                0x0000000000011d30       0x7c C:\devkitPro/libnx/lib\libnx.a(parcel.o)
                0x0000000000011d30                parcelWriteString16
 *fill*         0x0000000000011dac        0x4 
 .text.parcelWriteInterfaceToken
                0x0000000000011db0       0x30 C:\devkitPro/libnx/lib\libnx.a(parcel.o)
                0x0000000000011db0                parcelWriteInterfaceToken
 .text.parcelReadInt32
                0x0000000000011de0       0x24 C:\devkitPro/libnx/lib\libnx.a(parcel.o)
                0x0000000000011de0                parcelReadInt32
 *fill*         0x0000000000011e04        0xc 
 .text.parcelReadFlattenedObject
                0x0000000000011e10       0x68 C:\devkitPro/libnx/lib\libnx.a(parcel.o)
                0x0000000000011e10                parcelReadFlattenedObject
 *fill*         0x0000000000011e78        0x8 
 .text.parcelWriteFlattenedObject
                0x0000000000011e80       0x4c C:\devkitPro/libnx/lib\libnx.a(parcel.o)
                0x0000000000011e80                parcelWriteFlattenedObject
 *fill*         0x0000000000011ecc        0x4 
 .text.nxlinkSetup
                0x0000000000011ed0       0xc4 C:\devkitPro/libnx/lib\libnx.a(nxlink.o)
                0x0000000000011ed0                nxlinkSetup
 *fill*         0x0000000000011f94        0xc 
 .text.sessionmgrCreate
                0x0000000000011fa0      0x178 C:\devkitPro/libnx/lib\libnx.a(sessionmgr.o)
                0x0000000000011fa0                sessionmgrCreate
 *fill*         0x0000000000012118        0x8 
 .text.sessionmgrClose
                0x0000000000012120       0x84 C:\devkitPro/libnx/lib\libnx.a(sessionmgr.o)
                0x0000000000012120                sessionmgrClose
 *fill*         0x00000000000121a4        0xc 
 .text.sessionmgrAttachClient
                0x00000000000121b0       0xb4 C:\devkitPro/libnx/lib\libnx.a(sessionmgr.o)
                0x00000000000121b0                sessionmgrAttachClient
 *fill*         0x0000000000012264        0xc 
 .text.sessionmgrDetachClient
                0x0000000000012270       0x70 C:\devkitPro/libnx/lib\libnx.a(sessionmgr.o)
                0x0000000000012270                sessionmgrDetachClient
 .text._Znwm    0x00000000000122e0       0x68 C:/devkitPro/devkitA64/bin/../lib/gcc/aarch64-none-elf/13.2.0/../../../../aarch64-none-elf/lib/pic\libstdc++.a(new_op.o)
                0x00000000000122e0                operator new(unsigned long)
 *fill*         0x0000000000012348        0x8 
 .text._ZNKSt9bad_alloc4whatEv
                0x0000000000012350        0xc C:/devkitPro/devkitA64/bin/../lib/gcc/aarch64-none-elf/13.2.0/../../../../aarch64-none-elf/lib/pic\libstdc++.a(bad_alloc.o)
                0x0000000000012350                std::bad_alloc::what() const
 *fill*         0x000000000001235c        0x4 
 .text._ZNSt9bad_allocD2Ev
                0x0000000000012360       0x14 C:/devkitPro/devkitA64/bin/../lib/gcc/aarch64-none-elf/13.2.0/../../../../aarch64-none-elf/lib/pic\libstdc++.a(bad_alloc.o)
                0x0000000000012360                std::bad_alloc::~bad_alloc()
                0x0000000000012360                std::bad_alloc::~bad_alloc()
 *fill*         0x0000000000012374        0xc 
 .text._ZNSt9bad_allocD0Ev
                0x0000000000012380       0x28 C:/devkitPro/devkitA64/bin/../lib/gcc/aarch64-none-elf/13.2.0/../../../../aarch64-none-elf/lib/pic\libstdc++.a(bad_alloc.o)
                0x0000000000012380                std::bad_alloc::~bad_alloc()
 *fill*         0x00000000000123a8        0x8 
 .text._ZdlPvm  0x00000000000123b0        0x4 C:/devkitPro/devkitA64/bin/../lib/gcc/aarch64-none-elf/13.2.0/../../../../aarch64-none-elf/lib/pic\libstdc++.a(del_ops.o)
                0x00000000000123b0                operator delete(void*, unsigned long)
 *fill*         0x00000000000123b4        0xc 
 .text._ZNK9__gnu_cxx24__concurrence_lock_error4whatEv
                0x00000000000123c0        0xc C:/devkitPro/devkitA64/bin/../lib/gcc/aarch64-none-elf/13.2.0/../../../../aarch64-none-elf/lib/pic\libstdc++.a(eh_alloc.o)
                0x00000000000123c0                __gnu_cxx::__concurrence_lock_error::what() const
 *fill*         0x00000000000123cc        0x4 
 .text._ZNK9__gnu_cxx26__concurrence_unlock_error4whatEv
                0x00000000000123d0        0xc C:/devkitPro/devkitA64/bin/../lib/gcc/aarch64-none-elf/13.2.0/../../../../aarch64-none-elf/lib/pic\libstdc++.a(eh_alloc.o)
                0x00000000000123d0                __gnu_cxx::__concurrence_unlock_error::what() const
 *fill*         0x00000000000123dc        0x4 
 .text._ZN9__gnu_cxx24__concurrence_lock_errorD2Ev
                0x00000000000123e0       0x14 C:/devkitPro/devkitA64/bin/../lib/gcc/aarch64-none-elf/13.2.0/../../../../aarch64-none-elf/lib/pic\libstdc++.a(eh_alloc.o)
                0x00000000000123e0                __gnu_cxx::__concurrence_lock_error::~__concurrence_lock_error()
                0x00000000000123e0                __gnu_cxx::__concurrence_lock_error::~__concurrence_lock_error()
 *fill*         0x00000000000123f4        0xc 
 .text._ZN9__gnu_cxx24__concurrence_lock_errorD0Ev
                0x0000000000012400       0x38 C:/devkitPro/devkitA64/bin/../lib/gcc/aarch64-none-elf/13.2.0/../../../../aarch64-none-elf/lib/pic\libstdc++.a(eh_alloc.o)
                0x0000000000012400                __gnu_cxx::__concurrence_lock_error::~__concurrence_lock_error()
 *fill*         0x0000000000012438        0x8 
 .text._ZN9__gnu_cxx26__concurrence_unlock_errorD2Ev
                0x0000000000012440       0x14 C:/devkitPro/devkitA64/bin/../lib/gcc/aarch64-none-elf/13.2.0/../../../../aarch64-none-elf/lib/pic\libstdc++.a(eh_alloc.o)
                0x0000000000012440                __gnu_cxx::__concurrence_unlock_error::~__concurrence_unlock_error()
                0x0000000000012440                __gnu_cxx::__concurrence_unlock_error::~__concurrence_unlock_error()
 *fill*         0x0000000000012454        0xc 
 .text._ZN9__gnu_cxx26__concurrence_unlock_errorD0Ev
                0x0000000000012460       0x38 C:/devkitPro/devkitA64/bin/../lib/gcc/aarch64-none-elf/13.2.0/../../../../aarch64-none-elf/lib/pic\libstdc++.a(eh_alloc.o)
                0x0000000000012460                __gnu_cxx::__concurrence_unlock_error::~__concurrence_unlock_error()
 *fill*         0x0000000000012498        0x8 
 .text._ZN12_GLOBAL__N_14pool4freeEPv.constprop.0
                0x00000000000124a0      0x118 C:/devkitPro/devkitA64/bin/../lib/gcc/aarch64-none-elf/13.2.0/../../../../aarch64-none-elf/lib/pic\libstdc++.a(eh_alloc.o)
 *fill*         0x00000000000125b8        0x8 
 .text._ZN12_GLOBAL__N_14pool8allocateEm.constprop.0
                0x00000000000125c0       0xc8 C:/devkitPro/devkitA64/bin/../lib/gcc/aarch64-none-elf/13.2.0/../../../../aarch64-none-elf/lib/pic\libstdc++.a(eh_alloc.o)
 *fill*         0x0000000000012688        0x8 
 .text.__cxa_allocate_exception
                0x0000000000012690       0x58 C:/devkitPro/devkitA64/bin/../lib/gcc/aarch64-none-elf/13.2.0/../../../../aarch64-none-elf/lib/pic\libstdc++.a(eh_alloc.o)
                0x0000000000012690                __cxa_allocate_exception
 *fill*         0x00000000000126e8        0x8 
 .text.__cxa_free_exception
                0x00000000000126f0       0x2c C:/devkitPro/devkitA64/bin/../lib/gcc/aarch64-none-elf/13.2.0/../../../../aarch64-none-elf/lib/pic\libstdc++.a(eh_alloc.o)
                0x00000000000126f0                __cxa_free_exception
 *fill*         0x000000000001271c        0x4 
 .text._ZNSt9exceptionD2Ev
                0x0000000000012720        0x4 C:/devkitPro/devkitA64/bin/../lib/gcc/aarch64-none-elf/13.2.0/../../../../aarch64-none-elf/lib/pic\libstdc++.a(eh_exception.o)
                0x0000000000012720                std::exception::~exception()
                0x0000000000012720                std::exception::~exception()
 *fill*         0x0000000000012724        0xc 
 .text._ZL16get_adjusted_ptrPKSt9type_infoS1_PPv
                0x0000000000012730       0x7c C:/devkitPro/devkitA64/bin/../lib/gcc/aarch64-none-elf/13.2.0/../../../../aarch64-none-elf/lib/pic\libstdc++.a(eh_personality.o)
 *fill*         0x00000000000127ac        0x4 
 .text._ZL28read_encoded_value_with_basehmPKhPm
                0x00000000000127b0      0x140 C:/devkitPro/devkitA64/bin/../lib/gcc/aarch64-none-elf/13.2.0/../../../../aarch64-none-elf/lib/pic\libstdc++.a(eh_personality.o)
 .text._ZL21base_of_encoded_valuehP15_Unwind_Context
                0x00000000000128f0       0x5c C:/devkitPro/devkitA64/bin/../lib/gcc/aarch64-none-elf/13.2.0/../../../../aarch64-none-elf/lib/pic\libstdc++.a(eh_personality.o)
 *fill*         0x000000000001294c        0x4 
 .text._ZL20check_exception_specP16lsda_header_infoPKSt9type_infoPvl
                0x0000000000012950      0x108 C:/devkitPro/devkitA64/bin/../lib/gcc/aarch64-none-elf/13.2.0/../../../../aarch64-none-elf/lib/pic\libstdc++.a(eh_personality.o)
 *fill*         0x0000000000012a58        0x8 
 .text._ZL17parse_lsda_headerP15_Unwind_ContextPKhP16lsda_header_info
                0x0000000000012a60       0xe8 C:/devkitPro/devkitA64/bin/../lib/gcc/aarch64-none-elf/13.2.0/../../../../aarch64-none-elf/lib/pic\libstdc++.a(eh_personality.o)
 *fill*         0x0000000000012b48        0x8 
 .text.__gxx_personality_v0
                0x0000000000012b50      0x59c C:/devkitPro/devkitA64/bin/../lib/gcc/aarch64-none-elf/13.2.0/../../../../aarch64-none-elf/lib/pic\libstdc++.a(eh_personality.o)
                0x0000000000012b50                __gxx_personality_v0
 *fill*         0x00000000000130ec        0x4 
 .text._ZN10__cxxabiv111__terminateEPFvvE
                0x00000000000130f0       0x18 C:/devkitPro/devkitA64/bin/../lib/gcc/aarch64-none-elf/13.2.0/../../../../aarch64-none-elf/lib/pic\libstdc++.a(eh_terminate.o)
                0x00000000000130f0                __cxxabiv1::__terminate(void (*)())
 *fill*         0x0000000000013108        0x8 
 .text._ZSt13get_terminatev
                0x0000000000013110       0x10 C:/devkitPro/devkitA64/bin/../lib/gcc/aarch64-none-elf/13.2.0/../../../../aarch64-none-elf/lib/pic\libstdc++.a(eh_terminate.o)
                0x0000000000013110                std::get_terminate()
 .text._ZSt9terminatev
                0x0000000000013120       0x10 C:/devkitPro/devkitA64/bin/../lib/gcc/aarch64-none-elf/13.2.0/../../../../aarch64-none-elf/lib/pic\libstdc++.a(eh_terminate.o)
                0x0000000000013120                std::terminate()
 .text._ZN10__cxxabiv112__unexpectedEPFvvE
                0x0000000000013130       0x10 C:/devkitPro/devkitA64/bin/../lib/gcc/aarch64-none-elf/13.2.0/../../../../aarch64-none-elf/lib/pic\libstdc++.a(eh_terminate.o)
                0x0000000000013130                __cxxabiv1::__unexpected(void (*)())
 .text._ZSt14get_unexpectedv
                0x0000000000013140       0x10 C:/devkitPro/devkitA64/bin/../lib/gcc/aarch64-none-elf/13.2.0/../../../../aarch64-none-elf/lib/pic\libstdc++.a(eh_terminate.o)
                0x0000000000013140                std::get_unexpected()
 .text._ZSt10unexpectedv
                0x0000000000013150       0x10 C:/devkitPro/devkitA64/bin/../lib/gcc/aarch64-none-elf/13.2.0/../../../../aarch64-none-elf/lib/pic\libstdc++.a(eh_terminate.o)
                0x0000000000013150                std::unexpected()
 .text._ZL23__gxx_exception_cleanup19_Unwind_Reason_CodeP17_Unwind_Exception
                0x0000000000013160       0x64 C:/devkitPro/devkitA64/bin/../lib/gcc/aarch64-none-elf/13.2.0/../../../../aarch64-none-elf/lib/pic\libstdc++.a(eh_throw.o)
 *fill*         0x00000000000131c4        0xc 
 .text.__cxa_init_primary_exception
                0x00000000000131d0       0x58 C:/devkitPro/devkitA64/bin/../lib/gcc/aarch64-none-elf/13.2.0/../../../../aarch64-none-elf/lib/pic\libstdc++.a(eh_throw.o)
                0x00000000000131d0                __cxa_init_primary_exception
 *fill*         0x0000000000013228        0x8 
 .text.__cxa_throw
                0x0000000000013230       0x60 C:/devkitPro/devkitA64/bin/../lib/gcc/aarch64-none-elf/13.2.0/../../../../aarch64-none-elf/lib/pic\libstdc++.a(eh_throw.o)
                0x0000000000013230                __cxa_throw
 .text._ZSt15get_new_handlerv
                0x0000000000013290       0x10 C:/devkitPro/devkitA64/bin/../lib/gcc/aarch64-none-elf/13.2.0/../../../../aarch64-none-elf/lib/pic\libstdc++.a(new_handler.o)
                0x0000000000013290                std::get_new_handler()
 .text._ZN10__cxxabiv120__si_class_type_infoD2Ev
                0x00000000000132a0       0x14 C:/devkitPro/devkitA64/bin/../lib/gcc/aarch64-none-elf/13.2.0/../../../../aarch64-none-elf/lib/pic\libstdc++.a(si_class_type_info.o)
                0x00000000000132a0                __cxxabiv1::__si_class_type_info::~__si_class_type_info()
                0x00000000000132a0                __cxxabiv1::__si_class_type_info::~__si_class_type_info()
 *fill*         0x00000000000132b4        0xc 
 .text._ZN10__cxxabiv120__si_class_type_infoD0Ev
                0x00000000000132c0       0x28 C:/devkitPro/devkitA64/bin/../lib/gcc/aarch64-none-elf/13.2.0/../../../../aarch64-none-elf/lib/pic\libstdc++.a(si_class_type_info.o)
                0x00000000000132c0                __cxxabiv1::__si_class_type_info::~__si_class_type_info()
 *fill*         0x00000000000132e8        0x8 
 .text._ZNK10__cxxabiv120__si_class_type_info12__do_dyncastElNS_17__class_type_info10__sub_kindEPKS1_PKvS4_S6_RNS1_16__dyncast_resultE
                0x00000000000132f0      0x15c C:/devkitPro/devkitA64/bin/../lib/gcc/aarch64-none-elf/13.2.0/../../../../aarch64-none-elf/lib/pic\libstdc++.a(si_class_type_info.o)
                0x00000000000132f0                __cxxabiv1::__si_class_type_info::__do_dyncast(long, __cxxabiv1::__class_type_info::__sub_kind, __cxxabiv1::__class_type_info const*, void const*, __cxxabiv1::__class_type_info const*, void const*, __cxxabiv1::__class_type_info::__dyncast_result&) const
 *fill*         0x000000000001344c        0x4 
 .text._ZNK10__cxxabiv120__si_class_type_info20__do_find_public_srcElPKvPKNS_17__class_type_infoES2_
                0x0000000000013450       0x8c C:/devkitPro/devkitA64/bin/../lib/gcc/aarch64-none-elf/13.2.0/../../../../aarch64-none-elf/lib/pic\libstdc++.a(si_class_type_info.o)
                0x0000000000013450                __cxxabiv1::__si_class_type_info::__do_find_public_src(long, void const*, __cxxabiv1::__class_type_info const*, void const*) const
 *fill*         0x00000000000134dc        0x4 
 .text._ZNK10__cxxabiv120__si_class_type_info11__do_upcastEPKNS_17__class_type_infoEPKvRNS1_15__upcast_resultE
                0x00000000000134e0       0x64 C:/devkitPro/devkitA64/bin/../lib/gcc/aarch64-none-elf/13.2.0/../../../../aarch64-none-elf/lib/pic\libstdc++.a(si_class_type_info.o)
                0x00000000000134e0                __cxxabiv1::__si_class_type_info::__do_upcast(__cxxabiv1::__class_type_info const*, void const*, __cxxabiv1::__class_type_info::__upcast_result&) const
 *fill*         0x0000000000013544        0xc 
 .text._ZNSt9type_infoD2Ev
                0x0000000000013550        0x4 C:/devkitPro/devkitA64/bin/../lib/gcc/aarch64-none-elf/13.2.0/../../../../aarch64-none-elf/lib/pic\libstdc++.a(tinfo.o)
                0x0000000000013550                std::type_info::~type_info()
                0x0000000000013550                std::type_info::~type_info()
 *fill*         0x0000000000013554        0xc 
 .text._ZNKSt9type_info14__is_pointer_pEv
                0x0000000000013560        0x8 C:/devkitPro/devkitA64/bin/../lib/gcc/aarch64-none-elf/13.2.0/../../../../aarch64-none-elf/lib/pic\libstdc++.a(tinfo.o)
                0x0000000000013560                std::type_info::__is_pointer_p() const
                0x0000000000013560                std::type_info::__is_function_p() const
 *fill*         0x0000000000013568        0x8 
 .text._ZNK10__cxxabiv117__class_type_info11__do_upcastEPKS0_PPv
                0x0000000000013570       0x6c C:/devkitPro/devkitA64/bin/../lib/gcc/aarch64-none-elf/13.2.0/../../../../aarch64-none-elf/lib/pic\libstdc++.a(class_type_info.o)
                0x0000000000013570                __cxxabiv1::__class_type_info::__do_upcast(__cxxabiv1::__class_type_info const*, void**) const
 *fill*         0x00000000000135dc        0x4 
 .text._ZNK10__cxxabiv117__class_type_info20__do_find_public_srcElPKvPKS0_S2_
                0x00000000000135e0       0x10 C:/devkitPro/devkitA64/bin/../lib/gcc/aarch64-none-elf/13.2.0/../../../../aarch64-none-elf/lib/pic\libstdc++.a(class_type_info.o)
                0x00000000000135e0                __cxxabiv1::__class_type_info::__do_find_public_src(long, void const*, __cxxabiv1::__class_type_info const*, void const*) const
 .text._ZN10__cxxabiv117__class_type_infoD2Ev
                0x00000000000135f0       0x14 C:/devkitPro/devkitA64/bin/../lib/gcc/aarch64-none-elf/13.2.0/../../../../aarch64-none-elf/lib/pic\libstdc++.a(class_type_info.o)
                0x00000000000135f0                __cxxabiv1::__class_type_info::~__class_type_info()
                0x00000000000135f0                __cxxabiv1::__class_type_info::~__class_type_info()
 *fill*         0x0000000000013604        0xc 
 .text._ZN10__cxxabiv117__class_type_infoD0Ev
                0x0000000000013610       0x28 C:/devkitPro/devkitA64/bin/../lib/gcc/aarch64-none-elf/13.2.0/../../../../aarch64-none-elf/lib/pic\libstdc++.a(class_type_info.o)
                0x0000000000013610                __cxxabiv1::__class_type_info::~__class_type_info()
 *fill*         0x0000000000013638        0x8 
 .text._ZNK10__cxxabiv117__class_type_info11__do_upcastEPKS0_PKvRNS0_15__upcast_resultE
                0x0000000000013640       0x78 C:/devkitPro/devkitA64/bin/../lib/gcc/aarch64-none-elf/13.2.0/../../../../aarch64-none-elf/lib/pic\libstdc++.a(class_type_info.o)
                0x0000000000013640                __cxxabiv1::__class_type_info::__do_upcast(__cxxabiv1::__class_type_info const*, void const*, __cxxabiv1::__class_type_info::__upcast_result&) const
 *fill*         0x00000000000136b8        0x8 
 .text._ZNK10__cxxabiv117__class_type_info10__do_catchEPKSt9type_infoPPvj
                0x00000000000136c0       0xb8 C:/devkitPro/devkitA64/bin/../lib/gcc/aarch64-none-elf/13.2.0/../../../../aarch64-none-elf/lib/pic\libstdc++.a(class_type_info.o)
                0x00000000000136c0                __cxxabiv1::__class_type_info::__do_catch(std::type_info const*, void**, unsigned int) const
 *fill*         0x0000000000013778        0x8 
 .text._ZNK10__cxxabiv117__class_type_info12__do_dyncastElNS0_10__sub_kindEPKS0_PKvS3_S5_RNS0_16__dyncast_resultE
                0x0000000000013780       0xf4 C:/devkitPro/devkitA64/bin/../lib/gcc/aarch64-none-elf/13.2.0/../../../../aarch64-none-elf/lib/pic\libstdc++.a(class_type_info.o)
                0x0000000000013780                __cxxabiv1::__class_type_info::__do_dyncast(long, __cxxabiv1::__class_type_info::__sub_kind, __cxxabiv1::__class_type_info const*, void const*, __cxxabiv1::__class_type_info const*, void const*, __cxxabiv1::__class_type_info::__dyncast_result&) const
 *fill*         0x0000000000013874        0xc 
 .text._ZdlPv   0x0000000000013880        0x4 C:/devkitPro/devkitA64/bin/../lib/gcc/aarch64-none-elf/13.2.0/../../../../aarch64-none-elf/lib/pic\libstdc++.a(del_op.o)
                0x0000000000013880                operator delete(void*)
 *fill*         0x0000000000013884        0xc 
 .text.__cxa_call_terminate
                0x0000000000013890       0x44 C:/devkitPro/devkitA64/bin/../lib/gcc/aarch64-none-elf/13.2.0/../../../../aarch64-none-elf/lib/pic\libstdc++.a(eh_call.o)
                0x0000000000013890                __cxa_call_terminate
 *fill*         0x00000000000138d4        0xc 
 .text.__cxa_begin_catch
                0x00000000000138e0       0x9c C:/devkitPro/devkitA64/bin/../lib/gcc/aarch64-none-elf/13.2.0/../../../../aarch64-none-elf/lib/pic\libstdc++.a(eh_catch.o)
                0x00000000000138e0                __cxa_begin_catch
 *fill*         0x000000000001397c        0x4 
 .text._ZL15eh_globals_dtorPv
                0x0000000000013980       0x44 C:/devkitPro/devkitA64/bin/../lib/gcc/aarch64-none-elf/13.2.0/../../../../aarch64-none-elf/lib/pic\libstdc++.a(eh_globals.o)
 *fill*         0x00000000000139c4        0xc 
 .text.__cxa_get_globals
                0x00000000000139d0       0x78 C:/devkitPro/devkitA64/bin/../lib/gcc/aarch64-none-elf/13.2.0/../../../../aarch64-none-elf/lib/pic\libstdc++.a(eh_globals.o)
                0x00000000000139d0                __cxa_get_globals
 *fill*         0x0000000000013a48        0x8 
 .text.init_dwarf_reg_size_table
                0x0000000000013a50      0x2ac C:/devkitPro/devkitA64/bin/../lib/gcc/aarch64-none-elf/13.2.0/pic\libgcc.a(unwind-dw2.o)
 *fill*         0x0000000000013cfc        0x4 
 .text.uw_install_context_1
                0x0000000000013d00      0x160 C:/devkitPro/devkitA64/bin/../lib/gcc/aarch64-none-elf/13.2.0/pic\libgcc.a(unwind-dw2.o)
 .text.read_encoded_value
                0x0000000000013e60      0x190 C:/devkitPro/devkitA64/bin/../lib/gcc/aarch64-none-elf/13.2.0/pic\libgcc.a(unwind-dw2.o)
 .text.execute_stack_op
                0x0000000000013ff0      0x7a0 C:/devkitPro/devkitA64/bin/../lib/gcc/aarch64-none-elf/13.2.0/pic\libgcc.a(unwind-dw2.o)
 .text.uw_update_context_1
                0x0000000000014790      0x30c C:/devkitPro/devkitA64/bin/../lib/gcc/aarch64-none-elf/13.2.0/pic\libgcc.a(unwind-dw2.o)
 *fill*         0x0000000000014a9c        0x4 
 .text.uw_update_context
                0x0000000000014aa0      0x148 C:/devkitPro/devkitA64/bin/../lib/gcc/aarch64-none-elf/13.2.0/pic\libgcc.a(unwind-dw2.o)
 *fill*         0x0000000000014be8        0x8 
 .text.execute_cfa_program_specialized
                0x0000000000014bf0      0x78c C:/devkitPro/devkitA64/bin/../lib/gcc/aarch64-none-elf/13.2.0/pic\libgcc.a(unwind-dw2.o)
 *fill*         0x000000000001537c        0x4 
 .text.execute_cfa_program_generic
                0x0000000000015380      0x7c4 C:/devkitPro/devkitA64/bin/../lib/gcc/aarch64-none-elf/13.2.0/pic\libgcc.a(unwind-dw2.o)
 *fill*         0x0000000000015b44        0xc 
 .text.uw_frame_state_for
                0x0000000000015b50      0x458 C:/devkitPro/devkitA64/bin/../lib/gcc/aarch64-none-elf/13.2.0/pic\libgcc.a(unwind-dw2.o)
 *fill*         0x0000000000015fa8        0x8 
 .text.uw_init_context_1
                0x0000000000015fb0      0x370 C:/devkitPro/devkitA64/bin/../lib/gcc/aarch64-none-elf/13.2.0/pic\libgcc.a(unwind-dw2.o)
 .text._Unwind_RaiseException_Phase2
                0x0000000000016320      0x10c C:/devkitPro/devkitA64/bin/../lib/gcc/aarch64-none-elf/13.2.0/pic\libgcc.a(unwind-dw2.o)
 *fill*         0x000000000001642c        0x4 
 .text._Unwind_SetGR
                0x0000000000016430       0x54 C:/devkitPro/devkitA64/bin/../lib/gcc/aarch64-none-elf/13.2.0/pic\libgcc.a(unwind-dw2.o)
                0x0000000000016430                _Unwind_SetGR
 *fill*         0x0000000000016484        0xc 
 .text._Unwind_GetIPInfo
                0x0000000000016490       0x14 C:/devkitPro/devkitA64/bin/../lib/gcc/aarch64-none-elf/13.2.0/pic\libgcc.a(unwind-dw2.o)
                0x0000000000016490                _Unwind_GetIPInfo
 *fill*         0x00000000000164a4        0xc 
 .text._Unwind_SetIP
                0x00000000000164b0        0x8 C:/devkitPro/devkitA64/bin/../lib/gcc/aarch64-none-elf/13.2.0/pic\libgcc.a(unwind-dw2.o)
                0x00000000000164b0                _Unwind_SetIP
 *fill*         0x00000000000164b8        0x8 
 .text._Unwind_GetLanguageSpecificData
                0x00000000000164c0        0x8 C:/devkitPro/devkitA64/bin/../lib/gcc/aarch64-none-elf/13.2.0/pic\libgcc.a(unwind-dw2.o)
                0x00000000000164c0                _Unwind_GetLanguageSpecificData
 *fill*         0x00000000000164c8        0x8 
 .text._Unwind_GetRegionStart
                0x00000000000164d0        0x8 C:/devkitPro/devkitA64/bin/../lib/gcc/aarch64-none-elf/13.2.0/pic\libgcc.a(unwind-dw2.o)
                0x00000000000164d0                _Unwind_GetRegionStart
 *fill*         0x00000000000164d8        0x8 
 .text._Unwind_GetDataRelBase
                0x00000000000164e0        0x8 C:/devkitPro/devkitA64/bin/../lib/gcc/aarch64-none-elf/13.2.0/pic\libgcc.a(unwind-dw2.o)
                0x00000000000164e0                _Unwind_GetDataRelBase
 *fill*         0x00000000000164e8        0x8 
 .text._Unwind_GetTextRelBase
                0x00000000000164f0        0x8 C:/devkitPro/devkitA64/bin/../lib/gcc/aarch64-none-elf/13.2.0/pic\libgcc.a(unwind-dw2.o)
                0x00000000000164f0                _Unwind_GetTextRelBase
 *fill*         0x00000000000164f8        0x8 
 .text._Unwind_DebugHook
                0x0000000000016500        0x4 C:/devkitPro/devkitA64/bin/../lib/gcc/aarch64-none-elf/13.2.0/pic\libgcc.a(unwind-dw2.o)